###############################################################################
#
# IAR ELF Linker V8.32.1.169/W32 for ARM                  03/Nov/2019  10:15:19
# Copyright 2007-2018 IAR Systems AB.
#
#    Output file  =  
#        D:\Users\zohycao\Documents\BUPT\RobotTeam\Project\DisplayLCD\EWARM\DisplayLCD\Exe\DisplayLCD.out
#    Map file     =  
#        D:\Users\zohycao\Documents\BUPT\RobotTeam\Project\DisplayLCD\EWARM\DisplayLCD\List\DisplayLCD.map
#    Command line =  
#        -f C:\Users\zohyc\AppData\Local\Temp\EW81D6.tmp
#        (D:\Users\zohycao\Documents\BUPT\RobotTeam\Project\DisplayLCD\EWARM\DisplayLCD\Obj\can.o
#        D:\Users\zohycao\Documents\BUPT\RobotTeam\Project\DisplayLCD\EWARM\DisplayLCD\Obj\crc.o
#        D:\Users\zohycao\Documents\BUPT\RobotTeam\Project\DisplayLCD\EWARM\DisplayLCD\Obj\fsmc.o
#        D:\Users\zohycao\Documents\BUPT\RobotTeam\Project\DisplayLCD\EWARM\DisplayLCD\Obj\gpio.o
#        D:\Users\zohycao\Documents\BUPT\RobotTeam\Project\DisplayLCD\EWARM\DisplayLCD\Obj\GUI_X.o
#        D:\Users\zohycao\Documents\BUPT\RobotTeam\Project\DisplayLCD\EWARM\DisplayLCD\Obj\GUIConf.o
#        D:\Users\zohycao\Documents\BUPT\RobotTeam\Project\DisplayLCD\EWARM\DisplayLCD\Obj\GUIDRV_Template.o
#        D:\Users\zohycao\Documents\BUPT\RobotTeam\Project\DisplayLCD\EWARM\DisplayLCD\Obj\ILI93xx.o
#        D:\Users\zohycao\Documents\BUPT\RobotTeam\Project\DisplayLCD\EWARM\DisplayLCD\Obj\LCDConf_FlexColor_Template.o
#        D:\Users\zohycao\Documents\BUPT\RobotTeam\Project\DisplayLCD\EWARM\DisplayLCD\Obj\main.o
#        D:\Users\zohycao\Documents\BUPT\RobotTeam\Project\DisplayLCD\EWARM\DisplayLCD\Obj\robocon_image.o
#        D:\Users\zohycao\Documents\BUPT\RobotTeam\Project\DisplayLCD\EWARM\DisplayLCD\Obj\startup_stm32f407xx.o
#        D:\Users\zohycao\Documents\BUPT\RobotTeam\Project\DisplayLCD\GUI\Lib\STemWin522_CM4_IAR.a
#        D:\Users\zohycao\Documents\BUPT\RobotTeam\Project\DisplayLCD\EWARM\DisplayLCD\Obj\stm32f4xx_hal.o
#        D:\Users\zohycao\Documents\BUPT\RobotTeam\Project\DisplayLCD\EWARM\DisplayLCD\Obj\stm32f4xx_hal_can.o
#        D:\Users\zohycao\Documents\BUPT\RobotTeam\Project\DisplayLCD\EWARM\DisplayLCD\Obj\stm32f4xx_hal_cortex.o
#        D:\Users\zohycao\Documents\BUPT\RobotTeam\Project\DisplayLCD\EWARM\DisplayLCD\Obj\stm32f4xx_hal_crc.o
#        D:\Users\zohycao\Documents\BUPT\RobotTeam\Project\DisplayLCD\EWARM\DisplayLCD\Obj\stm32f4xx_hal_dma.o
#        D:\Users\zohycao\Documents\BUPT\RobotTeam\Project\DisplayLCD\EWARM\DisplayLCD\Obj\stm32f4xx_hal_dma_ex.o
#        D:\Users\zohycao\Documents\BUPT\RobotTeam\Project\DisplayLCD\EWARM\DisplayLCD\Obj\stm32f4xx_hal_exti.o
#        D:\Users\zohycao\Documents\BUPT\RobotTeam\Project\DisplayLCD\EWARM\DisplayLCD\Obj\stm32f4xx_hal_flash.o
#        D:\Users\zohycao\Documents\BUPT\RobotTeam\Project\DisplayLCD\EWARM\DisplayLCD\Obj\stm32f4xx_hal_flash_ex.o
#        D:\Users\zohycao\Documents\BUPT\RobotTeam\Project\DisplayLCD\EWARM\DisplayLCD\Obj\stm32f4xx_hal_flash_ramfunc.o
#        D:\Users\zohycao\Documents\BUPT\RobotTeam\Project\DisplayLCD\EWARM\DisplayLCD\Obj\stm32f4xx_hal_gpio.o
#        D:\Users\zohycao\Documents\BUPT\RobotTeam\Project\DisplayLCD\EWARM\DisplayLCD\Obj\stm32f4xx_hal_msp.o
#        D:\Users\zohycao\Documents\BUPT\RobotTeam\Project\DisplayLCD\EWARM\DisplayLCD\Obj\stm32f4xx_hal_pwr.o
#        D:\Users\zohycao\Documents\BUPT\RobotTeam\Project\DisplayLCD\EWARM\DisplayLCD\Obj\stm32f4xx_hal_pwr_ex.o
#        D:\Users\zohycao\Documents\BUPT\RobotTeam\Project\DisplayLCD\EWARM\DisplayLCD\Obj\stm32f4xx_hal_rcc.o
#        D:\Users\zohycao\Documents\BUPT\RobotTeam\Project\DisplayLCD\EWARM\DisplayLCD\Obj\stm32f4xx_hal_rcc_ex.o
#        D:\Users\zohycao\Documents\BUPT\RobotTeam\Project\DisplayLCD\EWARM\DisplayLCD\Obj\stm32f4xx_hal_sram.o
#        D:\Users\zohycao\Documents\BUPT\RobotTeam\Project\DisplayLCD\EWARM\DisplayLCD\Obj\stm32f4xx_hal_tim.o
#        D:\Users\zohycao\Documents\BUPT\RobotTeam\Project\DisplayLCD\EWARM\DisplayLCD\Obj\stm32f4xx_hal_tim_ex.o
#        D:\Users\zohycao\Documents\BUPT\RobotTeam\Project\DisplayLCD\EWARM\DisplayLCD\Obj\stm32f4xx_hal_uart.o
#        D:\Users\zohycao\Documents\BUPT\RobotTeam\Project\DisplayLCD\EWARM\DisplayLCD\Obj\stm32f4xx_it.o
#        D:\Users\zohycao\Documents\BUPT\RobotTeam\Project\DisplayLCD\EWARM\DisplayLCD\Obj\stm32f4xx_ll_fsmc.o
#        D:\Users\zohycao\Documents\BUPT\RobotTeam\Project\DisplayLCD\EWARM\DisplayLCD\Obj\system_stm32f4xx.o
#        D:\Users\zohycao\Documents\BUPT\RobotTeam\Project\DisplayLCD\EWARM\DisplayLCD\Obj\usart.o
#        --redirect _Printf=_PrintfFull --redirect _Scanf=_ScanfFull
#        --no_out_extension -o
#        D:\Users\zohycao\Documents\BUPT\RobotTeam\Project\DisplayLCD\EWARM\DisplayLCD\Exe\DisplayLCD.out
#        --map
#        D:\Users\zohycao\Documents\BUPT\RobotTeam\Project\DisplayLCD\EWARM\DisplayLCD\List\DisplayLCD.map
#        --config
#        D:\Users\zohycao\Documents\BUPT\RobotTeam\Project\DisplayLCD\EWARM/stm32f407xx_flash.icf
#        --semihosting --entry __iar_program_start --vfe --utf8_text_in
#        --text_out utf8)
#
###############################################################################

*******************************************************************************
*** MESSAGES
***

Warning[Lt009]: Inconsistent wchar_t size
            GUI_Alloc.o(STemWin522_CM4_IAR.a) and 127 other objects in
                      STemWin522_CM4_IAR.a have wchar_t size 16 bits
            can.o and 47 other objects, some of them in dl7M_tlf.a and 11 other
                      libraries have wchar_t size 32 bits


*******************************************************************************
*** RUNTIME MODEL ATTRIBUTES
***

CppFlavor       = *
__SystemLibrary = DLib
__dlib_version  = 6


*******************************************************************************
*** HEAP SELECTION
***

The basic heap was selected because no calls to memory allocation
functions were found in the application outside of system library
functions, and there are calls to deallocation functions in the
application.


*******************************************************************************
*** PLACEMENT SUMMARY
***

"A0":  place at 0x800'0000 { ro section .intvec };
"P1":  place in [from 0x800'0000 to 0x80f'ffff] { ro };
define block CSTACK with size = 1536, alignment = 8 { };
define block HEAP with size = 1792, alignment = 8 { };
"P2":  place in [from 0x2000'0000 to 0x2001'ffff] {
          rw, block CSTACK, block HEAP };
initialize by copy { rw };

  Section            Kind         Address     Size  Object
  -------            ----         -------     ----  ------
"A0":                                        0x188
  .intvec            ro code   0x800'0000    0x188  startup_stm32f407xx.o [1]
                             - 0x800'0188    0x188

"P1":                                      0x2bc95
  .rodata            const     0x800'0188  0x25440  robocon_image.o [1]
  .rodata            const     0x802'55c8    0xc30  F8x16.o [2]
  .text              ro code   0x802'61f8    0xb14  WM.o [2]
  .text              ro code   0x802'6d0c     0x30  LCD_SetClipRectEx.o [2]
  .text              ro code   0x802'6d3c    0x668  GUI_Alloc.o [2]
  .text              ro code   0x802'73a4     0x40  GUI__IntersectRect.o [2]
  .text              ro code   0x802'73e4     0x58  GUI_MergeRect.o [2]
  .text              ro code   0x802'743c     0x10  GUI_WaitEvent.o [2]
  .text              ro code   0x802'744c     0x1c  GUI_MoveRect.o [2]
  .text              ro code   0x802'7468     0x44  GUIDEV.o [2]
  .text              ro code   0x802'74ac      0xe  WM_GetFirstChild.o [2]
  .text              ro code   0x802'74ba     0x62  GUI__IntersectRects.o [2]
  .text              ro code   0x802'751c     0x38  GUI_RectsIntersect.o [2]
  .text              ro code   0x802'7554     0x40  WM__SendMessage.o [2]
  .text              ro code   0x802'7594     0x24  GUI_ALLOC_AllocZero.o [2]
  .text              ro code   0x802'75b8     0x82  WM_BringToBottom.o [2]
  .text              ro code   0x802'763a     0x3a  zero_init3.o [5]
  .text              ro code   0x802'7674     0x24  GUI_SelectLayer.o [2]
  .text              ro code   0x802'7698    0x484  LCD.o [2]
  .text              ro code   0x802'7b1c     0x10  GUI_OnKey.o [2]
  .text              ro code   0x802'7b2c      0x8  GUI_SetColor.o [2]
  .text              ro code   0x802'7b34    0x1a4  GUI_Core.o [2]
  .text              ro code   0x802'7cd8     0x22  WM_GetClientRect.o [2]
  .text              ro code   0x802'7cfa     0x1c  WM_SendToParent.o [2]
  .text              ro code   0x802'7d18    0x12c  GUI_Device.o [2]
  .text              ro code   0x802'7e44     0x10  WM_CriticalHandle.o [2]
  .text              ro code   0x802'7e54     0x96  ABImemmove.o [5]
  .text              ro code   0x802'7eec      0x6  ABImemclr.o [5]
  .text              ro code   0x802'7ef2     0x54  GUI__memset.o [2]
  .text              ro code   0x802'7f48     0xa6  ABImemcpy.o [5]
  .text              ro code   0x802'7fee     0x12  GUI_SelectLCD.o [2]
  .text              ro code   0x802'8000     0x22  GUIDEV_Usage.o [2]
  .text              ro code   0x802'8022     0x22  WM__GetPrevSibling.o [2]
  .text              ro code   0x802'8044      0xe  WM_GetParent.o [2]
  .text              ro code   0x802'8054     0xf8  LCD_Color.o [2]
  .text              ro code   0x802'814c     0x10  GUI_Goto.o [2]
  .text              ro code   0x802'815c     0x24  GUIConf.o [1]
  .text              ro code   0x802'8180     0x4c  LCDConf_FlexColor_Template.o [1]
  .text              ro code   0x802'81cc      0x2  GUI_X.o [1]
  .text              ro code   0x802'81d0     0x18  WM_GetDesktopWindow.o [2]
  .text              ro code   0x802'81e8     0x30  GUI_SetOrg.o [2]
  .text              ro code   0x802'8218     0x5e  ABImemset.o [5]
  .text              ro code   0x802'8278     0x44  LCD_SelectLCD.o [2]
  .text              ro code   0x802'82bc     0x24  LCD_UpdateColorIndices.o [2]
  .text              ro code   0x802'82e0     0x10  WM__GetFirstSibling.o [2]
  .text              ro code   0x802'82f0     0x1a  LCD_GetNumDisplays.o [2]
  .text              ro code   0x802'830c     0x86  LCD_Set.o [2]
  .text              ro code   0x802'8394     0xee  LCD_GetEx.o [2]
  .text              ro code   0x802'8484    0x2f8  ILI93xx.o [1]
  .text              ro code   0x802'877c    0x1d8  stm32f4xx_hal_gpio.o [1]
  .text              ro code   0x802'8954     0x52  stm32f4xx_hal_sram.o [1]
  .text              ro code   0x802'89a8     0x28  stm32f4xx_hal.o [1]
  .text              ro code   0x802'89d0    0x13c  fsmc.o [1]
  .text              ro code   0x802'8b0c     0xd4  stm32f4xx_ll_fsmc.o [1]
  .text              ro code   0x802'8be0      0xc  stm32f4xx_hal.o [1]
  .text              ro code   0x802'8bec      0x6  ABImemclr4.o [5]
  .text              ro code   0x802'8bf4     0xfc  main.o [1]
  .text              ro code   0x802'8cf0     0x32  ABImemset48.o [5]
  .text              ro code   0x802'8d24     0x34  stm32f4xx_hal.o [1]
  .text              ro code   0x802'8d58     0xc0  gpio.o [1]
  .text              ro code   0x802'8e18     0xdc  can.o [1]
  .text              ro code   0x802'8ef4     0x4c  crc.o [1]
  .text              ro code   0x802'8f40     0xa8  usart.o [1]
  .text              ro code   0x802'8fe8     0xec  GUI_DrawBitmap.o [2]
  .text              ro code   0x802'90d4     0x10  GUI_DispStringAt.o [2]
  .text              ro code   0x802'90e4    0x2e0  stm32f4xx_hal_rcc.o [1]
  .text              ro code   0x802'93c4    0x19c  stm32f4xx_hal_rcc.o [1]
  .text              ro code   0x802'9560     0xc4  stm32f4xx_hal_cortex.o [1]
  .text              ro code   0x802'9624     0x40  stm32f4xx_hal.o [1]
  .text              ro code   0x802'9664     0x38  stm32f4xx_hal_msp.o [1]
  .text              ro code   0x802'969c    0x308  stm32f4xx_hal_can.o [1]
  .text              ro code   0x802'99a4     0x22  stm32f4xx_hal_crc.o [1]
  .text              ro code   0x802'99c8    0x1ee  stm32f4xx_hal_uart.o [1]
  .text              ro code   0x802'9bb6      0x4  GUI_SetDrawMode.o [2]
  .text              ro code   0x802'9bbc     0xfc  GUI_DispString.o [2]
  .text              ro code   0x802'9cb8    0x106  I64DivMod_small.o [5]
  .text              ro code   0x802'9dbe      0x2  stm32f4xx_hal_can.o [1]
  .text              ro code   0x802'9dc0      0x2  stm32f4xx_hal_can.o [1]
  .text              ro code   0x802'9dc2      0x2  stm32f4xx_hal_can.o [1]
  .text              ro code   0x802'9dc4      0x2  stm32f4xx_hal_can.o [1]
  .text              ro code   0x802'9dc6      0x2  stm32f4xx_hal_can.o [1]
  .text              ro code   0x802'9dc8      0x2  stm32f4xx_hal_can.o [1]
  .text              ro code   0x802'9dca      0x2  stm32f4xx_hal_can.o [1]
  .text              ro code   0x802'9dcc      0x2  stm32f4xx_hal_can.o [1]
  .text              ro code   0x802'9dce      0x2  stm32f4xx_hal_can.o [1]
  .text              ro code   0x802'9dd0      0x2  stm32f4xx_hal_can.o [1]
  .text              ro code   0x802'9dd2      0x2  stm32f4xx_hal_can.o [1]
  .text              ro code   0x802'9dd4      0x2  stm32f4xx_hal_can.o [1]
  .text              ro code   0x802'9dd6      0x2  stm32f4xx_hal_can.o [1]
  .text              ro code   0x802'9dd8     0x54  GUI_Char.o [2]
  .text              ro code   0x802'9e2c    0x1b4  GUI_CharLine.o [2]
  .text              ro code   0x802'9fe0     0x4c  GUI_UC.o [2]
  .text              ro code   0x802'a02c      0x2  I64DivZer.o [5]
  .text              ro code   0x802'a030     0xb0  GUI__ManageCache.o [2]
  .text              ro code   0x802'a0e0    0x72c  GUIDRV_Template.o [1]
  .rodata            const     0x802'a80c    0x718  F6x8.o [2]
  .text              ro code   0x802'af24    0x22c  LCD_NextPixelAPI.o [2]
  .text              ro code   0x802'b150    0x1bc  GUI__DrawBitmap16bpp.o [2]
  .text              ro code   0x802'b30c      0xe  GUI_GetColor.o [2]
  .text              ro code   0x802'b31c     0x10  LCD_GetColorIndex.o [2]
  .text              ro code   0x802'b32c    0x174  GUI_CharM.o [2]
  .rodata            const     0x802'b4a0    0x100  GUI__DivTbl_255_31.o [2]
  .rodata            const     0x802'b5a0    0x100  GUI__DivTbl_255_63.o [2]
  .rodata            const     0x802'b6a0    0x100  LCD_Mirror.o [2]
  .text              ro code   0x802'b7a0     0xc0  GUICC_M565.o [2]
  .text              ro code   0x802'b860     0xc0  GUICC_0.o [2]
  .text              ro code   0x802'b920     0x3e  GUI_CalcColorDist.o [2]
  .text              ro code   0x802'b960     0x60  system_stm32f4xx.o [1]
  .rodata            const     0x802'b9c0     0x40  GUI__DivTbl_63_255.o [2]
  .text              ro code   0x802'ba00     0x38  packbits_init_single.o [5]
  .rodata            const     0x802'ba38     0x34  GUIDRV_Template.o [1]
  .text              ro code   0x802'ba6c     0x2c  GUI_DrawBitmap_565.o [2]
  .text              ro code   0x802'ba98     0x2c  GUICC_M565_Index2Color.o [2]
  .text              ro code   0x802'bac4     0x2c  GUICC_565_Index2Color.o [2]
  .text              ro code   0x802'baf0     0x28  data_init.o [5]
  .text              ro code   0x802'bb18     0x26  stm32f4xx_it.o [1]
  .text              ro code   0x802'bb40     0x10  stm32f4xx_hal.o [1]
  .text              ro code   0x802'bb50     0x24  GUI_UC_EncodeNone.o [2]
  .text              ro code   0x802'bb74     0x22  fpinit_M.o [4]
  .iar.init_table    const     0x802'bb98     0x20  - Linker created -
  .rodata            const     0x802'bbb8     0x20  GUI__DivTbl_31_255.o [2]
  .text              ro code   0x802'bbd8     0x1e  cmain.o [5]
  .text              ro code   0x802'bbf6      0x4  low_level_init.o [3]
  .text              ro code   0x802'bbfa      0x4  exit.o [3]
  .text              ro code   0x802'bc00      0xa  cexit.o [5]
  .text              ro code   0x802'bc0c     0x14  exit.o [6]
  .rodata            const     0x802'bc20     0x18  GUICC_M565.o [2]
  .rodata            const     0x802'bc38     0x18  GUICC_0.o [2]
  .rodata            const     0x802'bc50     0x14  robocon_image.o [1]
  .text              ro code   0x802'bc64     0x10  startup_stm32f407xx.o [1]
  .rodata            const     0x802'bc74      0xc  GUI_DrawBitmap_565.o [2]
  .rodata            const     0x802'bc80      0xc  LCD.o [2]
  .text              ro code   0x802'bc8c      0xc  cstartup_M.o [5]
  .rodata            const     0x802'bc98      0x8  system_stm32f4xx.o [1]
  .text              ro code   0x802'bca0      0x4  startup_stm32f407xx.o [1]
  .text              ro code   0x802'bca4      0x4  startup_stm32f407xx.o [1]
  .text              ro code   0x802'bca8      0x4  startup_stm32f407xx.o [1]
  .text              ro code   0x802'bcac      0x4  startup_stm32f407xx.o [1]
  .text              ro code   0x802'bcb0      0x4  startup_stm32f407xx.o [1]
  .text              ro code   0x802'bcb4      0x4  startup_stm32f407xx.o [1]
  .text              ro code   0x802'bcb8      0x4  startup_stm32f407xx.o [1]
  .text              ro code   0x802'bcbc      0x4  startup_stm32f407xx.o [1]
  .text              ro code   0x802'bcc0      0x4  startup_stm32f407xx.o [1]
  .text              ro code   0x802'bcc4      0x4  startup_stm32f407xx.o [1]
  .text              ro code   0x802'bcc8      0x4  startup_stm32f407xx.o [1]
  .text              ro code   0x802'bccc      0x4  startup_stm32f407xx.o [1]
  .text              ro code   0x802'bcd0      0x4  startup_stm32f407xx.o [1]
  .text              ro code   0x802'bcd4      0x4  startup_stm32f407xx.o [1]
  .text              ro code   0x802'bcd8      0x4  startup_stm32f407xx.o [1]
  .text              ro code   0x802'bcdc      0x4  startup_stm32f407xx.o [1]
  .text              ro code   0x802'bce0      0x4  startup_stm32f407xx.o [1]
  .text              ro code   0x802'bce4      0x4  startup_stm32f407xx.o [1]
  .text              ro code   0x802'bce8      0x4  startup_stm32f407xx.o [1]
  .text              ro code   0x802'bcec      0x4  startup_stm32f407xx.o [1]
  .text              ro code   0x802'bcf0      0x4  startup_stm32f407xx.o [1]
  .text              ro code   0x802'bcf4      0x4  startup_stm32f407xx.o [1]
  .text              ro code   0x802'bcf8      0x4  startup_stm32f407xx.o [1]
  .text              ro code   0x802'bcfc      0x4  startup_stm32f407xx.o [1]
  .text              ro code   0x802'bd00      0x4  startup_stm32f407xx.o [1]
  .text              ro code   0x802'bd04      0x4  startup_stm32f407xx.o [1]
  .text              ro code   0x802'bd08      0x4  startup_stm32f407xx.o [1]
  .text              ro code   0x802'bd0c      0x4  startup_stm32f407xx.o [1]
  .text              ro code   0x802'bd10      0x4  startup_stm32f407xx.o [1]
  .text              ro code   0x802'bd14      0x4  startup_stm32f407xx.o [1]
  .text              ro code   0x802'bd18      0x4  startup_stm32f407xx.o [1]
  .text              ro code   0x802'bd1c      0x4  startup_stm32f407xx.o [1]
  .text              ro code   0x802'bd20      0x4  startup_stm32f407xx.o [1]
  .text              ro code   0x802'bd24      0x4  startup_stm32f407xx.o [1]
  .text              ro code   0x802'bd28      0x4  startup_stm32f407xx.o [1]
  .text              ro code   0x802'bd2c      0x4  startup_stm32f407xx.o [1]
  .text              ro code   0x802'bd30      0x4  startup_stm32f407xx.o [1]
  .text              ro code   0x802'bd34      0x4  startup_stm32f407xx.o [1]
  .text              ro code   0x802'bd38      0x4  startup_stm32f407xx.o [1]
  .text              ro code   0x802'bd3c      0x4  startup_stm32f407xx.o [1]
  .text              ro code   0x802'bd40      0x4  startup_stm32f407xx.o [1]
  .text              ro code   0x802'bd44      0x4  startup_stm32f407xx.o [1]
  .text              ro code   0x802'bd48      0x4  startup_stm32f407xx.o [1]
  .text              ro code   0x802'bd4c      0x4  startup_stm32f407xx.o [1]
  .text              ro code   0x802'bd50      0x4  startup_stm32f407xx.o [1]
  .text              ro code   0x802'bd54      0x4  startup_stm32f407xx.o [1]
  .text              ro code   0x802'bd58      0x4  startup_stm32f407xx.o [1]
  .text              ro code   0x802'bd5c      0x4  startup_stm32f407xx.o [1]
  .text              ro code   0x802'bd60      0x4  startup_stm32f407xx.o [1]
  .text              ro code   0x802'bd64      0x4  startup_stm32f407xx.o [1]
  .text              ro code   0x802'bd68      0x4  startup_stm32f407xx.o [1]
  .text              ro code   0x802'bd6c      0x4  startup_stm32f407xx.o [1]
  .text              ro code   0x802'bd70      0x4  startup_stm32f407xx.o [1]
  .text              ro code   0x802'bd74      0x4  startup_stm32f407xx.o [1]
  .text              ro code   0x802'bd78      0x4  startup_stm32f407xx.o [1]
  .text              ro code   0x802'bd7c      0x4  startup_stm32f407xx.o [1]
  .text              ro code   0x802'bd80      0x4  startup_stm32f407xx.o [1]
  .text              ro code   0x802'bd84      0x4  startup_stm32f407xx.o [1]
  .text              ro code   0x802'bd88      0x4  startup_stm32f407xx.o [1]
  .text              ro code   0x802'bd8c      0x4  startup_stm32f407xx.o [1]
  .text              ro code   0x802'bd90      0x4  startup_stm32f407xx.o [1]
  .text              ro code   0x802'bd94      0x4  startup_stm32f407xx.o [1]
  .text              ro code   0x802'bd98      0x4  startup_stm32f407xx.o [1]
  .text              ro code   0x802'bd9c      0x4  startup_stm32f407xx.o [1]
  .text              ro code   0x802'bda0      0x4  startup_stm32f407xx.o [1]
  .text              ro code   0x802'bda4      0x4  startup_stm32f407xx.o [1]
  .text              ro code   0x802'bda8      0x4  startup_stm32f407xx.o [1]
  .text              ro code   0x802'bdac      0x4  startup_stm32f407xx.o [1]
  .text              ro code   0x802'bdb0      0x4  startup_stm32f407xx.o [1]
  .text              ro code   0x802'bdb4      0x4  startup_stm32f407xx.o [1]
  .text              ro code   0x802'bdb8      0x4  startup_stm32f407xx.o [1]
  .text              ro code   0x802'bdbc      0x4  startup_stm32f407xx.o [1]
  .text              ro code   0x802'bdc0      0x4  startup_stm32f407xx.o [1]
  .text              ro code   0x802'bdc4      0x4  startup_stm32f407xx.o [1]
  .text              ro code   0x802'bdc8      0x4  startup_stm32f407xx.o [1]
  .text              ro code   0x802'bdcc      0x4  startup_stm32f407xx.o [1]
  .text              ro code   0x802'bdd0      0x4  startup_stm32f407xx.o [1]
  .text              ro code   0x802'bdd4      0x4  startup_stm32f407xx.o [1]
  .rodata            const     0x802'bdd8      0x0  zero_init3.o [5]
  .rodata            const     0x802'bdd8      0x0  packbits_init_single.o [5]
  Initializer bytes  const     0x802'bdd8     0x45  <for P2-1>
                             - 0x802'be1d  0x2bc95

"P2", part 1 of 3:                            0x6c
  P2-1                        0x2000'0000     0x6c  <Init block>
    .data            inited   0x2000'0000     0x14  ILI93xx.o [1]
    .data            inited   0x2000'0014      0xc  stm32f4xx_hal.o [1]
    .data            inited   0x2000'0020      0x4  system_stm32f4xx.o [1]
    .data            inited   0x2000'0024     0x10  GUI_Core.o [2]
    .data            inited   0x2000'0034      0x4  GUI_Core.o [2]
    .data            inited   0x2000'0038      0x4  LCD.o [2]
    .data            inited   0x2000'003c     0x10  LCD_Color.o [2]
    .data            inited   0x2000'004c      0xc  GUI_OnKey.o [2]
    .data            inited   0x2000'0058      0x4  GUI_CharLine.o [2]
    .data            inited   0x2000'005c     0x10  LCD_NextPixelAPI.o [2]
                            - 0x2000'006c     0x6c

"P2", part 2 of 3:                          0xcbe0
  .bss               zero     0x2000'006c   0xc800  GUIConf.o [1]
  .bss               zero     0x2000'c86c     0xbc  GUI_Alloc.o [2]
  .bss               zero     0x2000'c928     0x80  GUI_Core.o [2]
  .bss               zero     0x2000'c9a8     0x70  WM.o [2]
  .bss               zero     0x2000'ca18     0x58  GUI_OnKey.o [2]
  .bss               zero     0x2000'ca70     0x50  fsmc.o [1]
  .bss               zero     0x2000'cac0     0x50  ILI93xx.o [1]
  .bss               zero     0x2000'cb10     0x40  usart.o [1]
  .bss               zero     0x2000'cb50     0x40  WM_Touch.o [2]
  .bss               zero     0x2000'cb90     0x30  LCD_NextPixelAPI.o [2]
  .bss               zero     0x2000'cbc0     0x28  can.o [1]
  .bss               zero     0x2000'cbe8     0x14  GUI_Alloc.o [2]
  .bss               zero     0x2000'cbfc     0x10  WM_Touch.o [2]
  .bss               zero     0x2000'cc0c      0xc  GUI_Core.o [2]
  .bss               zero     0x2000'cc18      0x8  crc.o [1]
  .bss               zero     0x2000'cc20      0x8  GUICC_M565.o [2]
  .bss               zero     0x2000'cc28      0x8  GUI__ManageCache.o [2]
  .bss               zero     0x2000'cc30      0x4  fsmc.o [1]
  .bss               zero     0x2000'cc34      0x4  GUI_Core.o [2]
  .bss               zero     0x2000'cc38      0x4  GUI_Core.o [2]
  .bss               zero     0x2000'cc3c      0x4  GUI_Core.o [2]
  .bss               zero     0x2000'cc40      0x4  GUI_WaitEvent.o [2]
  .bss               zero     0x2000'cc44      0x4  WM__SendMessage.o [2]
  .bss               zero     0x2000'cc48      0x2  GUI_Core.o [2]
  .bss               zero     0x2000'cc4a      0x2  GUI_Core.o [2]
                            - 0x2000'cc4c   0xcbe0

"P2", part 3 of 3:                           0x600
  CSTACK                      0x2000'cc50    0x600  <Block>
    CSTACK           uninit   0x2000'cc50    0x600  <Block tail>
                            - 0x2000'd250    0x600

Unused ranges:

         From           To      Size
         ----           --      ----
   0x802'be1d   0x80f'ffff  0xd'41e3
  0x2000'cc4c  0x2000'cc4f       0x4
  0x2000'd250  0x2001'ffff  0x1'2db0


*******************************************************************************
*** INIT TABLE
***

          Address      Size
          -------      ----
Zero (__iar_zero_init3)
    1 destination range, total size 0xcbe0:
          0x2000'006c  0xcbe0

Copy/packbits (__iar_packbits_init_single3)
    1 source range, total size 0x45 (63% of destination):
           0x802'bdd8    0x45
    1 destination range, total size 0x6c:
          0x2000'0000    0x6c



*******************************************************************************
*** MODULE SUMMARY
***

    Module                        ro code  ro data  rw data
    ------                        -------  -------  -------
command line/config:
    -------------------------------------------------------
    Total:

D:\Users\zohycao\Documents\BUPT\RobotTeam\Project\DisplayLCD\EWARM\DisplayLCD\Obj: [1]
    GUIConf.o                          36            51 200
    GUIDRV_Template.o               1 836       52
    GUI_X.o                             2
    ILI93xx.o                         760       12      100
    LCDConf_FlexColor_Template.o       76
    can.o                             220                40
    crc.o                              76                 8
    fsmc.o                            316                84
    gpio.o                            192
    main.o                            252
    robocon_image.o                        152 660
    startup_stm32f407xx.o             720
    stm32f4xx_hal.o                   184        8       12
    stm32f4xx_hal_can.o               802
    stm32f4xx_hal_cortex.o            196
    stm32f4xx_hal_crc.o                34
    stm32f4xx_hal_gpio.o              472
    stm32f4xx_hal_msp.o                56
    stm32f4xx_hal_rcc.o             1 148
    stm32f4xx_hal_sram.o               82
    stm32f4xx_hal_uart.o              494
    stm32f4xx_it.o                     38
    stm32f4xx_ll_fsmc.o               212
    system_stm32f4xx.o                 96       11        4
    usart.o                           168                64
    -------------------------------------------------------
    Total:                          8 468  152 743   51 512

STemWin522_CM4_IAR.a: [2]
    F6x8.o                                   1 816
    F8x16.o                                  3 120
    GUICC_0.o                         192       24
    GUICC_565_Index2Color.o            44
    GUICC_M565.o                      192       24        8
    GUICC_M565_Index2Color.o           44
    GUIDEV.o                           68
    GUIDEV_Usage.o                     34
    GUI_ALLOC_AllocZero.o              36
    GUI_Alloc.o                     1 640               208
    GUI_CalcColorDist.o                62
    GUI_Char.o                         84
    GUI_CharLine.o                    436        2        4
    GUI_CharM.o                       372
    GUI_Core.o                        420       12      176
    GUI_Device.o                      300
    GUI_DispString.o                  252
    GUI_DispStringAt.o                 16
    GUI_DrawBitmap.o                  236
    GUI_DrawBitmap_565.o               44       12
    GUI_GetColor.o                     14
    GUI_Goto.o                         16
    GUI_MergeRect.o                    88
    GUI_MoveRect.o                     28
    GUI_OnKey.o                        16        8      100
    GUI_RectsIntersect.o               56
    GUI_SelectLCD.o                    18
    GUI_SelectLayer.o                  36
    GUI_SetColor.o                      8
    GUI_SetDrawMode.o                   4
    GUI_SetOrg.o                       48
    GUI_UC.o                           76
    GUI_UC_EncodeNone.o                36
    GUI_WaitEvent.o                    16                 4
    GUI__DivTbl_255_31.o                       256
    GUI__DivTbl_255_63.o                       256
    GUI__DivTbl_31_255.o                        32
    GUI__DivTbl_63_255.o                        64
    GUI__DrawBitmap16bpp.o            444
    GUI__IntersectRect.o               64
    GUI__IntersectRects.o              98
    GUI__ManageCache.o                176                 8
    GUI__memset.o                      84
    LCD.o                           1 156       15        4
    LCD_Color.o                       248       10       16
    LCD_GetColorIndex.o                16
    LCD_GetEx.o                       238
    LCD_GetNumDisplays.o               26
    LCD_Mirror.o                               256
    LCD_NextPixelAPI.o                556       11       64
    LCD_SelectLCD.o                    68
    LCD_Set.o                         134
    LCD_SetClipRectEx.o                48
    LCD_UpdateColorIndices.o           36
    WM.o                            2 836               112
    WM_BringToBottom.o                130
    WM_CriticalHandle.o                16
    WM_GetClientRect.o                 34
    WM_GetDesktopWindow.o              24
    WM_GetFirstChild.o                 14
    WM_GetParent.o                     14
    WM_SendToParent.o                  28
    WM_Touch.o                                           80
    WM__GetFirstSibling.o              16
    WM__GetPrevSibling.o               34
    WM__SendMessage.o                  64                 4
    -------------------------------------------------------
    Total:                         11 534    5 918      788

dl7M_tlf.a: [3]
    exit.o                              4
    low_level_init.o                    4
    -------------------------------------------------------
    Total:                              8

m7M_tls.a: [4]
    fpinit_M.o                         34
    -------------------------------------------------------
    Total:                             34

rt7M_tl.a: [5]
    ABImemclr.o                         6
    ABImemclr4.o                        6
    ABImemcpy.o                       166
    ABImemmove.o                      150
    ABImemset.o                        94
    ABImemset48.o                      50
    I64DivMod_small.o                 262
    I64DivZer.o                         2
    cexit.o                            10
    cmain.o                            30
    cstartup_M.o                       12
    data_init.o                        40
    packbits_init_single.o             56
    zero_init3.o                       58
    -------------------------------------------------------
    Total:                            942

shb_l.a: [6]
    exit.o                             20
    -------------------------------------------------------
    Total:                             20

    Gaps                               40        2
    Linker created                              32    1 536
-----------------------------------------------------------
    Grand Total:                   21 046  158 695   53 836


*******************************************************************************
*** ENTRY LIST
***

Entry                       Address     Size  Type      Object
-----                       -------     ----  ----      ------
.iar.init_table$$Base    0x802'bb98            --   Gb  - Linker created -
.iar.init_table$$Limit   0x802'bbb8            --   Gb  - Linker created -
?main                    0x802'bbd9           Code  Gb  cmain.o [5]
AHBPrescTable            0x802'b9b0     0x10  Data  Gb  system_stm32f4xx.o [1]
APBPrescTable            0x802'bc98      0x8  Data  Gb  system_stm32f4xx.o [1]
BACK_COLOR              0x2000'0012      0x2  Data  Gb  ILI93xx.o [1]
BusFault_Handler         0x802'bb1f      0x2  Code  Gb  stm32f4xx_it.o [1]
CAN1_RX0_IRQHandler      0x802'bb2d      0x2  Code  Gb  stm32f4xx_it.o [1]
CAN1_RX1_IRQHandler      0x802'bb31      0x2  Code  Gb  stm32f4xx_it.o [1]
CAN1_SCE_IRQHandler      0x802'bb3d      0x2  Code  Gb  stm32f4xx_it.o [1]
CSTACK$$Base            0x2000'cc50            --   Gb  - Linker created -
CSTACK$$Limit           0x2000'd250            --   Gb  - Linker created -
DebugMon_Handler         0x802'bb25      0x2  Code  Gb  stm32f4xx_it.o [1]
Error_Handler            0x802'8ce1      0x2  Code  Gb  main.o [1]
FSMC_Initialized        0x2000'cc30      0x4  Data  Lc  fsmc.o [1]
FSMC_NORSRAM_Extended_Timing_Init
                         0x802'8b9d     0x3c  Code  Gb  stm32f4xx_ll_fsmc.o [1]
FSMC_NORSRAM_Init        0x802'8b0d     0x50  Code  Gb  stm32f4xx_ll_fsmc.o [1]
FSMC_NORSRAM_Timing_Init
                         0x802'8b5d     0x40  Code  Gb  stm32f4xx_ll_fsmc.o [1]
FontMono8x16x3           0x802'61c0     0x14  Data  Lc  F8x16.o [2]
GL_DrawBitmap            0x802'8fe9     0x90  Code  Gb  GUI_DrawBitmap.o [2]
GUIDRV_Template_API      0x802'ba38     0x34  Data  Gb  GUIDRV_Template.o [1]
GUIMONO_DispChar         0x802'b32d    0x106  Code  Gb  GUI_CharM.o [2]
GUIMONO_GetCharDistX     0x802'b44d     0x12  Code  Gb  GUI_CharM.o [2]
GUIMONO_GetFontInfo      0x802'b465      0x6  Code  Gb  GUI_CharM.o [2]
GUIMONO_IsInFont         0x802'b46b     0x36  Code  Gb  GUI_CharM.o [2]
GUI_ALLOC_AllocNoInit    0x802'72b7      0xa  Code  Gb  GUI_Alloc.o [2]
GUI_ALLOC_AllocZero      0x802'7595     0x24  Code  Gb  GUI_ALLOC_AllocZero.o [2]
GUI_ALLOC_AssignMemory   0x802'7347      0xc  Code  Gb  GUI_Alloc.o [2]
GUI_ALLOC_Free           0x802'736b     0x2c  Code  Gb  GUI_Alloc.o [2]
GUI_ALLOC_FreeFixedBlock
                         0x802'71ff     0x10  Code  Gb  GUI_Alloc.o [2]
GUI_ALLOC_GetFixedBlock
                         0x802'720f     0xa8  Code  Gb  GUI_Alloc.o [2]
GUI_ALLOC_GetMaxSize     0x802'7311     0x36  Code  Gb  GUI_Alloc.o [2]
GUI_ALLOC_LockH          0x802'72d1     0x16  Code  Gb  GUI_Alloc.o [2]
GUI_ALLOC_SetAvBlockSize
                         0x802'7353     0x18  Code  Gb  GUI_Alloc.o [2]
GUI_ALLOC_UnlockH        0x802'72e7     0x2a  Code  Gb  GUI_Alloc.o [2]
GUI_ALLOC__Context      0x2000'c86c     0xbc  Data  Gb  GUI_Alloc.o [2]
GUI_ALLOC_h2p            0x802'72c1     0x10  Code  Gb  GUI_Alloc.o [2]
GUI_BitmapMethods565     0x802'bc74      0xc  Data  Gb  GUI_DrawBitmap_565.o [2]
GUI_CalcColorDist        0x802'b921     0x3e  Code  Gb  GUI_CalcColorDist.o [2]
GUI_CharLine_pfLog2Vis  0x2000'0058      0x4  Data  Gb  GUI_CharLine.o [2]
GUI_Clear                0x802'7bb7     0x1a  Code  Gb  GUI_Core.o [2]
GUI_ClearRect            0x802'7b5d     0x5a  Code  Gb  GUI_Core.o [2]
GUI_DEVICE_Create        0x802'7d67     0x46  Code  Gb  GUI_Device.o [2]
GUI_DEVICE_CreateAndLink
                         0x802'7e19     0x24  Code  Gb  GUI_Device.o [2]
GUI_DEVICE_Delete        0x802'7d63      0x4  Code  Gb  GUI_Device.o [2]
GUI_DEVICE_Link          0x802'7daf     0x6a  Code  Gb  GUI_Device.o [2]
GUI_DEVICE_Unlink        0x802'7dad      0x2  Code  Gb  GUI_Device.o [2]
GUI_DEVICE__GetpDriver   0x802'7d43     0x20  Code  Gb  GUI_Device.o [2]
GUI_DecChar             0x2000'0024      0x1  Data  Gb  GUI_Core.o [2]
GUI_DispString           0x802'9bbd     0xfc  Code  Gb  GUI_DispString.o [2]
GUI_DispStringAt         0x802'90d5     0x10  Code  Gb  GUI_DispStringAt.o [2]
GUI_DrawBitmap           0x802'9079     0x54  Code  Gb  GUI_DrawBitmap.o [2]
GUI_F6x8_Mono            0x802'aeec     0x14  Data  Lc  F6x8.o [2]
GUI_F6x8_TI8859_1        0x802'aee4      0x8  Data  Lc  F6x8.o [2]
GUI_F6x8_TL8859_1        0x802'ad24    0x1c0  Data  Lc  F6x8.o [2]
GUI_Font6x8              0x802'af00     0x24  Data  Gb  F6x8.o [2]
GUI_Font8x16x3x3         0x802'61d4     0x24  Data  Gb  F8x16.o [2]
GUI_GetBitsPerPixelEx    0x802'83c3      0xe  Code  Gb  LCD_GetEx.o [2]
GUI_GetCharDistX         0x802'9e0f      0x6  Code  Gb  GUI_Char.o [2]
GUI_GetCharDistXEx       0x802'9e1d      0x8  Code  Gb  GUI_Char.o [2]
GUI_GetColor             0x802'b30d      0x6  Code  Gb  GUI_GetColor.o [2]
GUI_GetFontDistY         0x802'9e05      0xa  Code  Gb  GUI_Char.o [2]
GUI_GetYAdjust           0x802'9dd9     0x2c  Code  Gb  GUI_Char.o [2]
GUI_GetpfColor2IndexEx   0x802'83fb      0xc  Code  Gb  LCD_GetEx.o [2]
GUI_GetpfIndex2ColorEx   0x802'83ef      0xc  Code  Gb  LCD_GetEx.o [2]
GUI_GotoXY               0x802'814d      0xc  Code  Gb  GUI_Goto.o [2]
GUI_Init                 0x802'7bf3     0xa6  Code  Gb  GUI_Core.o [2]
GUI_MEMDEV_Delete        0x802'7469     0x3a  Code  Gb  GUIDEV.o [2]
GUI_MergeRect            0x802'73e5     0x58  Code  Gb  GUI_MergeRect.o [2]
GUI_MoveRect             0x802'744d     0x1c  Code  Gb  GUI_MoveRect.o [2]
GUI_OrgX                0x2000'cc48      0x2  Data  Gb  GUI_Core.o [2]
GUI_OrgY                0x2000'cc4a      0x2  Data  Gb  GUI_Core.o [2]
GUI_RectsIntersect       0x802'751d     0x38  Code  Gb  GUI_RectsIntersect.o [2]
GUI_SelectLCD            0x802'7fef     0x12  Code  Gb  GUI_SelectLCD.o [2]
GUI_SelectLayer          0x802'7675     0x1c  Code  Gb  GUI_SelectLayer.o [2]
GUI_SetBkColor           0x802'7b2d      0x4  Code  Gb  GUI_SetColor.o [2]
GUI_SetColor             0x802'7b31      0x4  Code  Gb  GUI_SetColor.o [2]
GUI_SetDefaultFont       0x802'7b57      0x6  Code  Gb  GUI_Core.o [2]
GUI_SetDrawMode          0x802'9bb7      0x4  Code  Gb  GUI_SetDrawMode.o [2]
GUI_SetOrg               0x802'81e9     0x30  Code  Gb  GUI_SetOrg.o [2]
GUI_SignalEvent          0x802'743d      0xc  Code  Gb  GUI_WaitEvent.o [2]
GUI_StoreKey             0x802'7b1d      0xc  Code  Gb  GUI_OnKey.o [2]
GUI_UC_None              0x802'bb64     0x10  Data  Gb  GUI_UC_EncodeNone.o [2]
GUI_UC__GetCharCodeInc   0x802'9fe1     0x22  Code  Gb  GUI_UC.o [2]
GUI_UC__NumChars2NumBytes
                         0x802'a003     0x24  Code  Gb  GUI_UC.o [2]
GUI_USAGE_DecUseCnt      0x802'8001     0x22  Code  Gb  GUIDEV_Usage.o [2]
GUI_X_Config             0x802'815d     0x24  Code  Gb  GUIConf.o [1]
GUI_X_Config::aMemory   0x2000'006c   0xc800  Data  Lc  GUIConf.o [1]
GUI_X_Init               0x802'81cd      0x2  Code  Gb  GUI_X.o [1]
GUI__Config              0x802'7bd1     0x22  Code  Gb  GUI_Core.o [2]
GUI__Context            0x2000'c928     0x78  Data  Lc  GUI_Core.o [2]
GUI__DispLine            0x802'9f33     0x9e  Code  Gb  GUI_CharLine.o [2]
GUI__DrawBitmap16bpp     0x802'b151    0x1bc  Code  Gb  GUI__DrawBitmap16bpp.o [2]
GUI__GetLineDistX        0x802'9ee5     0x4e  Code  Gb  GUI_CharLine.o [2]
GUI__GetLineNumChars     0x802'9e93     0x36  Code  Gb  GUI_CharLine.o [2]
GUI__GetOverlap          0x802'9ec9     0x1c  Code  Gb  GUI_CharLine.o [2]
GUI__IntersectRect       0x802'73a5     0x40  Code  Gb  GUI__IntersectRect.o [2]
GUI__IntersectRects      0x802'74bb     0x62  Code  Gb  GUI__IntersectRects.o [2]
GUI__ManageCache         0x802'a0cd      0xa  Code  Gb  GUI__ManageCache.o [2]
GUI__ManageCacheEx       0x802'a031     0x90  Code  Gb  GUI__ManageCache.o [2]
GUI__RegisterExit        0x802'7c99      0xa  Code  Gb  GUI_Core.o [2]
GUI__aConvert_255_31     0x802'b4a0    0x100  Data  Gb  GUI__DivTbl_255_31.o [2]
GUI__aConvert_255_63     0x802'b5a0    0x100  Data  Gb  GUI__DivTbl_255_63.o [2]
GUI__aConvert_31_255     0x802'bbb8     0x20  Data  Gb  GUI__DivTbl_31_255.o [2]
GUI__aConvert_63_255     0x802'b9c0     0x40  Data  Gb  GUI__DivTbl_63_255.o [2]
GUI__apDevice           0x2000'c9a0      0x8  Data  Gb  GUI_Core.o [2]
GUI__memset              0x802'7ef3     0x54  Code  Gb  GUI__memset.o [2]
GUI__pFontDefault       0x2000'002c      0x4  Data  Gb  GUI_Core.o [2]
GUI_acFont6x8            0x802'a80c    0x518  Data  Lc  F6x8.o [2]
GUI_pContext            0x2000'0030      0x4  Data  Gb  GUI_Core.o [2]
GUI_pLCD_APIList        0x2000'cc38      0x4  Data  Gb  GUI_Core.o [2]
GUI_pUC_API             0x2000'0028      0x4  Data  Gb  GUI_Core.o [2]
GUI_pfDispCharStyle     0x2000'cc34      0x4  Data  Gb  GUI_Core.o [2]
GUI_pfGetpPalConvTable  0x2000'0034      0x4  Data  Gb  GUI_Core.o [2]
HAL_CAN_IRQHandler       0x802'97ad    0x1f8  Code  Gb  stm32f4xx_hal_can.o [1]
HAL_CAN_Init             0x802'969d     0xe2  Code  Gb  stm32f4xx_hal_can.o [1]
HAL_CAN_MspInit          0x802'8e4d     0x96  Code  Gb  can.o [1]
HAL_CRC_Init             0x802'99a5     0x22  Code  Gb  stm32f4xx_hal_crc.o [1]
HAL_CRC_MspInit          0x802'8f0d     0x26  Code  Gb  crc.o [1]
HAL_Delay                0x802'89a9     0x28  Code  Wk  stm32f4xx_hal.o [1]
HAL_GPIO_Init            0x802'877d    0x1a4  Code  Gb  stm32f4xx_hal_gpio.o [1]
HAL_GPIO_WritePin        0x802'8921      0x8  Code  Gb  stm32f4xx_hal_gpio.o [1]
HAL_GetTick              0x802'8be1      0xc  Code  Wk  stm32f4xx_hal.o [1]
HAL_IncTick              0x802'bb41     0x10  Code  Wk  stm32f4xx_hal.o [1]
HAL_Init                 0x802'8d25     0x30  Code  Gb  stm32f4xx_hal.o [1]
HAL_InitTick             0x802'9625     0x40  Code  Wk  stm32f4xx_hal.o [1]
HAL_MspInit              0x802'9665     0x38  Code  Gb  stm32f4xx_hal_msp.o [1]
HAL_NVIC_EnableIRQ       0x802'95cf     0x16  Code  Gb  stm32f4xx_hal_cortex.o [1]
HAL_NVIC_SetPriority     0x802'9595     0x3a  Code  Gb  stm32f4xx_hal_cortex.o [1]
HAL_NVIC_SetPriorityGrouping
                         0x802'957b     0x1a  Code  Gb  stm32f4xx_hal_cortex.o [1]
HAL_RCC_ClockConfig      0x802'93c5     0xfa  Code  Gb  stm32f4xx_hal_rcc.o [1]
HAL_RCC_GetPCLK1Freq     0x802'94cb     0x10  Code  Gb  stm32f4xx_hal_rcc.o [1]
HAL_RCC_GetPCLK2Freq     0x802'94db      0xe  Code  Gb  stm32f4xx_hal_rcc.o [1]
HAL_RCC_OscConfig        0x802'90e5    0x2e0  Code  Wk  stm32f4xx_hal_rcc.o [1]
HAL_SRAM_Init            0x802'8955     0x52  Code  Gb  stm32f4xx_hal_sram.o [1]
HAL_SRAM_MspInit         0x802'8a6b     0x6c  Code  Gb  fsmc.o [1]
HAL_SYSTICK_Config       0x802'95e5     0x28  Code  Gb  stm32f4xx_hal_cortex.o [1]
HAL_UART_Init            0x802'99c9     0x1e  Code  Gb  stm32f4xx_hal_uart.o [1]
HAL_UART_MspInit         0x802'8f71     0x66  Code  Gb  usart.o [1]
HardFault_Handler        0x802'bb1b      0x2  Code  Gb  stm32f4xx_it.o [1]
LCD_API_ColorConv_0      0x802'bc38     0x18  Data  Gb  GUICC_0.o [2]
LCD_API_ColorConv_M565   0x802'bc20     0x18  Data  Gb  GUICC_M565.o [2]
LCD_Color2Index          0x802'7ab3     0x12  Code  Gb  LCD.o [2]
LCD_DrawBitmap           0x802'77fd    0x1d8  Code  Gb  LCD.o [2]
LCD_DrawHLine            0x802'7759     0x3a  Code  Gb  LCD.o [2]
LCD_DrawPixel            0x802'76ff     0x5a  Code  Gb  LCD.o [2]
LCD_Fast_DrawPoint       0x802'84c7     0x42  Code  Gb  ILI93xx.o [1]
LCD_FillRect             0x802'77a9     0x54  Code  Gb  LCD.o [2]
LCD_GetBitsPerPixelEx    0x802'83b3      0x4  Code  Gb  LCD_GetEx.o [2]
LCD_GetColorIndex        0x802'b31d      0xa  Code  Gb  LCD_GetColorIndex.o [2]
LCD_GetNextPixelAPI      0x802'b117     0x24  Code  Gb  LCD_NextPixelAPI.o [2]
LCD_GetNumColors         0x802'83bb      0x8  Code  Gb  LCD_GetEx.o [2]
LCD_GetNumColorsEx       0x802'83b7      0x4  Code  Gb  LCD_GetEx.o [2]
LCD_GetNumLayers         0x802'82f1     0x1a  Code  Gb  LCD_GetNumDisplays.o [2]
LCD_GetPalette           0x802'83e7      0x8  Code  Gb  LCD_GetEx.o [2]
LCD_GetPaletteEx         0x802'83d1     0x16  Code  Gb  LCD_GetEx.o [2]
LCD_GetpPalConvTableBM   0x802'80cf      0x2  Code  Gb  LCD_Color.o [2]
LCD_GetpPalConvTableUncached
                         0x802'808d     0x42  Code  Gb  LCD_Color.o [2]
LCD_Index2Color          0x802'7ac5     0x12  Code  Gb  LCD.o [2]
LCD_Index2Color_565      0x802'bac5     0x2c  Code  Gb  GUICC_565_Index2Color.o [2]
LCD_Index2Color_M565     0x802'ba99     0x2c  Code  Gb  GUICC_M565_Index2Color.o [2]
LCD_InitColors           0x802'8065     0x28  Code  Gb  LCD_Color.o [2]
LCD_InitLUT              0x802'80d1     0x6c  Code  Gb  LCD_Color.o [2]
LCD_ReadPoint            0x802'873d     0x22  Code  Gb  ILI93xx.o [1]
LCD_SelectLCD            0x802'8279     0x44  Code  Gb  LCD_SelectLCD.o [2]
LCD_SetBkColor           0x802'7afb      0x8  Code  Gb  LCD.o [2]
LCD_SetBkColorIndex      0x802'7ae9     0x12  Code  Gb  LCD.o [2]
LCD_SetClipRectEx        0x802'6d0d     0x30  Code  Gb  LCD_SetClipRectEx.o [2]
LCD_SetClipRectMax       0x802'7a13     0x14  Code  Gb  LCD.o [2]
LCD_SetColor             0x802'7b03      0x8  Code  Gb  LCD.o [2]
LCD_SetColorIndex        0x802'7ad7     0x12  Code  Gb  LCD.o [2]
LCD_SetCursor            0x802'8485     0x40  Code  Gb  ILI93xx.o [1]
LCD_SetDrawMode          0x802'76f5      0xa  Code  Gb  LCD.o [2]
LCD_SetLUTEntryEx        0x802'836f     0x24  Code  Gb  LCD_Set.o [2]
LCD_SetSizeEx            0x802'8331     0x24  Code  Gb  LCD_Set.o [2]
LCD_SetVSizeEx           0x802'830d     0x24  Code  Gb  LCD_Set.o [2]
LCD_UpdateColorIndices   0x802'82bd     0x24  Code  Gb  LCD_UpdateColorIndices.o [2]
LCD_X_Config             0x802'8181     0x22  Code  Gb  LCDConf_FlexColor_Template.o [1]
LCD_X_DisplayDriver      0x802'81b9     0x14  Code  Gb  LCDConf_FlexColor_Template.o [1]
LCD__GetBPP              0x802'8411     0x72  Code  Gb  LCD_GetEx.o [2]
LCD__aConvTable         0x2000'0040      0x4  Data  Gb  LCD_Color.o [2]
LCD__pSetColorAPI       0x2000'0038      0x4  Data  Gb  LCD.o [2]
LCD_aMirror              0x802'b6a0    0x100  Data  Gb  LCD_Mirror.o [2]
MX_CAN1_Init             0x802'8e19     0x34  Code  Gb  can.o [1]
MX_CRC_Init              0x802'8ef5     0x18  Code  Gb  crc.o [1]
MX_FSMC_Init             0x802'89d1     0x9a  Code  Gb  fsmc.o [1]
MX_GPIO_Init             0x802'8d59     0xaa  Code  Gb  gpio.o [1]
MX_USART1_UART_Init      0x802'8f41     0x30  Code  Gb  usart.o [1]
MemManage_Handler        0x802'bb1d      0x2  Code  Gb  stm32f4xx_it.o [1]
NMI_Handler              0x802'bb19      0x2  Code  Gb  stm32f4xx_it.o [1]
POINT_COLOR             0x2000'0010      0x2  Data  Gb  ILI93xx.o [1]
PendSV_Handler           0x802'bb27      0x2  Code  Gb  stm32f4xx_it.o [1]
Region$$Table$$Base      0x802'bb98            --   Gb  - Linker created -
Region$$Table$$Limit     0x802'bbb8            --   Gb  - Linker created -
SVC_Handler              0x802'bb23      0x2  Code  Gb  stm32f4xx_it.o [1]
SysTick_Handler          0x802'bb29      0x4  Code  Gb  stm32f4xx_it.o [1]
SystemClock_Config       0x802'8c41     0x92  Code  Gb  main.o [1]
SystemCoreClock         0x2000'0020      0x4  Data  Gb  system_stm32f4xx.o [1]
SystemInit               0x802'b961     0x3a  Code  Gb  system_stm32f4xx.o [1]
TFTSRAM_Handler         0x2000'cac0     0x50  Data  Gb  ILI93xx.o [1]
TFT_LCD_Init             0x802'8511    0x22c  Code  Gb  ILI93xx.o [1]
TransInfo8x16            0x802'61b8      0x8  Data  Lc  F8x16.o [2]
TransList8x16            0x802'5ff8    0x1c0  Data  Lc  F8x16.o [2]
UART_SetConfig           0x802'9a3f    0x126  Code  Lc  stm32f4xx_hal_uart.o [1]
UsageFault_Handler       0x802'bb21      0x2  Code  Gb  stm32f4xx_it.o [1]
WM_Activate              0x802'6bcf      0xc  Code  Gb  WM.o [2]
WM_BringToBottom         0x802'75b9     0x82  Code  Gb  WM_BringToBottom.o [2]
WM_CreateWindowAsChild   0x802'6773    0x13e  Code  Gb  WM.o [2]
WM_DefaultProc           0x802'6bdb     0x44  Code  Gb  WM.o [2]
WM_GetDesktopWindow      0x802'81d1     0x18  Code  Gb  WM_GetDesktopWindow.o [2]
WM_GetFirstChild         0x802'74ad      0xe  Code  Gb  WM_GetFirstChild.o [2]
WM_GetParent             0x802'8045      0xe  Code  Gb  WM_GetParent.o [2]
WM_Init                  0x802'6c3b     0xb2  Code  Gb  WM.o [2]
WM_InvalidateRect        0x802'66f9     0x76  Code  Gb  WM.o [2]
WM_InvalidateWindow      0x802'676f      0x4  Code  Gb  WM.o [2]
WM_InvalidateWindowAndDescsEx
                         0x802'644f     0x54  Code  Gb  WM.o [2]
WM_MULTIBUF__pAPI       0x2000'c9fc      0x4  Data  Gb  WM.o [2]
WM_SelectWindow          0x802'68e7     0x36  Code  Gb  WM.o [2]
WM_SendToParent          0x802'7cfb     0x1c  Code  Gb  WM_SendToParent.o [2]
WM__ActivateClipRect     0x802'6329     0x3e  Code  Gb  WM.o [2]
WM__AddCriticalHandle    0x802'7e45      0xa  Code  Gb  WM_CriticalHandle.o [2]
WM__Client2Screen        0x802'63fd     0x10  Code  Gb  WM.o [2]
WM__ClipAtParentBorders
                         0x802'62e7     0x42  Code  Gb  WM.o [2]
WM__CreateFlags         0x2000'c9f4      0x4  Data  Gb  WM.o [2]
WM__FirstWin            0x2000'c9e4      0x4  Data  Gb  WM.o [2]
WM__GetClientRectEx      0x802'7cd9     0x22  Code  Gb  WM_GetClientRect.o [2]
WM__GetClientRectWin     0x802'66e1     0x18  Code  Gb  WM.o [2]
WM__GetFirstSibling      0x802'82e1     0x10  Code  Gb  WM__GetFirstSibling.o [2]
WM__GetNextIVR           0x802'6a5b     0x36  Code  Gb  WM.o [2]
WM__GetPrevSibling       0x802'8023     0x22  Code  Gb  WM__GetPrevSibling.o [2]
WM__GetTopLevelLayer     0x802'68bb     0x18  Code  Gb  WM.o [2]
WM__InitIVRSearch        0x802'6a91     0xd8  Code  Gb  WM.o [2]
WM__InsertWindowIntoList
                         0x802'6367     0x96  Code  Gb  WM.o [2]
WM__Invalidate1Abs       0x802'62e3      0x4  Code  Gb  WM.o [2]
WM__InvalidateDrawAndDescs
                         0x802'640d     0x42  Code  Gb  WM.o [2]
WM__InvalidateRect       0x802'64ad     0x70  Code  Gb  WM.o [2]
WM__InvalidateRectEx     0x802'651d      0x4  Code  Gb  WM.o [2]
WM__NumInvalidWindows   0x2000'c9c4      0x2  Data  Gb  WM.o [2]
WM__NumWindows          0x2000'c9c2      0x2  Data  Gb  WM.o [2]
WM__PaintCallbackCnt    0x2000'c9c0      0x1  Data  Gb  WM.o [2]
WM__RectIsNZ             0x802'6527     0x20  Code  Gb  WM.o [2]
WM__SelectTopLevelLayer
                         0x802'68d3     0x14  Code  Gb  WM.o [2]
WM__SendMessage          0x802'7555     0x40  Code  Gb  WM__SendMessage.o [2]
WM__SendMsgNoData        0x802'66cf     0x12  Code  Gb  WM.o [2]
WM__TouchedLayer        0x2000'c9e0      0x4  Data  Gb  WM.o [2]
WM__TransWindowCnt      0x2000'ca00      0x4  Data  Gb  WM.o [2]
WM__aBkColor            0x2000'c9ec      0x8  Data  Gb  WM.o [2]
WM__aCHWinLast          0x2000'cb68     0x10  Data  Gb  WM_Touch.o [2]
WM__aCHWinModal         0x2000'cbfc     0x10  Data  Gb  WM_Touch.o [2]
WM__aCHWinMouseOver     0x2000'cb78     0x10  Data  Gb  WM_Touch.o [2]
WM__ahCapture           0x2000'c9d0      0x8  Data  Gb  WM.o [2]
WM__ahDesktopWin        0x2000'c9c8      0x8  Data  Gb  WM.o [2]
WM__ahWinFocus          0x2000'c9d8      0x8  Data  Gb  WM.o [2]
WM__hATransWindow       0x2000'ca04      0x4  Data  Gb  WM.o [2]
WM__pFirstCriticalHandle
                        0x2000'c9e8      0x4  Data  Gb  WM.o [2]
WM_pfPollPID            0x2000'c9f8      0x4  Data  Gb  WM.o [2]
_AddFreeMemory           0x802'6d97     0x78  Code  Lc  GUI_Alloc.o [2]
_Alloc                   0x802'711b     0xe4  Code  Lc  GUI_Alloc.o [2]
_CalcSizeOfChar          0x802'bb59      0x4  Code  Lc  GUI_UC_EncodeNone.o [2]
_ClipContext            0x2000'c9a8     0x18  Data  Lc  WM.o [2]
_Color2IndexBulk         0x802'b7c7     0x3a  Code  Lc  GUICC_M565.o [2]
_Color2Index_0           0x802'b861     0x50  Code  Lc  GUICC_0.o [2]
_Color2Index_M565        0x802'b7a1     0x20  Code  Lc  GUICC_M565.o [2]
_Config                 0x2000'cbe8      0xc  Data  Lc  GUI_Alloc.o [2]
_Context                0x2000'cb90     0x30  Data  Lc  LCD_NextPixelAPI.o [2]
_DeleteWindows          0x2000'ca0c      0x4  Data  Lc  WM.o [2]
_DesktopHandle2Index     0x802'61f9     0x1e  Code  Lc  WM.o [2]
_DispLine                0x802'9e2f     0x64  Code  Lc  GUI_CharLine.o [2]
_DrawBitLine16BPP        0x802'a4db     0x1e  Code  Lc  GUIDRV_Template.o [1]
_DrawBitLine1BPP         0x802'a191     0xa6  Code  Lc  GUIDRV_Template.o [1]
_DrawBitLine2BPP         0x802'a249     0xc0  Code  Lc  GUIDRV_Template.o [1]
_DrawBitLine32BPP        0x802'a4f9     0x1e  Code  Lc  GUIDRV_Template.o [1]
_DrawBitLine4BPP         0x802'a315     0xc0  Code  Lc  GUIDRV_Template.o [1]
_DrawBitLine8BPP         0x802'a44b     0x84  Code  Lc  GUIDRV_Template.o [1]
_DrawBitmap              0x802'a52b     0xf0  Code  Lc  GUIDRV_Template.o [1]
_DrawBitmap              0x802'ba6d     0x12  Code  Lc  GUI_DrawBitmap_565.o [2]
_DrawHLine               0x802'a17d      0x6  Code  Lc  GUIDRV_Template.o [1]
_DrawVLine               0x802'a183      0x6  Code  Lc  GUIDRV_Template.o [1]
_Encode                  0x802'bb5d      0x6  Code  Lc  GUI_UC_EncodeNone.o [2]
_EnlargeBlocks           0x802'6fd1     0x88  Code  Lc  GUI_Alloc.o [2]
_FillRect                0x802'a125     0x58  Code  Lc  GUIDRV_Template.o [1]
_FindNext_IVR            0x802'691d    0x12e  Code  Lc  WM.o [2]
_Findx0                  0x802'65ef     0x70  Code  Lc  WM.o [2]
_Findx1                  0x802'6667     0x5c  Code  Lc  WM.o [2]
_Findy1                  0x802'6547     0x92  Code  Lc  WM.o [2]
_GetCharCode             0x802'bb51      0x4  Code  Lc  GUI_UC_EncodeNone.o [2]
_GetCharSize             0x802'bb55      0x4  Code  Lc  GUI_UC_EncodeNone.o [2]
_GetDevData              0x802'a6a9      0x4  Code  Lc  GUIDRV_Template.o [1]
_GetDevFunc              0x802'a79d     0x32  Code  Lc  GUIDRV_Template.o [1]
_GetDevProp              0x802'a66d     0x3c  Code  Lc  GUIDRV_Template.o [1]
_GetDevProp              0x802'8395     0x1e  Code  Lc  LCD_GetEx.o [2]
_GetIndexMask_0          0x802'b8cf     0x52  Code  Lc  GUICC_0.o [2]
_GetIndexMask_M565       0x802'b7c1      0x6  Code  Lc  GUICC_M565.o [2]
_GetMinIndex             0x802'6d3d     0x18  Code  Lc  GUI_Alloc.o [2]
_GetPixelIndex           0x802'a0ef     0x10  Code  Lc  GUIDRV_Template.o [1]
_GetRect                 0x802'a6ad     0x16  Code  Lc  GUIDRV_Template.o [1]
_HL_APIList              0x802'7cd0      0x8  Data  Lc  GUI_Core.o [2]
_Index2ColorBulk         0x802'b801     0x4c  Code  Lc  GUICC_M565.o [2]
_Index2Color_0           0x802'b8b1     0x1e  Code  Lc  GUICC_0.o [2]
_Init                    0x802'a755     0x18  Code  Lc  GUIDRV_Template.o [1]
_InitOnce                0x802'a641     0x2a  Code  Lc  GUIDRV_Template.o [1]
_InitOnce                0x802'7059     0xa2  Code  Lc  GUI_Alloc.o [2]
_Invalidate1Abs          0x802'6261     0x82  Code  Lc  WM.o [2]
_IsInited               0x2000'c9c1      0x1  Data  Lc  WM.o [2]
_IsInitialized          0x2000'cc0c      0x4  Data  Lc  GUI_Core.o [2]
_Key                    0x2000'0054      0x4  Data  Lc  GUI_OnKey.o [2]
_Log2VisBuffered         0x802'9e2d      0x2  Code  Lc  GUI_CharLine.o [2]
_NextDrawWin            0x2000'ca08      0x4  Data  Lc  WM.o [2]
_NextPixel_API          0x2000'005c     0x10  Data  Lc  LCD_NextPixelAPI.o [2]
_NextPixel_End           0x802'b0f9     0x1e  Code  Lc  LCD_NextPixelAPI.o [2]
_NextPixel_FlushBuffer   0x802'af25     0x48  Code  Lc  LCD_NextPixelAPI.o [2]
_NextPixel_NextLine      0x802'b0e1     0x18  Code  Lc  LCD_NextPixelAPI.o [2]
_NextPixel_SetPixel      0x802'affd     0xe4  Code  Lc  LCD_NextPixelAPI.o [2]
_NextPixel_Start         0x802'af6d     0x90  Code  Lc  LCD_NextPixelAPI.o [2]
_NumColors              0x2000'003c      0x4  Data  Lc  LCD_Color.o [2]
_Off                     0x802'a773      0x4  Code  Lc  GUIDRV_Template.o [1]
_On                      0x802'a76d      0x6  Code  Lc  GUIDRV_Template.o [1]
_OnExit                  0x802'6f9f     0x32  Code  Lc  GUI_Alloc.o [2]
_OnExit                  0x802'7b35     0x22  Code  Lc  GUI_Core.o [2]
_OnExit                  0x802'8055     0x10  Code  Lc  LCD_Color.o [2]
_OnExit                  0x802'6c1f     0x1c  Code  Lc  WM.o [2]
_PushFreeBlock           0x802'70fb     0x20  Code  Lc  GUI_Alloc.o [2]
_RemoveFreeBlock         0x802'6d65     0x32  Code  Lc  GUI_Alloc.o [2]
_RemoveHoles             0x802'6e0f     0x94  Code  Lc  GUI_Alloc.o [2]
_SetBkColor              0x802'7699     0x1c  Code  Lc  LCD.o [2]
_SetClipRectUserIntersect
                         0x802'6217     0x4a  Code  Lc  WM.o [2]
_SetColor                0x802'76b5     0x1c  Code  Lc  LCD.o [2]
_SetColorAPI             0x802'bc80      0xc  Data  Lc  LCD.o [2]
_SetDrawMode             0x802'76d1     0x24  Code  Lc  LCD.o [2]
_SetLUTEntry             0x802'a77d     0x18  Code  Lc  GUIDRV_Template.o [1]
_SetOrg                  0x802'a6c5     0x18  Code  Lc  GUIDRV_Template.o [1]
_SetPixelIndex           0x802'a0e1      0xe  Code  Lc  GUIDRV_Template.o [1]
_SetSize                 0x802'a71d     0x38  Code  Lc  GUIDRV_Template.o [1]
_SetVRAMAddr             0x802'a6dd     0x28  Code  Lc  GUIDRV_Template.o [1]
_SetVSize                0x802'a705     0x18  Code  Lc  GUIDRV_Template.o [1]
_TestRAM                 0x802'6ea3     0xfc  Code  Lc  GUI_Alloc.o [2]
_UnlinkDevice            0x802'7d19     0x2a  Code  Lc  GUI_Device.o [2]
_WriteTagData            0x802'6d55     0x10  Code  Lc  GUI_Alloc.o [2]
_XorPixel                0x802'a0ff     0x26  Code  Lc  GUIDRV_Template.o [1]
__NVIC_SetPriority       0x802'9561     0x1a  Code  Lc  stm32f4xx_hal_cortex.o [1]
__aeabi_ldiv0            0x802'a02d           Code  Gb  I64DivZer.o [5]
__aeabi_memclr           0x802'7eed           Code  Gb  ABImemclr.o [5]
__aeabi_memclr4          0x802'8bed           Code  Gb  ABImemclr4.o [5]
__aeabi_memcpy           0x802'7f49           Code  Gb  ABImemcpy.o [5]
__aeabi_memcpy4          0x802'7f69           Code  Gb  ABImemcpy.o [5]
__aeabi_memcpy8          0x802'7f69           Code  Gb  ABImemcpy.o [5]
__aeabi_memmove          0x802'7e55           Code  Gb  ABImemmove.o [5]
__aeabi_memmove4         0x802'7e55           Code  Gb  ABImemmove.o [5]
__aeabi_memmove8         0x802'7e55           Code  Gb  ABImemmove.o [5]
__cmain                  0x802'bbd9           Code  Gb  cmain.o [5]
__exit                   0x802'bc0d     0x14  Code  Gb  exit.o [6]
__iar_Memset4_word       0x802'8cf1           Code  Gb  ABImemset48.o [5]
__iar_Memset8_word       0x802'8cf1           Code  Gb  ABImemset48.o [5]
__iar_Memset_word        0x802'8219           Code  Gb  ABImemset.o [5]
__iar_data_init3         0x802'baf1     0x28  Code  Gb  data_init.o [5]
__iar_init_vfp           0x802'bb75           Code  Gb  fpinit_M.o [4]
__iar_packbits_init_single3
                         0x802'ba01     0x38  Code  Gb  packbits_init_single.o [5]
__iar_program_start      0x802'bc8d           Code  Gb  cstartup_M.o [5]
__iar_small_uldivmod     0x802'9cb9           Code  Gb  I64DivMod_small.o [5]
__iar_zero_init3         0x802'763b     0x3a  Code  Gb  zero_init3.o [5]
__low_level_init         0x802'bbf7      0x4  Code  Gb  low_level_init.o [3]
__vector_table           0x800'0000           Data  Gb  startup_stm32f407xx.o [1]
_aState                 0x2000'ca18     0x58  Data  Lc  GUI_OnKey.o [2]
_aStateLast             0x2000'cb50     0x18  Data  Lc  WM_Touch.o [2]
_acroboconnew            0x800'0188  0x25440  Data  Lc  robocon_image.o [1]
_call_main               0x802'bbe5           Code  Gb  cmain.o [5]
_exit                    0x802'bc01           Code  Gb  cexit.o [5]
_main                    0x802'bbf3           Code  Gb  cmain.o [5]
_pFirstExit             0x2000'cc3c      0x4  Data  Lc  GUI_Core.o [2]
_pReadKey               0x2000'004c      0x4  Data  Lc  GUI_OnKey.o [2]
_pWriteKey              0x2000'0050      0x4  Data  Lc  GUI_OnKey.o [2]
_pcbMotion              0x2000'cb88      0x4  Data  Lc  WM_Touch.o [2]
_pcbToolTip             0x2000'cb8c      0x4  Data  Lc  WM_Touch.o [2]
_pfColor2IndexBulk      0x2000'cc20      0x4  Data  Lc  GUICC_M565.o [2]
_pfIndex2ColorBulk      0x2000'cc24      0x4  Data  Lc  GUICC_M565.o [2]
_pfSignalEvent          0x2000'cc40      0x4  Data  Lc  GUI_WaitEvent.o [2]
acFont8x16               0x802'55c8    0xa30  Data  Lc  F8x16.o [2]
bmroboconnew             0x802'bc50     0x14  Data  Gb  robocon_image.o [1]
cbBackWin                0x802'6b85     0x4a  Code  Lc  WM.o [2]
emWin_LCD_Init           0x802'7a27     0x8c  Code  Gb  LCD.o [2]
exit                     0x802'bbfb      0x4  Code  Gb  exit.o [3]
hcan1                   0x2000'cbc0     0x28  Data  Gb  can.o [1]
hcrc                    0x2000'cc18      0x8  Data  Gb  crc.o [1]
hsram1                  0x2000'ca70     0x50  Data  Gb  fsmc.o [1]
huart1                  0x2000'cb10     0x40  Data  Gb  usart.o [1]
lcddev                  0x2000'0000     0x10  Data  Gb  ILI93xx.o [1]
main                     0x802'8bf5     0x4c  Code  Gb  main.o [1]
uwTick                  0x2000'0018      0x4  Data  Gb  stm32f4xx_hal.o [1]
uwTickFreq              0x2000'0014      0x1  Data  Gb  stm32f4xx_hal.o [1]
uwTickPrio              0x2000'001c      0x4  Data  Gb  stm32f4xx_hal.o [1]


[1] = D:\Users\zohycao\Documents\BUPT\RobotTeam\Project\DisplayLCD\EWARM\DisplayLCD\Obj
[2] = STemWin522_CM4_IAR.a
[3] = dl7M_tlf.a
[4] = m7M_tls.a
[5] = rt7M_tl.a
[6] = shb_l.a

   21 046 bytes of readonly  code memory
  158 695 bytes of readonly  data memory
   53 836 bytes of readwrite data memory

Errors: none
Warnings: 1
