###############################################################################
#
# IAR ELF Linker V8.32.1.169/W32 for ARM                  03/Nov/2019  09:51:15
# Copyright 2007-2018 IAR Systems AB.
#
#    Output file  =  
#        D:\Users\zohycao\Documents\BUPT\RobotTeam\Project\DisplayLCD\EWARM\DisplayLCD\Exe\DisplayLCD.out
#    Map file     =  
#        D:\Users\zohycao\Documents\BUPT\RobotTeam\Project\DisplayLCD\EWARM\DisplayLCD\List\DisplayLCD.map
#    Command line =  
#        -f C:\Users\zohyc\AppData\Local\Temp\EW788A.tmp
#        (D:\Users\zohycao\Documents\BUPT\RobotTeam\Project\DisplayLCD\EWARM\DisplayLCD\Obj\can.o
#        D:\Users\zohycao\Documents\BUPT\RobotTeam\Project\DisplayLCD\EWARM\DisplayLCD\Obj\crc.o
#        D:\Users\zohycao\Documents\BUPT\RobotTeam\Project\DisplayLCD\EWARM\DisplayLCD\Obj\fsmc.o
#        D:\Users\zohycao\Documents\BUPT\RobotTeam\Project\DisplayLCD\EWARM\DisplayLCD\Obj\gpio.o
#        D:\Users\zohycao\Documents\BUPT\RobotTeam\Project\DisplayLCD\EWARM\DisplayLCD\Obj\GUI_X.o
#        D:\Users\zohycao\Documents\BUPT\RobotTeam\Project\DisplayLCD\EWARM\DisplayLCD\Obj\GUIConf.o
#        D:\Users\zohycao\Documents\BUPT\RobotTeam\Project\DisplayLCD\EWARM\DisplayLCD\Obj\GUIDRV_Template.o
#        D:\Users\zohycao\Documents\BUPT\RobotTeam\Project\DisplayLCD\EWARM\DisplayLCD\Obj\ILI93xx.o
#        D:\Users\zohycao\Documents\BUPT\RobotTeam\Project\DisplayLCD\EWARM\DisplayLCD\Obj\LCDConf_FlexColor_Template.o
#        D:\Users\zohycao\Documents\BUPT\RobotTeam\Project\DisplayLCD\EWARM\DisplayLCD\Obj\main.o
#        D:\Users\zohycao\Documents\BUPT\RobotTeam\Project\DisplayLCD\EWARM\DisplayLCD\Obj\startup_stm32f407xx.o
#        D:\Users\zohycao\Documents\BUPT\RobotTeam\Project\DisplayLCD\GUI\Lib\STemWin522_CM4_IAR.a
#        D:\Users\zohycao\Documents\BUPT\RobotTeam\Project\DisplayLCD\EWARM\DisplayLCD\Obj\stm32f4xx_hal.o
#        D:\Users\zohycao\Documents\BUPT\RobotTeam\Project\DisplayLCD\EWARM\DisplayLCD\Obj\stm32f4xx_hal_can.o
#        D:\Users\zohycao\Documents\BUPT\RobotTeam\Project\DisplayLCD\EWARM\DisplayLCD\Obj\stm32f4xx_hal_cortex.o
#        D:\Users\zohycao\Documents\BUPT\RobotTeam\Project\DisplayLCD\EWARM\DisplayLCD\Obj\stm32f4xx_hal_crc.o
#        D:\Users\zohycao\Documents\BUPT\RobotTeam\Project\DisplayLCD\EWARM\DisplayLCD\Obj\stm32f4xx_hal_dma.o
#        D:\Users\zohycao\Documents\BUPT\RobotTeam\Project\DisplayLCD\EWARM\DisplayLCD\Obj\stm32f4xx_hal_dma_ex.o
#        D:\Users\zohycao\Documents\BUPT\RobotTeam\Project\DisplayLCD\EWARM\DisplayLCD\Obj\stm32f4xx_hal_exti.o
#        D:\Users\zohycao\Documents\BUPT\RobotTeam\Project\DisplayLCD\EWARM\DisplayLCD\Obj\stm32f4xx_hal_flash.o
#        D:\Users\zohycao\Documents\BUPT\RobotTeam\Project\DisplayLCD\EWARM\DisplayLCD\Obj\stm32f4xx_hal_flash_ex.o
#        D:\Users\zohycao\Documents\BUPT\RobotTeam\Project\DisplayLCD\EWARM\DisplayLCD\Obj\stm32f4xx_hal_flash_ramfunc.o
#        D:\Users\zohycao\Documents\BUPT\RobotTeam\Project\DisplayLCD\EWARM\DisplayLCD\Obj\stm32f4xx_hal_gpio.o
#        D:\Users\zohycao\Documents\BUPT\RobotTeam\Project\DisplayLCD\EWARM\DisplayLCD\Obj\stm32f4xx_hal_msp.o
#        D:\Users\zohycao\Documents\BUPT\RobotTeam\Project\DisplayLCD\EWARM\DisplayLCD\Obj\stm32f4xx_hal_pwr.o
#        D:\Users\zohycao\Documents\BUPT\RobotTeam\Project\DisplayLCD\EWARM\DisplayLCD\Obj\stm32f4xx_hal_pwr_ex.o
#        D:\Users\zohycao\Documents\BUPT\RobotTeam\Project\DisplayLCD\EWARM\DisplayLCD\Obj\stm32f4xx_hal_rcc.o
#        D:\Users\zohycao\Documents\BUPT\RobotTeam\Project\DisplayLCD\EWARM\DisplayLCD\Obj\stm32f4xx_hal_rcc_ex.o
#        D:\Users\zohycao\Documents\BUPT\RobotTeam\Project\DisplayLCD\EWARM\DisplayLCD\Obj\stm32f4xx_hal_sram.o
#        D:\Users\zohycao\Documents\BUPT\RobotTeam\Project\DisplayLCD\EWARM\DisplayLCD\Obj\stm32f4xx_hal_tim.o
#        D:\Users\zohycao\Documents\BUPT\RobotTeam\Project\DisplayLCD\EWARM\DisplayLCD\Obj\stm32f4xx_hal_tim_ex.o
#        D:\Users\zohycao\Documents\BUPT\RobotTeam\Project\DisplayLCD\EWARM\DisplayLCD\Obj\stm32f4xx_hal_uart.o
#        D:\Users\zohycao\Documents\BUPT\RobotTeam\Project\DisplayLCD\EWARM\DisplayLCD\Obj\stm32f4xx_it.o
#        D:\Users\zohycao\Documents\BUPT\RobotTeam\Project\DisplayLCD\EWARM\DisplayLCD\Obj\stm32f4xx_ll_fsmc.o
#        D:\Users\zohycao\Documents\BUPT\RobotTeam\Project\DisplayLCD\EWARM\DisplayLCD\Obj\system_stm32f4xx.o
#        D:\Users\zohycao\Documents\BUPT\RobotTeam\Project\DisplayLCD\EWARM\DisplayLCD\Obj\usart.o
#        --redirect _Printf=_PrintfFull --redirect _Scanf=_ScanfFull
#        --no_out_extension -o
#        D:\Users\zohycao\Documents\BUPT\RobotTeam\Project\DisplayLCD\EWARM\DisplayLCD\Exe\DisplayLCD.out
#        --map
#        D:\Users\zohycao\Documents\BUPT\RobotTeam\Project\DisplayLCD\EWARM\DisplayLCD\List\DisplayLCD.map
#        --config
#        D:\Users\zohycao\Documents\BUPT\RobotTeam\Project\DisplayLCD\EWARM/stm32f407xx_flash.icf
#        --semihosting --entry __iar_program_start --vfe --utf8_text_in
#        --text_out utf8)
#
###############################################################################

*******************************************************************************
*** MESSAGES
***

Warning[Lt009]: Inconsistent wchar_t size
            GUI_Alloc.o(STemWin522_CM4_IAR.a) and 121 other objects in
                      STemWin522_CM4_IAR.a have wchar_t size 16 bits
            can.o and 46 other objects, some of them in dl7M_tlf.a and 11 other
                      libraries have wchar_t size 32 bits


*******************************************************************************
*** RUNTIME MODEL ATTRIBUTES
***

CppFlavor       = *
__SystemLibrary = DLib
__dlib_version  = 6


*******************************************************************************
*** HEAP SELECTION
***

The basic heap was selected because no calls to memory allocation
functions were found in the application outside of system library
functions, and there are calls to deallocation functions in the
application.


*******************************************************************************
*** PLACEMENT SUMMARY
***

"A0":  place at 0x800'0000 { ro section .intvec };
"P1":  place in [from 0x800'0000 to 0x80f'ffff] { ro };
define block CSTACK with size = 1536, alignment = 8 { };
define block HEAP with size = 1792, alignment = 8 { };
"P2":  place in [from 0x2000'0000 to 0x2001'ffff] {
          rw, block CSTACK, block HEAP };
initialize by copy { rw };

  Section            Kind         Address    Size  Object
  -------            ----         -------    ----  ------
"A0":                                       0x188
  .intvec            ro code   0x800'0000   0x188  startup_stm32f407xx.o [1]
                             - 0x800'0188   0x188

"P1":                                      0x611a
  .rodata            const     0x800'0188   0xc30  F8x16.o [2]
  .text              ro code   0x800'0db8   0xb14  WM.o [2]
  .text              ro code   0x800'18cc    0x30  LCD_SetClipRectEx.o [2]
  .text              ro code   0x800'18fc   0x630  GUI_Alloc.o [2]
  .text              ro code   0x800'1f2c    0x40  GUI__IntersectRect.o [2]
  .text              ro code   0x800'1f6c    0x58  GUI_MergeRect.o [2]
  .text              ro code   0x800'1fc4    0x10  GUI_WaitEvent.o [2]
  .text              ro code   0x800'1fd4    0x1c  GUI_MoveRect.o [2]
  .text              ro code   0x800'1ff0    0x44  GUIDEV.o [2]
  .text              ro code   0x800'2034     0xe  WM_GetFirstChild.o [2]
  .text              ro code   0x800'2042    0x62  GUI__IntersectRects.o [2]
  .text              ro code   0x800'20a4    0x38  GUI_RectsIntersect.o [2]
  .text              ro code   0x800'20dc    0x40  WM__SendMessage.o [2]
  .text              ro code   0x800'211c    0x24  GUI_ALLOC_AllocZero.o [2]
  .text              ro code   0x800'2140    0x82  WM_BringToBottom.o [2]
  .text              ro code   0x800'21c2    0x3a  zero_init3.o [5]
  .text              ro code   0x800'21fc    0x24  GUI_SelectLayer.o [2]
  .text              ro code   0x800'2220   0x484  LCD.o [2]
  .text              ro code   0x800'26a4    0x10  GUI_OnKey.o [2]
  .text              ro code   0x800'26b4     0x4  GUI_SetColor.o [2]
  .text              ro code   0x800'26b8   0x1a4  GUI_Core.o [2]
  .text              ro code   0x800'285c    0x22  WM_GetClientRect.o [2]
  .text              ro code   0x800'287e    0x1c  WM_SendToParent.o [2]
  .text              ro code   0x800'289c   0x12c  GUI_Device.o [2]
  .text              ro code   0x800'29c8    0x10  WM_CriticalHandle.o [2]
  .text              ro code   0x800'29d8    0x96  ABImemmove.o [5]
  .text              ro code   0x800'2a70     0x6  ABImemclr.o [5]
  .text              ro code   0x800'2a76    0x54  GUI__memset.o [2]
  .text              ro code   0x800'2acc    0xa6  ABImemcpy.o [5]
  .text              ro code   0x800'2b72    0x12  GUI_SelectLCD.o [2]
  .text              ro code   0x800'2b84    0x22  GUIDEV_Usage.o [2]
  .text              ro code   0x800'2ba6    0x22  WM__GetPrevSibling.o [2]
  .text              ro code   0x800'2bc8     0xe  WM_GetParent.o [2]
  .text              ro code   0x800'2bd8    0xb4  LCD_Color.o [2]
  .text              ro code   0x800'2c8c    0x10  GUI_Goto.o [2]
  .text              ro code   0x800'2c9c    0x24  GUIConf.o [1]
  .text              ro code   0x800'2cc0    0x4c  LCDConf_FlexColor_Template.o [1]
  .text              ro code   0x800'2d0c     0x2  GUI_X.o [1]
  .text              ro code   0x800'2d10    0x18  WM_GetDesktopWindow.o [2]
  .text              ro code   0x800'2d28    0x30  GUI_SetOrg.o [2]
  .text              ro code   0x800'2d58    0x5e  ABImemset.o [5]
  .text              ro code   0x800'2db8    0x44  LCD_SelectLCD.o [2]
  .text              ro code   0x800'2dfc    0x24  LCD_UpdateColorIndices.o [2]
  .text              ro code   0x800'2e20    0x10  WM__GetFirstSibling.o [2]
  .text              ro code   0x800'2e30    0x1a  LCD_GetNumDisplays.o [2]
  .text              ro code   0x800'2e4c    0x86  LCD_Set.o [2]
  .text              ro code   0x800'2ed4    0xc2  LCD_GetEx.o [2]
  .text              ro code   0x800'2f98   0x2f8  ILI93xx.o [1]
  .text              ro code   0x800'3290   0x1d8  stm32f4xx_hal_gpio.o [1]
  .text              ro code   0x800'3468    0x52  stm32f4xx_hal_sram.o [1]
  .text              ro code   0x800'34bc    0x28  stm32f4xx_hal.o [1]
  .text              ro code   0x800'34e4   0x13c  fsmc.o [1]
  .text              ro code   0x800'3620    0xd4  stm32f4xx_ll_fsmc.o [1]
  .text              ro code   0x800'36f4     0xc  stm32f4xx_hal.o [1]
  .text              ro code   0x800'3700     0x6  ABImemclr4.o [5]
  .text              ro code   0x800'3708    0xe4  main.o [1]
  .text              ro code   0x800'37ec    0x32  ABImemset48.o [5]
  .text              ro code   0x800'3820    0x34  stm32f4xx_hal.o [1]
  .text              ro code   0x800'3854    0xc0  gpio.o [1]
  .text              ro code   0x800'3914    0xdc  can.o [1]
  .text              ro code   0x800'39f0    0x4c  crc.o [1]
  .text              ro code   0x800'3a3c    0xa8  usart.o [1]
  .text              ro code   0x800'3ae4    0x10  GUI_DispStringAt.o [2]
  .text              ro code   0x800'3af4   0x2e0  stm32f4xx_hal_rcc.o [1]
  .text              ro code   0x800'3dd4   0x19c  stm32f4xx_hal_rcc.o [1]
  .text              ro code   0x800'3f70    0xc4  stm32f4xx_hal_cortex.o [1]
  .text              ro code   0x800'4034    0x40  stm32f4xx_hal.o [1]
  .text              ro code   0x800'4074    0x38  stm32f4xx_hal_msp.o [1]
  .text              ro code   0x800'40ac   0x308  stm32f4xx_hal_can.o [1]
  .text              ro code   0x800'43b4    0x22  stm32f4xx_hal_crc.o [1]
  .text              ro code   0x800'43d8   0x1ee  stm32f4xx_hal_uart.o [1]
  .text              ro code   0x800'45c8    0xfc  GUI_DispString.o [2]
  .text              ro code   0x800'46c4   0x106  I64DivMod_small.o [5]
  .text              ro code   0x800'47ca     0x2  stm32f4xx_hal_can.o [1]
  .text              ro code   0x800'47cc     0x2  stm32f4xx_hal_can.o [1]
  .text              ro code   0x800'47ce     0x2  stm32f4xx_hal_can.o [1]
  .text              ro code   0x800'47d0     0x2  stm32f4xx_hal_can.o [1]
  .text              ro code   0x800'47d2     0x2  stm32f4xx_hal_can.o [1]
  .text              ro code   0x800'47d4     0x2  stm32f4xx_hal_can.o [1]
  .text              ro code   0x800'47d6     0x2  stm32f4xx_hal_can.o [1]
  .text              ro code   0x800'47d8     0x2  stm32f4xx_hal_can.o [1]
  .text              ro code   0x800'47da     0x2  stm32f4xx_hal_can.o [1]
  .text              ro code   0x800'47dc     0x2  stm32f4xx_hal_can.o [1]
  .text              ro code   0x800'47de     0x2  stm32f4xx_hal_can.o [1]
  .text              ro code   0x800'47e0     0x2  stm32f4xx_hal_can.o [1]
  .text              ro code   0x800'47e2     0x2  stm32f4xx_hal_can.o [1]
  .text              ro code   0x800'47e4    0x54  GUI_Char.o [2]
  .text              ro code   0x800'4838   0x1b4  GUI_CharLine.o [2]
  .text              ro code   0x800'49ec    0x4c  GUI_UC.o [2]
  .text              ro code   0x800'4a38     0x2  I64DivZer.o [5]
  .text              ro code   0x800'4a3c    0xb0  GUI__ManageCache.o [2]
  .text              ro code   0x800'4aec   0x72c  GUIDRV_Template.o [1]
  .rodata            const     0x800'5218   0x718  F6x8.o [2]
  .text              ro code   0x800'5930   0x174  GUI_CharM.o [2]
  .rodata            const     0x800'5aa4   0x100  GUI__DivTbl_255_31.o [2]
  .rodata            const     0x800'5ba4   0x100  GUI__DivTbl_255_63.o [2]
  .text              ro code   0x800'5ca4    0xc0  GUICC_M565.o [2]
  .text              ro code   0x800'5d64    0xc0  GUICC_0.o [2]
  .text              ro code   0x800'5e24    0x3e  GUI_CalcColorDist.o [2]
  .text              ro code   0x800'5e64    0x60  system_stm32f4xx.o [1]
  .rodata            const     0x800'5ec4    0x40  GUI__DivTbl_63_255.o [2]
  .text              ro code   0x800'5f04    0x38  packbits_init_single.o [5]
  .rodata            const     0x800'5f3c    0x34  GUIDRV_Template.o [1]
  .text              ro code   0x800'5f70    0x32  stm32f4xx_it.o [1]
  .text              ro code   0x800'5fa4    0x10  stm32f4xx_hal.o [1]
  .text              ro code   0x800'5fb4    0x2c  GUICC_M565_Index2Color.o [2]
  .text              ro code   0x800'5fe0    0x28  data_init.o [5]
  .text              ro code   0x800'6008    0x24  GUI_UC_EncodeNone.o [2]
  .text              ro code   0x800'602c    0x22  fpinit_M.o [4]
  .iar.init_table    const     0x800'6050    0x20  - Linker created -
  .rodata            const     0x800'6070    0x20  GUI__DivTbl_31_255.o [2]
  .text              ro code   0x800'6090    0x1e  cmain.o [5]
  .text              ro code   0x800'60ae     0x4  low_level_init.o [3]
  .text              ro code   0x800'60b2     0x4  exit.o [3]
  .text              ro code   0x800'60b8     0xa  cexit.o [5]
  .text              ro code   0x800'60c4    0x14  exit.o [6]
  .rodata            const     0x800'60d8    0x18  GUICC_M565.o [2]
  .rodata            const     0x800'60f0    0x18  GUICC_0.o [2]
  .text              ro code   0x800'6108    0x10  startup_stm32f407xx.o [1]
  .rodata            const     0x800'6118     0xc  LCD.o [2]
  .text              ro code   0x800'6124     0xc  cstartup_M.o [5]
  .rodata            const     0x800'6130     0x8  system_stm32f4xx.o [1]
  .text              ro code   0x800'6138     0x4  startup_stm32f407xx.o [1]
  .text              ro code   0x800'613c     0x4  startup_stm32f407xx.o [1]
  .text              ro code   0x800'6140     0x4  startup_stm32f407xx.o [1]
  .text              ro code   0x800'6144     0x4  startup_stm32f407xx.o [1]
  .text              ro code   0x800'6148     0x4  startup_stm32f407xx.o [1]
  .text              ro code   0x800'614c     0x4  startup_stm32f407xx.o [1]
  .text              ro code   0x800'6150     0x4  startup_stm32f407xx.o [1]
  .text              ro code   0x800'6154     0x4  startup_stm32f407xx.o [1]
  .text              ro code   0x800'6158     0x4  startup_stm32f407xx.o [1]
  .text              ro code   0x800'615c     0x4  startup_stm32f407xx.o [1]
  .text              ro code   0x800'6160     0x4  startup_stm32f407xx.o [1]
  .text              ro code   0x800'6164     0x4  startup_stm32f407xx.o [1]
  .text              ro code   0x800'6168     0x4  startup_stm32f407xx.o [1]
  .text              ro code   0x800'616c     0x4  startup_stm32f407xx.o [1]
  .text              ro code   0x800'6170     0x4  startup_stm32f407xx.o [1]
  .text              ro code   0x800'6174     0x4  startup_stm32f407xx.o [1]
  .text              ro code   0x800'6178     0x4  startup_stm32f407xx.o [1]
  .text              ro code   0x800'617c     0x4  startup_stm32f407xx.o [1]
  .text              ro code   0x800'6180     0x4  startup_stm32f407xx.o [1]
  .text              ro code   0x800'6184     0x4  startup_stm32f407xx.o [1]
  .text              ro code   0x800'6188     0x4  startup_stm32f407xx.o [1]
  .text              ro code   0x800'618c     0x4  startup_stm32f407xx.o [1]
  .text              ro code   0x800'6190     0x4  startup_stm32f407xx.o [1]
  .text              ro code   0x800'6194     0x4  startup_stm32f407xx.o [1]
  .text              ro code   0x800'6198     0x4  startup_stm32f407xx.o [1]
  .text              ro code   0x800'619c     0x4  startup_stm32f407xx.o [1]
  .text              ro code   0x800'61a0     0x4  startup_stm32f407xx.o [1]
  .text              ro code   0x800'61a4     0x4  startup_stm32f407xx.o [1]
  .text              ro code   0x800'61a8     0x4  startup_stm32f407xx.o [1]
  .text              ro code   0x800'61ac     0x4  startup_stm32f407xx.o [1]
  .text              ro code   0x800'61b0     0x4  startup_stm32f407xx.o [1]
  .text              ro code   0x800'61b4     0x4  startup_stm32f407xx.o [1]
  .text              ro code   0x800'61b8     0x4  startup_stm32f407xx.o [1]
  .text              ro code   0x800'61bc     0x4  startup_stm32f407xx.o [1]
  .text              ro code   0x800'61c0     0x4  startup_stm32f407xx.o [1]
  .text              ro code   0x800'61c4     0x4  startup_stm32f407xx.o [1]
  .text              ro code   0x800'61c8     0x4  startup_stm32f407xx.o [1]
  .text              ro code   0x800'61cc     0x4  startup_stm32f407xx.o [1]
  .text              ro code   0x800'61d0     0x4  startup_stm32f407xx.o [1]
  .text              ro code   0x800'61d4     0x4  startup_stm32f407xx.o [1]
  .text              ro code   0x800'61d8     0x4  startup_stm32f407xx.o [1]
  .text              ro code   0x800'61dc     0x4  startup_stm32f407xx.o [1]
  .text              ro code   0x800'61e0     0x4  startup_stm32f407xx.o [1]
  .text              ro code   0x800'61e4     0x4  startup_stm32f407xx.o [1]
  .text              ro code   0x800'61e8     0x4  startup_stm32f407xx.o [1]
  .text              ro code   0x800'61ec     0x4  startup_stm32f407xx.o [1]
  .text              ro code   0x800'61f0     0x4  startup_stm32f407xx.o [1]
  .text              ro code   0x800'61f4     0x4  startup_stm32f407xx.o [1]
  .text              ro code   0x800'61f8     0x4  startup_stm32f407xx.o [1]
  .text              ro code   0x800'61fc     0x4  startup_stm32f407xx.o [1]
  .text              ro code   0x800'6200     0x4  startup_stm32f407xx.o [1]
  .text              ro code   0x800'6204     0x4  startup_stm32f407xx.o [1]
  .text              ro code   0x800'6208     0x4  startup_stm32f407xx.o [1]
  .text              ro code   0x800'620c     0x4  startup_stm32f407xx.o [1]
  .text              ro code   0x800'6210     0x4  startup_stm32f407xx.o [1]
  .text              ro code   0x800'6214     0x4  startup_stm32f407xx.o [1]
  .text              ro code   0x800'6218     0x4  startup_stm32f407xx.o [1]
  .text              ro code   0x800'621c     0x4  startup_stm32f407xx.o [1]
  .text              ro code   0x800'6220     0x4  startup_stm32f407xx.o [1]
  .text              ro code   0x800'6224     0x4  startup_stm32f407xx.o [1]
  .text              ro code   0x800'6228     0x4  startup_stm32f407xx.o [1]
  .text              ro code   0x800'622c     0x4  startup_stm32f407xx.o [1]
  .text              ro code   0x800'6230     0x4  startup_stm32f407xx.o [1]
  .text              ro code   0x800'6234     0x4  startup_stm32f407xx.o [1]
  .text              ro code   0x800'6238     0x4  startup_stm32f407xx.o [1]
  .text              ro code   0x800'623c     0x4  startup_stm32f407xx.o [1]
  .text              ro code   0x800'6240     0x4  startup_stm32f407xx.o [1]
  .text              ro code   0x800'6244     0x4  startup_stm32f407xx.o [1]
  .text              ro code   0x800'6248     0x4  startup_stm32f407xx.o [1]
  .text              ro code   0x800'624c     0x4  startup_stm32f407xx.o [1]
  .text              ro code   0x800'6250     0x4  startup_stm32f407xx.o [1]
  .text              ro code   0x800'6254     0x4  startup_stm32f407xx.o [1]
  .text              ro code   0x800'6258     0x4  startup_stm32f407xx.o [1]
  .text              ro code   0x800'625c     0x4  startup_stm32f407xx.o [1]
  .text              ro code   0x800'6260     0x4  startup_stm32f407xx.o [1]
  .text              ro code   0x800'6264     0x4  startup_stm32f407xx.o [1]
  .text              ro code   0x800'6268     0x4  startup_stm32f407xx.o [1]
  .text              ro code   0x800'626c     0x4  startup_stm32f407xx.o [1]
  .rodata            const     0x800'6270     0x0  zero_init3.o [5]
  .rodata            const     0x800'6270     0x0  packbits_init_single.o [5]
  Initializer bytes  const     0x800'6270    0x32  <for P2-1>
                             - 0x800'62a2  0x611a

"P2", part 1 of 3:                           0x58
  P2-1                        0x2000'0000    0x58  <Init block>
    .data            inited   0x2000'0000    0x14  ILI93xx.o [1]
    .data            inited   0x2000'0014     0xc  stm32f4xx_hal.o [1]
    .data            inited   0x2000'0020     0x4  system_stm32f4xx.o [1]
    .data            inited   0x2000'0024    0x10  GUI_Core.o [2]
    .data            inited   0x2000'0034     0x4  LCD.o [2]
    .data            inited   0x2000'0038    0x10  LCD_Color.o [2]
    .data            inited   0x2000'0048     0xc  GUI_OnKey.o [2]
    .data            inited   0x2000'0054     0x4  GUI_CharLine.o [2]
                            - 0x2000'0058    0x58

"P2", part 2 of 3:                         0xcbb4
  .bss               zero     0x2000'0058  0xc800  GUIConf.o [1]
  .bss               zero     0x2000'c858    0xbc  GUI_Alloc.o [2]
  .bss               zero     0x2000'c914    0x80  GUI_Core.o [2]
  .bss               zero     0x2000'c994    0x70  WM.o [2]
  .bss               zero     0x2000'ca04    0x58  GUI_OnKey.o [2]
  .bss               zero     0x2000'ca5c    0x50  fsmc.o [1]
  .bss               zero     0x2000'caac    0x50  ILI93xx.o [1]
  .bss               zero     0x2000'cafc    0x40  usart.o [1]
  .bss               zero     0x2000'cb3c    0x40  WM_Touch.o [2]
  .bss               zero     0x2000'cb7c    0x28  can.o [1]
  .bss               zero     0x2000'cba4    0x14  GUI_Alloc.o [2]
  .bss               zero     0x2000'cbb8    0x10  WM_Touch.o [2]
  .bss               zero     0x2000'cbc8     0xc  GUI_Core.o [2]
  .bss               zero     0x2000'cbd4     0x8  crc.o [1]
  .bss               zero     0x2000'cbdc     0x8  GUICC_M565.o [2]
  .bss               zero     0x2000'cbe4     0x8  GUI__ManageCache.o [2]
  .bss               zero     0x2000'cbec     0x4  fsmc.o [1]
  .bss               zero     0x2000'cbf0     0x4  GUI_X.o [1]
  .bss               zero     0x2000'cbf4     0x4  GUI_Core.o [2]
  .bss               zero     0x2000'cbf8     0x4  GUI_Core.o [2]
  .bss               zero     0x2000'cbfc     0x4  GUI_Core.o [2]
  .bss               zero     0x2000'cc00     0x4  GUI_WaitEvent.o [2]
  .bss               zero     0x2000'cc04     0x4  WM__SendMessage.o [2]
  .bss               zero     0x2000'cc08     0x2  GUI_Core.o [2]
  .bss               zero     0x2000'cc0a     0x2  GUI_Core.o [2]
                            - 0x2000'cc0c  0xcbb4

"P2", part 3 of 3:                          0x600
  CSTACK                      0x2000'cc10   0x600  <Block>
    CSTACK           uninit   0x2000'cc10   0x600  <Block tail>
                            - 0x2000'd210   0x600

Unused ranges:

         From           To      Size
         ----           --      ----
   0x800'62a2   0x80f'ffff  0xf'9d5e
  0x2000'cc0c  0x2000'cc0f       0x4
  0x2000'd210  0x2001'ffff  0x1'2df0


*******************************************************************************
*** INIT TABLE
***

          Address      Size
          -------      ----
Zero (__iar_zero_init3)
    1 destination range, total size 0xcbb4:
          0x2000'0058  0xcbb4

Copy/packbits (__iar_packbits_init_single3)
    1 source range, total size 0x32 (56% of destination):
           0x800'6270    0x32
    1 destination range, total size 0x58:
          0x2000'0000    0x58



*******************************************************************************
*** MODULE SUMMARY
***

    Module                        ro code  ro data  rw data
    ------                        -------  -------  -------
command line/config:
    -------------------------------------------------------
    Total:

D:\Users\zohycao\Documents\BUPT\RobotTeam\Project\DisplayLCD\EWARM\DisplayLCD\Obj: [1]
    GUIConf.o                          36            51 200
    GUIDRV_Template.o               1 836       52
    GUI_X.o                             2                 4
    ILI93xx.o                         760       11      100
    LCDConf_FlexColor_Template.o       76
    can.o                             220                40
    crc.o                              76                 8
    fsmc.o                            316                84
    gpio.o                            192
    main.o                            228
    startup_stm32f407xx.o             720
    stm32f4xx_hal.o                   184        7       12
    stm32f4xx_hal_can.o               802
    stm32f4xx_hal_cortex.o            196
    stm32f4xx_hal_crc.o                34
    stm32f4xx_hal_gpio.o              472
    stm32f4xx_hal_msp.o                56
    stm32f4xx_hal_rcc.o             1 148
    stm32f4xx_hal_sram.o               82
    stm32f4xx_hal_uart.o              494
    stm32f4xx_it.o                     50
    stm32f4xx_ll_fsmc.o               212
    system_stm32f4xx.o                 96       10        4
    usart.o                           168                64
    -------------------------------------------------------
    Total:                          8 456       80   51 516

STemWin522_CM4_IAR.a: [2]
    F6x8.o                                   1 816
    F8x16.o                                  3 120
    GUICC_0.o                         192       24
    GUICC_M565.o                      192       24        8
    GUICC_M565_Index2Color.o           44
    GUIDEV.o                           68
    GUIDEV_Usage.o                     34
    GUI_ALLOC_AllocZero.o              36
    GUI_Alloc.o                     1 584               208
    GUI_CalcColorDist.o                62
    GUI_Char.o                         84
    GUI_CharLine.o                    436        3        4
    GUI_CharM.o                       372
    GUI_Core.o                        420        9      172
    GUI_Device.o                      300
    GUI_DispString.o                  252
    GUI_DispStringAt.o                 16
    GUI_Goto.o                         16
    GUI_MergeRect.o                    88
    GUI_MoveRect.o                     28
    GUI_OnKey.o                        16        7      100
    GUI_RectsIntersect.o               56
    GUI_SelectLCD.o                    18
    GUI_SelectLayer.o                  36
    GUI_SetColor.o                      4
    GUI_SetOrg.o                       48
    GUI_UC.o                           76
    GUI_UC_EncodeNone.o                36
    GUI_WaitEvent.o                    16                 4
    GUI__DivTbl_255_31.o                       256
    GUI__DivTbl_255_63.o                       256
    GUI__DivTbl_31_255.o                        32
    GUI__DivTbl_63_255.o                        64
    GUI__IntersectRect.o               64
    GUI__IntersectRects.o              98
    GUI__ManageCache.o                176                 8
    GUI__memset.o                      84
    LCD.o                           1 156       14        4
    LCD_Color.o                       180        9       16
    LCD_GetEx.o                       194
    LCD_GetNumDisplays.o               26
    LCD_SelectLCD.o                    68
    LCD_Set.o                         134
    LCD_SetClipRectEx.o                48
    LCD_UpdateColorIndices.o           36
    WM.o                            2 836               112
    WM_BringToBottom.o                130
    WM_CriticalHandle.o                16
    WM_GetClientRect.o                 34
    WM_GetDesktopWindow.o              24
    WM_GetFirstChild.o                 14
    WM_GetParent.o                     14
    WM_SendToParent.o                  28
    WM_Touch.o                                           80
    WM__GetFirstSibling.o              16
    WM__GetPrevSibling.o               34
    WM__SendMessage.o                  64                 4
    -------------------------------------------------------
    Total:                         10 004    5 634      720

dl7M_tlf.a: [3]
    exit.o                              4
    low_level_init.o                    4
    -------------------------------------------------------
    Total:                              8

m7M_tls.a: [4]
    fpinit_M.o                         34
    -------------------------------------------------------
    Total:                             34

rt7M_tl.a: [5]
    ABImemclr.o                         6
    ABImemclr4.o                        6
    ABImemcpy.o                       166
    ABImemmove.o                      150
    ABImemset.o                        94
    ABImemset48.o                      50
    I64DivMod_small.o                 262
    I64DivZer.o                         2
    cexit.o                            10
    cmain.o                            30
    cstartup_M.o                       12
    data_init.o                        40
    packbits_init_single.o             56
    zero_init3.o                       58
    -------------------------------------------------------
    Total:                            942

shb_l.a: [6]
    exit.o                             20
    -------------------------------------------------------
    Total:                             20

    Gaps                               38        2
    Linker created                              32    1 536
-----------------------------------------------------------
    Grand Total:                   19 502    5 748   53 772


*******************************************************************************
*** ENTRY LIST
***

Entry                       Address    Size  Type      Object
-----                       -------    ----  ----      ------
.iar.init_table$$Base    0x800'6050           --   Gb  - Linker created -
.iar.init_table$$Limit   0x800'6070           --   Gb  - Linker created -
?main                    0x800'6091          Code  Gb  cmain.o [5]
AHBPrescTable            0x800'5eb4    0x10  Data  Gb  system_stm32f4xx.o [1]
APBPrescTable            0x800'6130     0x8  Data  Gb  system_stm32f4xx.o [1]
BACK_COLOR              0x2000'0012     0x2  Data  Gb  ILI93xx.o [1]
BusFault_Handler         0x800'5f77     0x2  Code  Gb  stm32f4xx_it.o [1]
CAN1_RX0_IRQHandler      0x800'5f8d     0x2  Code  Gb  stm32f4xx_it.o [1]
CAN1_RX1_IRQHandler      0x800'5f91     0x2  Code  Gb  stm32f4xx_it.o [1]
CAN1_SCE_IRQHandler      0x800'5fa1     0x2  Code  Gb  stm32f4xx_it.o [1]
CSTACK$$Base            0x2000'cc10           --   Gb  - Linker created -
CSTACK$$Limit           0x2000'd210           --   Gb  - Linker created -
DebugMon_Handler         0x800'5f7d     0x2  Code  Gb  stm32f4xx_it.o [1]
Error_Handler            0x800'37d9     0x2  Code  Gb  main.o [1]
FSMC_Initialized        0x2000'cbec     0x4  Data  Lc  fsmc.o [1]
FSMC_NORSRAM_Extended_Timing_Init
                         0x800'36b1    0x3c  Code  Gb  stm32f4xx_ll_fsmc.o [1]
FSMC_NORSRAM_Init        0x800'3621    0x50  Code  Gb  stm32f4xx_ll_fsmc.o [1]
FSMC_NORSRAM_Timing_Init
                         0x800'3671    0x40  Code  Gb  stm32f4xx_ll_fsmc.o [1]
FontMono8x16x3           0x800'0d80    0x14  Data  Lc  F8x16.o [2]
GUIDRV_Template_API      0x800'5f3c    0x34  Data  Gb  GUIDRV_Template.o [1]
GUIMONO_DispChar         0x800'5931   0x106  Code  Gb  GUI_CharM.o [2]
GUIMONO_GetCharDistX     0x800'5a51    0x12  Code  Gb  GUI_CharM.o [2]
GUIMONO_GetFontInfo      0x800'5a69     0x6  Code  Gb  GUI_CharM.o [2]
GUIMONO_IsInFont         0x800'5a6f    0x36  Code  Gb  GUI_CharM.o [2]
GUI_ALLOC_AllocNoInit    0x800'1e77     0xa  Code  Gb  GUI_Alloc.o [2]
GUI_ALLOC_AllocZero      0x800'211d    0x24  Code  Gb  GUI_ALLOC_AllocZero.o [2]
GUI_ALLOC_AssignMemory   0x800'1ed1     0xc  Code  Gb  GUI_Alloc.o [2]
GUI_ALLOC_Free           0x800'1ef5    0x2c  Code  Gb  GUI_Alloc.o [2]
GUI_ALLOC_FreeFixedBlock
                         0x800'1dbf    0x10  Code  Gb  GUI_Alloc.o [2]
GUI_ALLOC_GetFixedBlock
                         0x800'1dcf    0xa8  Code  Gb  GUI_Alloc.o [2]
GUI_ALLOC_LockH          0x800'1e91    0x16  Code  Gb  GUI_Alloc.o [2]
GUI_ALLOC_SetAvBlockSize
                         0x800'1edd    0x18  Code  Gb  GUI_Alloc.o [2]
GUI_ALLOC_UnlockH        0x800'1ea7    0x2a  Code  Gb  GUI_Alloc.o [2]
GUI_ALLOC__Context      0x2000'c858    0xbc  Data  Gb  GUI_Alloc.o [2]
GUI_ALLOC_h2p            0x800'1e81    0x10  Code  Gb  GUI_Alloc.o [2]
GUI_CalcColorDist        0x800'5e25    0x3e  Code  Gb  GUI_CalcColorDist.o [2]
GUI_CharLine_pfLog2Vis  0x2000'0054     0x4  Data  Gb  GUI_CharLine.o [2]
GUI_Clear                0x800'273b    0x1a  Code  Gb  GUI_Core.o [2]
GUI_ClearRect            0x800'26e1    0x5a  Code  Gb  GUI_Core.o [2]
GUI_DEVICE_Create        0x800'28eb    0x46  Code  Gb  GUI_Device.o [2]
GUI_DEVICE_CreateAndLink
                         0x800'299d    0x24  Code  Gb  GUI_Device.o [2]
GUI_DEVICE_Delete        0x800'28e7     0x4  Code  Gb  GUI_Device.o [2]
GUI_DEVICE_Link          0x800'2933    0x6a  Code  Gb  GUI_Device.o [2]
GUI_DEVICE_Unlink        0x800'2931     0x2  Code  Gb  GUI_Device.o [2]
GUI_DEVICE__GetpDriver   0x800'28c7    0x20  Code  Gb  GUI_Device.o [2]
GUI_DecChar             0x2000'0024     0x1  Data  Gb  GUI_Core.o [2]
GUI_DispString           0x800'45c9    0xfc  Code  Gb  GUI_DispString.o [2]
GUI_DispStringAt         0x800'3ae5    0x10  Code  Gb  GUI_DispStringAt.o [2]
GUI_F6x8_Mono            0x800'58f8    0x14  Data  Lc  F6x8.o [2]
GUI_F6x8_TI8859_1        0x800'58f0     0x8  Data  Lc  F6x8.o [2]
GUI_F6x8_TL8859_1        0x800'5730   0x1c0  Data  Lc  F6x8.o [2]
GUI_Font6x8              0x800'590c    0x24  Data  Gb  F6x8.o [2]
GUI_Font8x16x3x3         0x800'0d94    0x24  Data  Gb  F8x16.o [2]
GUI_GetCharDistX         0x800'481b     0x6  Code  Gb  GUI_Char.o [2]
GUI_GetCharDistXEx       0x800'4829     0x8  Code  Gb  GUI_Char.o [2]
GUI_GetFontDistY         0x800'4811     0xa  Code  Gb  GUI_Char.o [2]
GUI_GetYAdjust           0x800'47e5    0x2c  Code  Gb  GUI_Char.o [2]
GUI_GotoXY               0x800'2c8d     0xc  Code  Gb  GUI_Goto.o [2]
GUI_Init                 0x800'2777    0xa6  Code  Gb  GUI_Core.o [2]
GUI_MEMDEV_Delete        0x800'1ff1    0x3a  Code  Gb  GUIDEV.o [2]
GUI_MergeRect            0x800'1f6d    0x58  Code  Gb  GUI_MergeRect.o [2]
GUI_MoveRect             0x800'1fd5    0x1c  Code  Gb  GUI_MoveRect.o [2]
GUI_OrgX                0x2000'cc08     0x2  Data  Gb  GUI_Core.o [2]
GUI_OrgY                0x2000'cc0a     0x2  Data  Gb  GUI_Core.o [2]
GUI_RectsIntersect       0x800'20a5    0x38  Code  Gb  GUI_RectsIntersect.o [2]
GUI_SelectLCD            0x800'2b73    0x12  Code  Gb  GUI_SelectLCD.o [2]
GUI_SelectLayer          0x800'21fd    0x1c  Code  Gb  GUI_SelectLayer.o [2]
GUI_SetBkColor           0x800'26b5     0x4  Code  Gb  GUI_SetColor.o [2]
GUI_SetDefaultFont       0x800'26db     0x6  Code  Gb  GUI_Core.o [2]
GUI_SetOrg               0x800'2d29    0x30  Code  Gb  GUI_SetOrg.o [2]
GUI_SignalEvent          0x800'1fc5     0xc  Code  Gb  GUI_WaitEvent.o [2]
GUI_StoreKey             0x800'26a5     0xc  Code  Gb  GUI_OnKey.o [2]
GUI_UC_None              0x800'601c    0x10  Data  Gb  GUI_UC_EncodeNone.o [2]
GUI_UC__GetCharCodeInc   0x800'49ed    0x22  Code  Gb  GUI_UC.o [2]
GUI_UC__NumChars2NumBytes
                         0x800'4a0f    0x24  Code  Gb  GUI_UC.o [2]
GUI_USAGE_DecUseCnt      0x800'2b85    0x22  Code  Gb  GUIDEV_Usage.o [2]
GUI_X_Config             0x800'2c9d    0x24  Code  Gb  GUIConf.o [1]
GUI_X_Config::aMemory   0x2000'0058  0xc800  Data  Lc  GUIConf.o [1]
GUI_X_Init               0x800'2d0d     0x2  Code  Gb  GUI_X.o [1]
GUI__Config              0x800'2755    0x22  Code  Gb  GUI_Core.o [2]
GUI__Context            0x2000'c914    0x78  Data  Lc  GUI_Core.o [2]
GUI__DispLine            0x800'493f    0x9e  Code  Gb  GUI_CharLine.o [2]
GUI__GetLineDistX        0x800'48f1    0x4e  Code  Gb  GUI_CharLine.o [2]
GUI__GetLineNumChars     0x800'489f    0x36  Code  Gb  GUI_CharLine.o [2]
GUI__GetOverlap          0x800'48d5    0x1c  Code  Gb  GUI_CharLine.o [2]
GUI__IntersectRect       0x800'1f2d    0x40  Code  Gb  GUI__IntersectRect.o [2]
GUI__IntersectRects      0x800'2043    0x62  Code  Gb  GUI__IntersectRects.o [2]
GUI__ManageCache         0x800'4ad9     0xa  Code  Gb  GUI__ManageCache.o [2]
GUI__ManageCacheEx       0x800'4a3d    0x90  Code  Gb  GUI__ManageCache.o [2]
GUI__RegisterExit        0x800'281d     0xa  Code  Gb  GUI_Core.o [2]
GUI__aConvert_255_31     0x800'5aa4   0x100  Data  Gb  GUI__DivTbl_255_31.o [2]
GUI__aConvert_255_63     0x800'5ba4   0x100  Data  Gb  GUI__DivTbl_255_63.o [2]
GUI__aConvert_31_255     0x800'6070    0x20  Data  Gb  GUI__DivTbl_31_255.o [2]
GUI__aConvert_63_255     0x800'5ec4    0x40  Data  Gb  GUI__DivTbl_63_255.o [2]
GUI__apDevice           0x2000'c98c     0x8  Data  Gb  GUI_Core.o [2]
GUI__memset              0x800'2a77    0x54  Code  Gb  GUI__memset.o [2]
GUI__pFontDefault       0x2000'002c     0x4  Data  Gb  GUI_Core.o [2]
GUI_acFont6x8            0x800'5218   0x518  Data  Lc  F6x8.o [2]
GUI_pContext            0x2000'0030     0x4  Data  Gb  GUI_Core.o [2]
GUI_pLCD_APIList        0x2000'cbf8     0x4  Data  Gb  GUI_Core.o [2]
GUI_pUC_API             0x2000'0028     0x4  Data  Gb  GUI_Core.o [2]
GUI_pfDispCharStyle     0x2000'cbf4     0x4  Data  Gb  GUI_Core.o [2]
HAL_CAN_IRQHandler       0x800'41bd   0x1f8  Code  Gb  stm32f4xx_hal_can.o [1]
HAL_CAN_Init             0x800'40ad    0xe2  Code  Gb  stm32f4xx_hal_can.o [1]
HAL_CAN_MspInit          0x800'3949    0x96  Code  Gb  can.o [1]
HAL_CRC_Init             0x800'43b5    0x22  Code  Gb  stm32f4xx_hal_crc.o [1]
HAL_CRC_MspInit          0x800'3a09    0x26  Code  Gb  crc.o [1]
HAL_Delay                0x800'34bd    0x28  Code  Wk  stm32f4xx_hal.o [1]
HAL_GPIO_Init            0x800'3291   0x1a4  Code  Gb  stm32f4xx_hal_gpio.o [1]
HAL_GPIO_WritePin        0x800'3435     0x8  Code  Gb  stm32f4xx_hal_gpio.o [1]
HAL_GetTick              0x800'36f5     0xc  Code  Wk  stm32f4xx_hal.o [1]
HAL_IncTick              0x800'5fa5    0x10  Code  Wk  stm32f4xx_hal.o [1]
HAL_Init                 0x800'3821    0x30  Code  Gb  stm32f4xx_hal.o [1]
HAL_InitTick             0x800'4035    0x40  Code  Wk  stm32f4xx_hal.o [1]
HAL_MspInit              0x800'4075    0x38  Code  Gb  stm32f4xx_hal_msp.o [1]
HAL_NVIC_EnableIRQ       0x800'3fdf    0x16  Code  Gb  stm32f4xx_hal_cortex.o [1]
HAL_NVIC_SetPriority     0x800'3fa5    0x3a  Code  Gb  stm32f4xx_hal_cortex.o [1]
HAL_NVIC_SetPriorityGrouping
                         0x800'3f8b    0x1a  Code  Gb  stm32f4xx_hal_cortex.o [1]
HAL_RCC_ClockConfig      0x800'3dd5    0xfa  Code  Gb  stm32f4xx_hal_rcc.o [1]
HAL_RCC_GetPCLK1Freq     0x800'3edb    0x10  Code  Gb  stm32f4xx_hal_rcc.o [1]
HAL_RCC_GetPCLK2Freq     0x800'3eeb     0xe  Code  Gb  stm32f4xx_hal_rcc.o [1]
HAL_RCC_OscConfig        0x800'3af5   0x2e0  Code  Wk  stm32f4xx_hal_rcc.o [1]
HAL_SRAM_Init            0x800'3469    0x52  Code  Gb  stm32f4xx_hal_sram.o [1]
HAL_SRAM_MspInit         0x800'357f    0x6c  Code  Gb  fsmc.o [1]
HAL_SYSTICK_Config       0x800'3ff5    0x28  Code  Gb  stm32f4xx_hal_cortex.o [1]
HAL_UART_Init            0x800'43d9    0x1e  Code  Gb  stm32f4xx_hal_uart.o [1]
HAL_UART_MspInit         0x800'3a6d    0x66  Code  Gb  usart.o [1]
HardFault_Handler        0x800'5f73     0x2  Code  Gb  stm32f4xx_it.o [1]
LCD_API_ColorConv_0      0x800'60f0    0x18  Data  Gb  GUICC_0.o [2]
LCD_API_ColorConv_M565   0x800'60d8    0x18  Data  Gb  GUICC_M565.o [2]
LCD_Color2Index          0x800'263b    0x12  Code  Gb  LCD.o [2]
LCD_DrawBitmap           0x800'2385   0x1d8  Code  Gb  LCD.o [2]
LCD_DrawHLine            0x800'22e1    0x3a  Code  Gb  LCD.o [2]
LCD_DrawPixel            0x800'2287    0x5a  Code  Gb  LCD.o [2]
LCD_Fast_DrawPoint       0x800'2fdb    0x42  Code  Gb  ILI93xx.o [1]
LCD_FillRect             0x800'2331    0x54  Code  Gb  LCD.o [2]
LCD_GetBitsPerPixelEx    0x800'2ef3     0x4  Code  Gb  LCD_GetEx.o [2]
LCD_GetNumColors         0x800'2efb     0x8  Code  Gb  LCD_GetEx.o [2]
LCD_GetNumColorsEx       0x800'2ef7     0x4  Code  Gb  LCD_GetEx.o [2]
LCD_GetNumLayers         0x800'2e31    0x1a  Code  Gb  LCD_GetNumDisplays.o [2]
LCD_GetPalette           0x800'2f19     0x8  Code  Gb  LCD_GetEx.o [2]
LCD_GetPaletteEx         0x800'2f03    0x16  Code  Gb  LCD_GetEx.o [2]
LCD_Index2Color          0x800'264d    0x12  Code  Gb  LCD.o [2]
LCD_Index2Color_M565     0x800'5fb5    0x2c  Code  Gb  GUICC_M565_Index2Color.o [2]
LCD_InitColors           0x800'2be9    0x28  Code  Gb  LCD_Color.o [2]
LCD_InitLUT              0x800'2c11    0x6c  Code  Gb  LCD_Color.o [2]
LCD_ReadPoint            0x800'3251    0x22  Code  Gb  ILI93xx.o [1]
LCD_SelectLCD            0x800'2db9    0x44  Code  Gb  LCD_SelectLCD.o [2]
LCD_SetBkColor           0x800'2683     0x8  Code  Gb  LCD.o [2]
LCD_SetBkColorIndex      0x800'2671    0x12  Code  Gb  LCD.o [2]
LCD_SetClipRectEx        0x800'18cd    0x30  Code  Gb  LCD_SetClipRectEx.o [2]
LCD_SetClipRectMax       0x800'259b    0x14  Code  Gb  LCD.o [2]
LCD_SetColor             0x800'268b     0x8  Code  Gb  LCD.o [2]
LCD_SetColorIndex        0x800'265f    0x12  Code  Gb  LCD.o [2]
LCD_SetCursor            0x800'2f99    0x40  Code  Gb  ILI93xx.o [1]
LCD_SetDrawMode          0x800'227d     0xa  Code  Gb  LCD.o [2]
LCD_SetLUTEntryEx        0x800'2eaf    0x24  Code  Gb  LCD_Set.o [2]
LCD_SetSizeEx            0x800'2e71    0x24  Code  Gb  LCD_Set.o [2]
LCD_SetVSizeEx           0x800'2e4d    0x24  Code  Gb  LCD_Set.o [2]
LCD_UpdateColorIndices   0x800'2dfd    0x24  Code  Gb  LCD_UpdateColorIndices.o [2]
LCD_X_Config             0x800'2cc1    0x22  Code  Gb  LCDConf_FlexColor_Template.o [1]
LCD_X_DisplayDriver      0x800'2cf9    0x14  Code  Gb  LCDConf_FlexColor_Template.o [1]
LCD__GetBPP              0x800'2f25    0x72  Code  Gb  LCD_GetEx.o [2]
LCD__aConvTable         0x2000'003c     0x4  Data  Gb  LCD_Color.o [2]
LCD__pSetColorAPI       0x2000'0034     0x4  Data  Gb  LCD.o [2]
MX_CAN1_Init             0x800'3915    0x34  Code  Gb  can.o [1]
MX_CRC_Init              0x800'39f1    0x18  Code  Gb  crc.o [1]
MX_FSMC_Init             0x800'34e5    0x9a  Code  Gb  fsmc.o [1]
MX_GPIO_Init             0x800'3855    0xaa  Code  Gb  gpio.o [1]
MX_USART1_UART_Init      0x800'3a3d    0x30  Code  Gb  usart.o [1]
MemManage_Handler        0x800'5f75     0x2  Code  Gb  stm32f4xx_it.o [1]
NMI_Handler              0x800'5f71     0x2  Code  Gb  stm32f4xx_it.o [1]
OS_TimeMS               0x2000'cbf0     0x4  Data  Gb  GUI_X.o [1]
POINT_COLOR             0x2000'0010     0x2  Data  Gb  ILI93xx.o [1]
PendSV_Handler           0x800'5f7f     0x2  Code  Gb  stm32f4xx_it.o [1]
Region$$Table$$Base      0x800'6050           --   Gb  - Linker created -
Region$$Table$$Limit     0x800'6070           --   Gb  - Linker created -
SVC_Handler              0x800'5f7b     0x2  Code  Gb  stm32f4xx_it.o [1]
SysTick_Handler          0x800'5f81     0xc  Code  Gb  stm32f4xx_it.o [1]
SystemClock_Config       0x800'373d    0x92  Code  Gb  main.o [1]
SystemCoreClock         0x2000'0020     0x4  Data  Gb  system_stm32f4xx.o [1]
SystemInit               0x800'5e65    0x3a  Code  Gb  system_stm32f4xx.o [1]
TFTSRAM_Handler         0x2000'caac    0x50  Data  Gb  ILI93xx.o [1]
TFT_LCD_Init             0x800'3025   0x22c  Code  Gb  ILI93xx.o [1]
TransInfo8x16            0x800'0d78     0x8  Data  Lc  F8x16.o [2]
TransList8x16            0x800'0bb8   0x1c0  Data  Lc  F8x16.o [2]
UART_SetConfig           0x800'444f   0x126  Code  Lc  stm32f4xx_hal_uart.o [1]
UsageFault_Handler       0x800'5f79     0x2  Code  Gb  stm32f4xx_it.o [1]
WM_Activate              0x800'178f     0xc  Code  Gb  WM.o [2]
WM_BringToBottom         0x800'2141    0x82  Code  Gb  WM_BringToBottom.o [2]
WM_CreateWindowAsChild   0x800'1333   0x13e  Code  Gb  WM.o [2]
WM_DefaultProc           0x800'179b    0x44  Code  Gb  WM.o [2]
WM_GetDesktopWindow      0x800'2d11    0x18  Code  Gb  WM_GetDesktopWindow.o [2]
WM_GetFirstChild         0x800'2035     0xe  Code  Gb  WM_GetFirstChild.o [2]
WM_GetParent             0x800'2bc9     0xe  Code  Gb  WM_GetParent.o [2]
WM_Init                  0x800'17fb    0xb2  Code  Gb  WM.o [2]
WM_InvalidateRect        0x800'12b9    0x76  Code  Gb  WM.o [2]
WM_InvalidateWindow      0x800'132f     0x4  Code  Gb  WM.o [2]
WM_InvalidateWindowAndDescsEx
                         0x800'100f    0x54  Code  Gb  WM.o [2]
WM_MULTIBUF__pAPI       0x2000'c9e8     0x4  Data  Gb  WM.o [2]
WM_SelectWindow          0x800'14a7    0x36  Code  Gb  WM.o [2]
WM_SendToParent          0x800'287f    0x1c  Code  Gb  WM_SendToParent.o [2]
WM__ActivateClipRect     0x800'0ee9    0x3e  Code  Gb  WM.o [2]
WM__AddCriticalHandle    0x800'29c9     0xa  Code  Gb  WM_CriticalHandle.o [2]
WM__Client2Screen        0x800'0fbd    0x10  Code  Gb  WM.o [2]
WM__ClipAtParentBorders
                         0x800'0ea7    0x42  Code  Gb  WM.o [2]
WM__CreateFlags         0x2000'c9e0     0x4  Data  Gb  WM.o [2]
WM__FirstWin            0x2000'c9d0     0x4  Data  Gb  WM.o [2]
WM__GetClientRectEx      0x800'285d    0x22  Code  Gb  WM_GetClientRect.o [2]
WM__GetClientRectWin     0x800'12a1    0x18  Code  Gb  WM.o [2]
WM__GetFirstSibling      0x800'2e21    0x10  Code  Gb  WM__GetFirstSibling.o [2]
WM__GetNextIVR           0x800'161b    0x36  Code  Gb  WM.o [2]
WM__GetPrevSibling       0x800'2ba7    0x22  Code  Gb  WM__GetPrevSibling.o [2]
WM__GetTopLevelLayer     0x800'147b    0x18  Code  Gb  WM.o [2]
WM__InitIVRSearch        0x800'1651    0xd8  Code  Gb  WM.o [2]
WM__InsertWindowIntoList
                         0x800'0f27    0x96  Code  Gb  WM.o [2]
WM__Invalidate1Abs       0x800'0ea3     0x4  Code  Gb  WM.o [2]
WM__InvalidateDrawAndDescs
                         0x800'0fcd    0x42  Code  Gb  WM.o [2]
WM__InvalidateRect       0x800'106d    0x70  Code  Gb  WM.o [2]
WM__InvalidateRectEx     0x800'10dd     0x4  Code  Gb  WM.o [2]
WM__NumInvalidWindows   0x2000'c9b0     0x2  Data  Gb  WM.o [2]
WM__NumWindows          0x2000'c9ae     0x2  Data  Gb  WM.o [2]
WM__PaintCallbackCnt    0x2000'c9ac     0x1  Data  Gb  WM.o [2]
WM__RectIsNZ             0x800'10e7    0x20  Code  Gb  WM.o [2]
WM__SelectTopLevelLayer
                         0x800'1493    0x14  Code  Gb  WM.o [2]
WM__SendMessage          0x800'20dd    0x40  Code  Gb  WM__SendMessage.o [2]
WM__SendMsgNoData        0x800'128f    0x12  Code  Gb  WM.o [2]
WM__TouchedLayer        0x2000'c9cc     0x4  Data  Gb  WM.o [2]
WM__TransWindowCnt      0x2000'c9ec     0x4  Data  Gb  WM.o [2]
WM__aBkColor            0x2000'c9d8     0x8  Data  Gb  WM.o [2]
WM__aCHWinLast          0x2000'cb54    0x10  Data  Gb  WM_Touch.o [2]
WM__aCHWinModal         0x2000'cbb8    0x10  Data  Gb  WM_Touch.o [2]
WM__aCHWinMouseOver     0x2000'cb64    0x10  Data  Gb  WM_Touch.o [2]
WM__ahCapture           0x2000'c9bc     0x8  Data  Gb  WM.o [2]
WM__ahDesktopWin        0x2000'c9b4     0x8  Data  Gb  WM.o [2]
WM__ahWinFocus          0x2000'c9c4     0x8  Data  Gb  WM.o [2]
WM__hATransWindow       0x2000'c9f0     0x4  Data  Gb  WM.o [2]
WM__pFirstCriticalHandle
                        0x2000'c9d4     0x4  Data  Gb  WM.o [2]
WM_pfPollPID            0x2000'c9e4     0x4  Data  Gb  WM.o [2]
_AddFreeMemory           0x800'1957    0x78  Code  Lc  GUI_Alloc.o [2]
_Alloc                   0x800'1cdb    0xe4  Code  Lc  GUI_Alloc.o [2]
_CalcSizeOfChar          0x800'6011     0x4  Code  Lc  GUI_UC_EncodeNone.o [2]
_ClipContext            0x2000'c994    0x18  Data  Lc  WM.o [2]
_Color2IndexBulk         0x800'5ccb    0x3a  Code  Lc  GUICC_M565.o [2]
_Color2Index_0           0x800'5d65    0x50  Code  Lc  GUICC_0.o [2]
_Color2Index_M565        0x800'5ca5    0x20  Code  Lc  GUICC_M565.o [2]
_Config                 0x2000'cba4     0xc  Data  Lc  GUI_Alloc.o [2]
_DeleteWindows          0x2000'c9f8     0x4  Data  Lc  WM.o [2]
_DesktopHandle2Index     0x800'0db9    0x1e  Code  Lc  WM.o [2]
_DispLine                0x800'483b    0x64  Code  Lc  GUI_CharLine.o [2]
_DrawBitLine16BPP        0x800'4ee7    0x1e  Code  Lc  GUIDRV_Template.o [1]
_DrawBitLine1BPP         0x800'4b9d    0xa6  Code  Lc  GUIDRV_Template.o [1]
_DrawBitLine2BPP         0x800'4c55    0xc0  Code  Lc  GUIDRV_Template.o [1]
_DrawBitLine32BPP        0x800'4f05    0x1e  Code  Lc  GUIDRV_Template.o [1]
_DrawBitLine4BPP         0x800'4d21    0xc0  Code  Lc  GUIDRV_Template.o [1]
_DrawBitLine8BPP         0x800'4e57    0x84  Code  Lc  GUIDRV_Template.o [1]
_DrawBitmap              0x800'4f37    0xf0  Code  Lc  GUIDRV_Template.o [1]
_DrawHLine               0x800'4b89     0x6  Code  Lc  GUIDRV_Template.o [1]
_DrawVLine               0x800'4b8f     0x6  Code  Lc  GUIDRV_Template.o [1]
_Encode                  0x800'6015     0x6  Code  Lc  GUI_UC_EncodeNone.o [2]
_EnlargeBlocks           0x800'1b91    0x88  Code  Lc  GUI_Alloc.o [2]
_FillRect                0x800'4b31    0x58  Code  Lc  GUIDRV_Template.o [1]
_FindNext_IVR            0x800'14dd   0x12e  Code  Lc  WM.o [2]
_Findx0                  0x800'11af    0x70  Code  Lc  WM.o [2]
_Findx1                  0x800'1227    0x5c  Code  Lc  WM.o [2]
_Findy1                  0x800'1107    0x92  Code  Lc  WM.o [2]
_GetCharCode             0x800'6009     0x4  Code  Lc  GUI_UC_EncodeNone.o [2]
_GetCharSize             0x800'600d     0x4  Code  Lc  GUI_UC_EncodeNone.o [2]
_GetDevData              0x800'50b5     0x4  Code  Lc  GUIDRV_Template.o [1]
_GetDevFunc              0x800'51a9    0x32  Code  Lc  GUIDRV_Template.o [1]
_GetDevProp              0x800'5079    0x3c  Code  Lc  GUIDRV_Template.o [1]
_GetDevProp              0x800'2ed5    0x1e  Code  Lc  LCD_GetEx.o [2]
_GetIndexMask_0          0x800'5dd3    0x52  Code  Lc  GUICC_0.o [2]
_GetIndexMask_M565       0x800'5cc5     0x6  Code  Lc  GUICC_M565.o [2]
_GetMinIndex             0x800'18fd    0x18  Code  Lc  GUI_Alloc.o [2]
_GetPixelIndex           0x800'4afb    0x10  Code  Lc  GUIDRV_Template.o [1]
_GetRect                 0x800'50b9    0x16  Code  Lc  GUIDRV_Template.o [1]
_HL_APIList              0x800'2854     0x8  Data  Lc  GUI_Core.o [2]
_Index2ColorBulk         0x800'5d05    0x4c  Code  Lc  GUICC_M565.o [2]
_Index2Color_0           0x800'5db5    0x1e  Code  Lc  GUICC_0.o [2]
_Init                    0x800'5161    0x18  Code  Lc  GUIDRV_Template.o [1]
_InitOnce                0x800'504d    0x2a  Code  Lc  GUIDRV_Template.o [1]
_InitOnce                0x800'1c19    0xa2  Code  Lc  GUI_Alloc.o [2]
_Invalidate1Abs          0x800'0e21    0x82  Code  Lc  WM.o [2]
_IsInited               0x2000'c9ad     0x1  Data  Lc  WM.o [2]
_IsInitialized          0x2000'cbc8     0x4  Data  Lc  GUI_Core.o [2]
_Key                    0x2000'0050     0x4  Data  Lc  GUI_OnKey.o [2]
_Log2VisBuffered         0x800'4839     0x2  Code  Lc  GUI_CharLine.o [2]
_NextDrawWin            0x2000'c9f4     0x4  Data  Lc  WM.o [2]
_NumColors              0x2000'0038     0x4  Data  Lc  LCD_Color.o [2]
_Off                     0x800'517f     0x4  Code  Lc  GUIDRV_Template.o [1]
_On                      0x800'5179     0x6  Code  Lc  GUIDRV_Template.o [1]
_OnExit                  0x800'1b5f    0x32  Code  Lc  GUI_Alloc.o [2]
_OnExit                  0x800'26b9    0x22  Code  Lc  GUI_Core.o [2]
_OnExit                  0x800'2bd9    0x10  Code  Lc  LCD_Color.o [2]
_OnExit                  0x800'17df    0x1c  Code  Lc  WM.o [2]
_PushFreeBlock           0x800'1cbb    0x20  Code  Lc  GUI_Alloc.o [2]
_RemoveFreeBlock         0x800'1925    0x32  Code  Lc  GUI_Alloc.o [2]
_RemoveHoles             0x800'19cf    0x94  Code  Lc  GUI_Alloc.o [2]
_SetBkColor              0x800'2221    0x1c  Code  Lc  LCD.o [2]
_SetClipRectUserIntersect
                         0x800'0dd7    0x4a  Code  Lc  WM.o [2]
_SetColor                0x800'223d    0x1c  Code  Lc  LCD.o [2]
_SetColorAPI             0x800'6118     0xc  Data  Lc  LCD.o [2]
_SetDrawMode             0x800'2259    0x24  Code  Lc  LCD.o [2]
_SetLUTEntry             0x800'5189    0x18  Code  Lc  GUIDRV_Template.o [1]
_SetOrg                  0x800'50d1    0x18  Code  Lc  GUIDRV_Template.o [1]
_SetPixelIndex           0x800'4aed     0xe  Code  Lc  GUIDRV_Template.o [1]
_SetSize                 0x800'5129    0x38  Code  Lc  GUIDRV_Template.o [1]
_SetVRAMAddr             0x800'50e9    0x28  Code  Lc  GUIDRV_Template.o [1]
_SetVSize                0x800'5111    0x18  Code  Lc  GUIDRV_Template.o [1]
_TestRAM                 0x800'1a63    0xfc  Code  Lc  GUI_Alloc.o [2]
_UnlinkDevice            0x800'289d    0x2a  Code  Lc  GUI_Device.o [2]
_WriteTagData            0x800'1915    0x10  Code  Lc  GUI_Alloc.o [2]
_XorPixel                0x800'4b0b    0x26  Code  Lc  GUIDRV_Template.o [1]
__NVIC_SetPriority       0x800'3f71    0x1a  Code  Lc  stm32f4xx_hal_cortex.o [1]
__aeabi_ldiv0            0x800'4a39          Code  Gb  I64DivZer.o [5]
__aeabi_memclr           0x800'2a71          Code  Gb  ABImemclr.o [5]
__aeabi_memclr4          0x800'3701          Code  Gb  ABImemclr4.o [5]
__aeabi_memcpy           0x800'2acd          Code  Gb  ABImemcpy.o [5]
__aeabi_memcpy4          0x800'2aed          Code  Gb  ABImemcpy.o [5]
__aeabi_memcpy8          0x800'2aed          Code  Gb  ABImemcpy.o [5]
__aeabi_memmove          0x800'29d9          Code  Gb  ABImemmove.o [5]
__aeabi_memmove4         0x800'29d9          Code  Gb  ABImemmove.o [5]
__aeabi_memmove8         0x800'29d9          Code  Gb  ABImemmove.o [5]
__cmain                  0x800'6091          Code  Gb  cmain.o [5]
__exit                   0x800'60c5    0x14  Code  Gb  exit.o [6]
__iar_Memset4_word       0x800'37ed          Code  Gb  ABImemset48.o [5]
__iar_Memset8_word       0x800'37ed          Code  Gb  ABImemset48.o [5]
__iar_Memset_word        0x800'2d59          Code  Gb  ABImemset.o [5]
__iar_data_init3         0x800'5fe1    0x28  Code  Gb  data_init.o [5]
__iar_init_vfp           0x800'602d          Code  Gb  fpinit_M.o [4]
__iar_packbits_init_single3
                         0x800'5f05    0x38  Code  Gb  packbits_init_single.o [5]
__iar_program_start      0x800'6125          Code  Gb  cstartup_M.o [5]
__iar_small_uldivmod     0x800'46c5          Code  Gb  I64DivMod_small.o [5]
__iar_zero_init3         0x800'21c3    0x3a  Code  Gb  zero_init3.o [5]
__low_level_init         0x800'60af     0x4  Code  Gb  low_level_init.o [3]
__vector_table           0x800'0000          Data  Gb  startup_stm32f407xx.o [1]
_aState                 0x2000'ca04    0x58  Data  Lc  GUI_OnKey.o [2]
_aStateLast             0x2000'cb3c    0x18  Data  Lc  WM_Touch.o [2]
_call_main               0x800'609d          Code  Gb  cmain.o [5]
_exit                    0x800'60b9          Code  Gb  cexit.o [5]
_main                    0x800'60ab          Code  Gb  cmain.o [5]
_pFirstExit             0x2000'cbfc     0x4  Data  Lc  GUI_Core.o [2]
_pReadKey               0x2000'0048     0x4  Data  Lc  GUI_OnKey.o [2]
_pWriteKey              0x2000'004c     0x4  Data  Lc  GUI_OnKey.o [2]
_pcbMotion              0x2000'cb74     0x4  Data  Lc  WM_Touch.o [2]
_pcbToolTip             0x2000'cb78     0x4  Data  Lc  WM_Touch.o [2]
_pfColor2IndexBulk      0x2000'cbdc     0x4  Data  Lc  GUICC_M565.o [2]
_pfIndex2ColorBulk      0x2000'cbe0     0x4  Data  Lc  GUICC_M565.o [2]
_pfSignalEvent          0x2000'cc00     0x4  Data  Lc  GUI_WaitEvent.o [2]
acFont8x16               0x800'0188   0xa30  Data  Lc  F8x16.o [2]
cbBackWin                0x800'1745    0x4a  Code  Lc  WM.o [2]
emWin_LCD_Init           0x800'25af    0x8c  Code  Gb  LCD.o [2]
exit                     0x800'60b3     0x4  Code  Gb  exit.o [3]
hcan1                   0x2000'cb7c    0x28  Data  Gb  can.o [1]
hcrc                    0x2000'cbd4     0x8  Data  Gb  crc.o [1]
hsram1                  0x2000'ca5c    0x50  Data  Gb  fsmc.o [1]
huart1                  0x2000'cafc    0x40  Data  Gb  usart.o [1]
lcddev                  0x2000'0000    0x10  Data  Gb  ILI93xx.o [1]
main                     0x800'3709    0x34  Code  Gb  main.o [1]
uwTick                  0x2000'0018     0x4  Data  Gb  stm32f4xx_hal.o [1]
uwTickFreq              0x2000'0014     0x1  Data  Gb  stm32f4xx_hal.o [1]
uwTickPrio              0x2000'001c     0x4  Data  Gb  stm32f4xx_hal.o [1]


[1] = D:\Users\zohycao\Documents\BUPT\RobotTeam\Project\DisplayLCD\EWARM\DisplayLCD\Obj
[2] = STemWin522_CM4_IAR.a
[3] = dl7M_tlf.a
[4] = m7M_tls.a
[5] = rt7M_tl.a
[6] = shb_l.a

  19 502 bytes of readonly  code memory
   5 748 bytes of readonly  data memory
  53 772 bytes of readwrite data memory

Errors: none
Warnings: 1
