###############################################################################
#
# IAR ELF Linker V8.32.1.169/W32 for ARM                  03/Nov/2019  18:12:17
# Copyright 2007-2018 IAR Systems AB.
#
#    Output file  =  
#        D:\Users\zohycao\Documents\BUPT\RobotTeam\Project\DisplayLCD\EWARM\DisplayLCD\Exe\DisplayLCD.out
#    Map file     =  
#        D:\Users\zohycao\Documents\BUPT\RobotTeam\Project\DisplayLCD\EWARM\DisplayLCD\List\DisplayLCD.map
#    Command line =  
#        -f C:\Users\zohyc\AppData\Local\Temp\EW30E9.tmp
#        (D:\Users\zohycao\Documents\BUPT\RobotTeam\Project\DisplayLCD\EWARM\DisplayLCD\Obj\can.o
#        D:\Users\zohycao\Documents\BUPT\RobotTeam\Project\DisplayLCD\EWARM\DisplayLCD\Obj\crc.o
#        D:\Users\zohycao\Documents\BUPT\RobotTeam\Project\DisplayLCD\EWARM\DisplayLCD\Obj\fsmc.o
#        D:\Users\zohycao\Documents\BUPT\RobotTeam\Project\DisplayLCD\EWARM\DisplayLCD\Obj\gpio.o
#        D:\Users\zohycao\Documents\BUPT\RobotTeam\Project\DisplayLCD\EWARM\DisplayLCD\Obj\GUI_Frame.o
#        D:\Users\zohycao\Documents\BUPT\RobotTeam\Project\DisplayLCD\EWARM\DisplayLCD\Obj\GUI_X.o
#        D:\Users\zohycao\Documents\BUPT\RobotTeam\Project\DisplayLCD\EWARM\DisplayLCD\Obj\GUIConf.o
#        D:\Users\zohycao\Documents\BUPT\RobotTeam\Project\DisplayLCD\EWARM\DisplayLCD\Obj\GUIDRV_Template.o
#        D:\Users\zohycao\Documents\BUPT\RobotTeam\Project\DisplayLCD\EWARM\DisplayLCD\Obj\ILI93xx.o
#        D:\Users\zohycao\Documents\BUPT\RobotTeam\Project\DisplayLCD\EWARM\DisplayLCD\Obj\LCDConf_FlexColor_Template.o
#        D:\Users\zohycao\Documents\BUPT\RobotTeam\Project\DisplayLCD\EWARM\DisplayLCD\Obj\main.o
#        D:\Users\zohycao\Documents\BUPT\RobotTeam\Project\DisplayLCD\EWARM\DisplayLCD\Obj\robocon_image.o
#        D:\Users\zohycao\Documents\BUPT\RobotTeam\Project\DisplayLCD\EWARM\DisplayLCD\Obj\startup_stm32f407xx.o
#        D:\Users\zohycao\Documents\BUPT\RobotTeam\Project\DisplayLCD\GUI\Lib\STemWin522_CM4_IAR.a
#        D:\Users\zohycao\Documents\BUPT\RobotTeam\Project\DisplayLCD\EWARM\DisplayLCD\Obj\stm32f4xx_hal.o
#        D:\Users\zohycao\Documents\BUPT\RobotTeam\Project\DisplayLCD\EWARM\DisplayLCD\Obj\stm32f4xx_hal_can.o
#        D:\Users\zohycao\Documents\BUPT\RobotTeam\Project\DisplayLCD\EWARM\DisplayLCD\Obj\stm32f4xx_hal_cortex.o
#        D:\Users\zohycao\Documents\BUPT\RobotTeam\Project\DisplayLCD\EWARM\DisplayLCD\Obj\stm32f4xx_hal_crc.o
#        D:\Users\zohycao\Documents\BUPT\RobotTeam\Project\DisplayLCD\EWARM\DisplayLCD\Obj\stm32f4xx_hal_dma.o
#        D:\Users\zohycao\Documents\BUPT\RobotTeam\Project\DisplayLCD\EWARM\DisplayLCD\Obj\stm32f4xx_hal_dma_ex.o
#        D:\Users\zohycao\Documents\BUPT\RobotTeam\Project\DisplayLCD\EWARM\DisplayLCD\Obj\stm32f4xx_hal_exti.o
#        D:\Users\zohycao\Documents\BUPT\RobotTeam\Project\DisplayLCD\EWARM\DisplayLCD\Obj\stm32f4xx_hal_flash.o
#        D:\Users\zohycao\Documents\BUPT\RobotTeam\Project\DisplayLCD\EWARM\DisplayLCD\Obj\stm32f4xx_hal_flash_ex.o
#        D:\Users\zohycao\Documents\BUPT\RobotTeam\Project\DisplayLCD\EWARM\DisplayLCD\Obj\stm32f4xx_hal_flash_ramfunc.o
#        D:\Users\zohycao\Documents\BUPT\RobotTeam\Project\DisplayLCD\EWARM\DisplayLCD\Obj\stm32f4xx_hal_gpio.o
#        D:\Users\zohycao\Documents\BUPT\RobotTeam\Project\DisplayLCD\EWARM\DisplayLCD\Obj\stm32f4xx_hal_msp.o
#        D:\Users\zohycao\Documents\BUPT\RobotTeam\Project\DisplayLCD\EWARM\DisplayLCD\Obj\stm32f4xx_hal_pwr.o
#        D:\Users\zohycao\Documents\BUPT\RobotTeam\Project\DisplayLCD\EWARM\DisplayLCD\Obj\stm32f4xx_hal_pwr_ex.o
#        D:\Users\zohycao\Documents\BUPT\RobotTeam\Project\DisplayLCD\EWARM\DisplayLCD\Obj\stm32f4xx_hal_rcc.o
#        D:\Users\zohycao\Documents\BUPT\RobotTeam\Project\DisplayLCD\EWARM\DisplayLCD\Obj\stm32f4xx_hal_rcc_ex.o
#        D:\Users\zohycao\Documents\BUPT\RobotTeam\Project\DisplayLCD\EWARM\DisplayLCD\Obj\stm32f4xx_hal_sram.o
#        D:\Users\zohycao\Documents\BUPT\RobotTeam\Project\DisplayLCD\EWARM\DisplayLCD\Obj\stm32f4xx_hal_tim.o
#        D:\Users\zohycao\Documents\BUPT\RobotTeam\Project\DisplayLCD\EWARM\DisplayLCD\Obj\stm32f4xx_hal_tim_ex.o
#        D:\Users\zohycao\Documents\BUPT\RobotTeam\Project\DisplayLCD\EWARM\DisplayLCD\Obj\stm32f4xx_hal_uart.o
#        D:\Users\zohycao\Documents\BUPT\RobotTeam\Project\DisplayLCD\EWARM\DisplayLCD\Obj\stm32f4xx_it.o
#        D:\Users\zohycao\Documents\BUPT\RobotTeam\Project\DisplayLCD\EWARM\DisplayLCD\Obj\stm32f4xx_ll_fsmc.o
#        D:\Users\zohycao\Documents\BUPT\RobotTeam\Project\DisplayLCD\EWARM\DisplayLCD\Obj\system_stm32f4xx.o
#        D:\Users\zohycao\Documents\BUPT\RobotTeam\Project\DisplayLCD\EWARM\DisplayLCD\Obj\usart.o
#        --redirect _Printf=_PrintfFull --redirect _Scanf=_ScanfFull
#        --no_out_extension -o
#        D:\Users\zohycao\Documents\BUPT\RobotTeam\Project\DisplayLCD\EWARM\DisplayLCD\Exe\DisplayLCD.out
#        --map
#        D:\Users\zohycao\Documents\BUPT\RobotTeam\Project\DisplayLCD\EWARM\DisplayLCD\List\DisplayLCD.map
#        --config
#        D:\Users\zohycao\Documents\BUPT\RobotTeam\Project\DisplayLCD\EWARM/stm32f407xx_flash.icf
#        --semihosting --entry __iar_program_start --vfe --utf8_text_in
#        --text_out utf8)
#
###############################################################################

*******************************************************************************
*** MESSAGES
***

Warning[Lt009]: Inconsistent wchar_t size
            GUI_DrawBitmapEx.o(STemWin522_CM4_IAR.a) and 138 other objects in
                      STemWin522_CM4_IAR.a have wchar_t size 16 bits
            can.o and 48 other objects, some of them in dl7M_tlf.a and 11 other
                      libraries have wchar_t size 32 bits


*******************************************************************************
*** RUNTIME MODEL ATTRIBUTES
***

CppFlavor       = *
__SystemLibrary = DLib
__dlib_version  = 6


*******************************************************************************
*** HEAP SELECTION
***

The basic heap was selected because no calls to memory allocation
functions were found in the application outside of system library
functions, and there are calls to deallocation functions in the
application.


*******************************************************************************
*** PLACEMENT SUMMARY
***

"A0":  place at 0x800'0000 { ro section .intvec };
"P1":  place in [from 0x800'0000 to 0x80f'ffff] { ro };
define block CSTACK with size = 1536, alignment = 8 { };
define block HEAP with size = 1792, alignment = 8 { };
"P2":  place in [from 0x2000'0000 to 0x2001'ffff] {
          rw, block CSTACK, block HEAP };
initialize by copy { rw };

  Section            Kind         Address    Size  Object
  -------            ----         -------    ----  ------
"A0":                                       0x188
  .intvec            ro code   0x800'0000   0x188  startup_stm32f407xx.o [1]
                             - 0x800'0188   0x188

"P1":                                      0x6b46
  .rodata            const     0x800'0188   0xc30  F8x16.o [2]
  .text              ro code   0x800'0db8   0xb14  WM.o [2]
  .text              ro code   0x800'18cc    0x30  LCD_SetClipRectEx.o [2]
  .text              ro code   0x800'18fc   0x630  GUI_Alloc.o [2]
  .text              ro code   0x800'1f2c    0x40  GUI__IntersectRect.o [2]
  .text              ro code   0x800'1f6c    0x58  GUI_MergeRect.o [2]
  .text              ro code   0x800'1fc4    0x10  GUI_WaitEvent.o [2]
  .text              ro code   0x800'1fd4    0x1c  GUI_MoveRect.o [2]
  .text              ro code   0x800'1ff0    0x44  GUIDEV.o [2]
  .text              ro code   0x800'2034     0xe  WM_GetFirstChild.o [2]
  .text              ro code   0x800'2042    0x62  GUI__IntersectRects.o [2]
  .text              ro code   0x800'20a4    0x38  GUI_RectsIntersect.o [2]
  .text              ro code   0x800'20dc    0x40  WM__SendMessage.o [2]
  .text              ro code   0x800'211c    0x24  GUI_ALLOC_AllocZero.o [2]
  .text              ro code   0x800'2140    0x82  WM_BringToBottom.o [2]
  .text              ro code   0x800'21c2    0x3a  zero_init3.o [5]
  .text              ro code   0x800'21fc    0x24  GUI_SelectLayer.o [2]
  .text              ro code   0x800'2220   0x4bc  LCD.o [2]
  .text              ro code   0x800'26dc    0x10  GUI_OnKey.o [2]
  .text              ro code   0x800'26ec     0x8  GUI_SetColor.o [2]
  .text              ro code   0x800'26f4   0x1a4  GUI_Core.o [2]
  .text              ro code   0x800'2898    0x22  WM_GetClientRect.o [2]
  .text              ro code   0x800'28ba    0x1c  WM_SendToParent.o [2]
  .text              ro code   0x800'28d8   0x12c  GUI_Device.o [2]
  .text              ro code   0x800'2a04    0x10  WM_CriticalHandle.o [2]
  .text              ro code   0x800'2a14    0x96  ABImemmove.o [5]
  .text              ro code   0x800'2aac     0x6  ABImemclr.o [5]
  .text              ro code   0x800'2ab2    0x54  GUI__memset.o [2]
  .text              ro code   0x800'2b08    0xa6  ABImemcpy.o [5]
  .text              ro code   0x800'2bae    0x12  GUI_SelectLCD.o [2]
  .text              ro code   0x800'2bc0    0x22  GUIDEV_Usage.o [2]
  .text              ro code   0x800'2be2    0x22  WM__GetPrevSibling.o [2]
  .text              ro code   0x800'2c04     0xe  WM_GetParent.o [2]
  .text              ro code   0x800'2c14    0xb4  LCD_Color.o [2]
  .text              ro code   0x800'2cc8    0x10  GUI_Goto.o [2]
  .text              ro code   0x800'2cd8    0x24  GUIConf.o [1]
  .text              ro code   0x800'2cfc    0x4c  LCDConf_FlexColor_Template.o [1]
  .text              ro code   0x800'2d48     0x2  GUI_X.o [1]
  .text              ro code   0x800'2d4c    0x18  WM_GetDesktopWindow.o [2]
  .text              ro code   0x800'2d64    0x30  GUI_SetOrg.o [2]
  .text              ro code   0x800'2d94    0x5e  ABImemset.o [5]
  .text              ro code   0x800'2df4    0x44  LCD_SelectLCD.o [2]
  .text              ro code   0x800'2e38    0x24  LCD_UpdateColorIndices.o [2]
  .text              ro code   0x800'2e5c    0x10  WM__GetFirstSibling.o [2]
  .text              ro code   0x800'2e6c    0x1a  LCD_GetNumDisplays.o [2]
  .text              ro code   0x800'2e88    0x86  LCD_Set.o [2]
  .text              ro code   0x800'2f10    0xc2  LCD_GetEx.o [2]
  .text              ro code   0x800'2fd4   0x370  ILI93xx.o [1]
  .text              ro code   0x800'3344   0x1d8  stm32f4xx_hal_gpio.o [1]
  .text              ro code   0x800'351c    0x52  stm32f4xx_hal_sram.o [1]
  .text              ro code   0x800'3570    0x28  stm32f4xx_hal.o [1]
  .text              ro code   0x800'3598   0x13c  fsmc.o [1]
  .text              ro code   0x800'36d4    0xd4  stm32f4xx_ll_fsmc.o [1]
  .text              ro code   0x800'37a8     0xc  stm32f4xx_hal.o [1]
  .text              ro code   0x800'37b4     0x6  ABImemclr4.o [5]
  .text              ro code   0x800'37bc    0xde  main.o [1]
  .text              ro code   0x800'389c    0x32  ABImemset48.o [5]
  .text              ro code   0x800'38d0    0x34  stm32f4xx_hal.o [1]
  .text              ro code   0x800'3904    0xc0  gpio.o [1]
  .text              ro code   0x800'39c4    0xdc  can.o [1]
  .text              ro code   0x800'3aa0    0x4c  crc.o [1]
  .text              ro code   0x800'3aec    0xa8  usart.o [1]
  .text              ro code   0x800'3b94    0x7e  GUI_Frame.o [1]
  .text              ro code   0x800'3c14   0x2e0  stm32f4xx_hal_rcc.o [1]
  .text              ro code   0x800'3ef4   0x19c  stm32f4xx_hal_rcc.o [1]
  .text              ro code   0x800'4090    0xc4  stm32f4xx_hal_cortex.o [1]
  .text              ro code   0x800'4154    0x40  stm32f4xx_hal.o [1]
  .text              ro code   0x800'4194    0x38  stm32f4xx_hal_msp.o [1]
  .text              ro code   0x800'41cc   0x308  stm32f4xx_hal_can.o [1]
  .text              ro code   0x800'44d4    0x22  stm32f4xx_hal_crc.o [1]
  .text              ro code   0x800'44f8   0x1ee  stm32f4xx_hal_uart.o [1]
  .text              ro code   0x800'46e8    0x10  GUI_Pen.o [2]
  .text              ro code   0x800'46f8   0x4d8  GUI_DrawLine.o [2]
  .text              ro code   0x800'4bd0   0x106  I64DivMod_small.o [5]
  .text              ro code   0x800'4cd6     0x2  stm32f4xx_hal_can.o [1]
  .text              ro code   0x800'4cd8     0x2  stm32f4xx_hal_can.o [1]
  .text              ro code   0x800'4cda     0x2  stm32f4xx_hal_can.o [1]
  .text              ro code   0x800'4cdc     0x2  stm32f4xx_hal_can.o [1]
  .text              ro code   0x800'4cde     0x2  stm32f4xx_hal_can.o [1]
  .text              ro code   0x800'4ce0     0x2  stm32f4xx_hal_can.o [1]
  .text              ro code   0x800'4ce2     0x2  stm32f4xx_hal_can.o [1]
  .text              ro code   0x800'4ce4     0x2  stm32f4xx_hal_can.o [1]
  .text              ro code   0x800'4ce6     0x2  stm32f4xx_hal_can.o [1]
  .text              ro code   0x800'4ce8     0x2  stm32f4xx_hal_can.o [1]
  .text              ro code   0x800'4cea     0x2  stm32f4xx_hal_can.o [1]
  .text              ro code   0x800'4cec     0x2  stm32f4xx_hal_can.o [1]
  .text              ro code   0x800'4cee     0x2  stm32f4xx_hal_can.o [1]
  .text              ro code   0x800'4cf0    0x20  GUI_DrawPoint.o [2]
  .text              ro code   0x800'4d10   0x1ec  GUI_FillPolygon.o [2]
  .text              ro code   0x800'4efc     0x2  I64DivZer.o [5]
  .text              ro code   0x800'4f00    0xb4  GUI_Circ.o [2]
  .text              ro code   0x800'4fb4   0x72c  GUIDRV_Template.o [1]
  .rodata            const     0x800'56e0   0x718  F6x8.o [2]
  .text              ro code   0x800'5df8   0x1b4  GUI_CharLine.o [2]
  .text              ro code   0x800'5fac    0xb0  GUI__ManageCache.o [2]
  .text              ro code   0x800'605c    0x4c  GUI_UC.o [2]
  .text              ro code   0x800'60a8    0x54  GUI_Char.o [2]
  .text              ro code   0x800'60fc   0x174  GUI_CharM.o [2]
  .rodata            const     0x800'6270   0x100  GUI__DivTbl_255_31.o [2]
  .rodata            const     0x800'6370   0x100  GUI__DivTbl_255_63.o [2]
  .text              ro code   0x800'6470    0xfc  GUI_DispString.o [2]
  .text              ro code   0x800'656c    0xc4  GUI_AddDecShift.o [2]
  .text              ro code   0x800'6630    0xc0  GUICC_M565.o [2]
  .text              ro code   0x800'66f0    0xc0  GUICC_0.o [2]
  .text              ro code   0x800'67b0    0x3e  GUI_CalcColorDist.o [2]
  .text              ro code   0x800'67f0    0x9e  stm32f4xx_it.o [1]
  .text              ro code   0x800'688e    0x24  GUI_Val.o [2]
  .text              ro code   0x800'68b4    0x10  GUI_DispStringAt.o [2]
  .text              ro code   0x800'68c4    0x10  stm32f4xx_hal.o [1]
  .text              ro code   0x800'68d4    0x60  system_stm32f4xx.o [1]
  .rodata            const     0x800'6934    0x40  GUI__DivTbl_63_255.o [2]
  .text              ro code   0x800'6974    0x38  packbits_init_single.o [5]
  .rodata            const     0x800'69ac    0x34  GUIDRV_Template.o [1]
  .text              ro code   0x800'69e0    0x2c  GUICC_M565_Index2Color.o [2]
  .text              ro code   0x800'6a0c    0x28  data_init.o [5]
  .text              ro code   0x800'6a34    0x24  GUI_UC_EncodeNone.o [2]
  .text              ro code   0x800'6a58    0x22  fpinit_M.o [4]
  .iar.init_table    const     0x800'6a7c    0x20  - Linker created -
  .rodata            const     0x800'6a9c    0x20  GUI__DivTbl_31_255.o [2]
  .text              ro code   0x800'6abc    0x1e  cmain.o [5]
  .text              ro code   0x800'6ada     0x4  low_level_init.o [3]
  .text              ro code   0x800'6ade     0x4  exit.o [3]
  .text              ro code   0x800'6ae4     0xa  cexit.o [5]
  .text              ro code   0x800'6af0    0x14  exit.o [6]
  .rodata            const     0x800'6b04    0x18  GUICC_M565.o [2]
  .rodata            const     0x800'6b1c    0x18  GUICC_0.o [2]
  .text              ro code   0x800'6b34    0x10  startup_stm32f407xx.o [1]
  .rodata            const     0x800'6b44     0xc  LCD.o [2]
  .text              ro code   0x800'6b50     0xc  cstartup_M.o [5]
  .rodata            const     0x800'6b5c     0x8  system_stm32f4xx.o [1]
  .text              ro code   0x800'6b64     0x4  startup_stm32f407xx.o [1]
  .text              ro code   0x800'6b68     0x4  startup_stm32f407xx.o [1]
  .text              ro code   0x800'6b6c     0x4  startup_stm32f407xx.o [1]
  .text              ro code   0x800'6b70     0x4  startup_stm32f407xx.o [1]
  .text              ro code   0x800'6b74     0x4  startup_stm32f407xx.o [1]
  .text              ro code   0x800'6b78     0x4  startup_stm32f407xx.o [1]
  .text              ro code   0x800'6b7c     0x4  startup_stm32f407xx.o [1]
  .text              ro code   0x800'6b80     0x4  startup_stm32f407xx.o [1]
  .text              ro code   0x800'6b84     0x4  startup_stm32f407xx.o [1]
  .text              ro code   0x800'6b88     0x4  startup_stm32f407xx.o [1]
  .text              ro code   0x800'6b8c     0x4  startup_stm32f407xx.o [1]
  .text              ro code   0x800'6b90     0x4  startup_stm32f407xx.o [1]
  .text              ro code   0x800'6b94     0x4  startup_stm32f407xx.o [1]
  .text              ro code   0x800'6b98     0x4  startup_stm32f407xx.o [1]
  .text              ro code   0x800'6b9c     0x4  startup_stm32f407xx.o [1]
  .text              ro code   0x800'6ba0     0x4  startup_stm32f407xx.o [1]
  .text              ro code   0x800'6ba4     0x4  startup_stm32f407xx.o [1]
  .text              ro code   0x800'6ba8     0x4  startup_stm32f407xx.o [1]
  .text              ro code   0x800'6bac     0x4  startup_stm32f407xx.o [1]
  .text              ro code   0x800'6bb0     0x4  startup_stm32f407xx.o [1]
  .text              ro code   0x800'6bb4     0x4  startup_stm32f407xx.o [1]
  .text              ro code   0x800'6bb8     0x4  startup_stm32f407xx.o [1]
  .text              ro code   0x800'6bbc     0x4  startup_stm32f407xx.o [1]
  .text              ro code   0x800'6bc0     0x4  startup_stm32f407xx.o [1]
  .text              ro code   0x800'6bc4     0x4  startup_stm32f407xx.o [1]
  .text              ro code   0x800'6bc8     0x4  startup_stm32f407xx.o [1]
  .text              ro code   0x800'6bcc     0x4  startup_stm32f407xx.o [1]
  .text              ro code   0x800'6bd0     0x4  startup_stm32f407xx.o [1]
  .text              ro code   0x800'6bd4     0x4  startup_stm32f407xx.o [1]
  .text              ro code   0x800'6bd8     0x4  startup_stm32f407xx.o [1]
  .text              ro code   0x800'6bdc     0x4  startup_stm32f407xx.o [1]
  .text              ro code   0x800'6be0     0x4  startup_stm32f407xx.o [1]
  .text              ro code   0x800'6be4     0x4  startup_stm32f407xx.o [1]
  .text              ro code   0x800'6be8     0x4  startup_stm32f407xx.o [1]
  .text              ro code   0x800'6bec     0x4  startup_stm32f407xx.o [1]
  .text              ro code   0x800'6bf0     0x4  startup_stm32f407xx.o [1]
  .text              ro code   0x800'6bf4     0x4  startup_stm32f407xx.o [1]
  .text              ro code   0x800'6bf8     0x4  startup_stm32f407xx.o [1]
  .text              ro code   0x800'6bfc     0x4  startup_stm32f407xx.o [1]
  .text              ro code   0x800'6c00     0x4  startup_stm32f407xx.o [1]
  .text              ro code   0x800'6c04     0x4  startup_stm32f407xx.o [1]
  .text              ro code   0x800'6c08     0x4  startup_stm32f407xx.o [1]
  .text              ro code   0x800'6c0c     0x4  startup_stm32f407xx.o [1]
  .text              ro code   0x800'6c10     0x4  startup_stm32f407xx.o [1]
  .text              ro code   0x800'6c14     0x4  startup_stm32f407xx.o [1]
  .text              ro code   0x800'6c18     0x4  startup_stm32f407xx.o [1]
  .text              ro code   0x800'6c1c     0x4  startup_stm32f407xx.o [1]
  .text              ro code   0x800'6c20     0x4  startup_stm32f407xx.o [1]
  .text              ro code   0x800'6c24     0x4  startup_stm32f407xx.o [1]
  .text              ro code   0x800'6c28     0x4  startup_stm32f407xx.o [1]
  .text              ro code   0x800'6c2c     0x4  startup_stm32f407xx.o [1]
  .text              ro code   0x800'6c30     0x4  startup_stm32f407xx.o [1]
  .text              ro code   0x800'6c34     0x4  startup_stm32f407xx.o [1]
  .text              ro code   0x800'6c38     0x4  startup_stm32f407xx.o [1]
  .text              ro code   0x800'6c3c     0x4  startup_stm32f407xx.o [1]
  .text              ro code   0x800'6c40     0x4  startup_stm32f407xx.o [1]
  .text              ro code   0x800'6c44     0x4  startup_stm32f407xx.o [1]
  .text              ro code   0x800'6c48     0x4  startup_stm32f407xx.o [1]
  .text              ro code   0x800'6c4c     0x4  startup_stm32f407xx.o [1]
  .text              ro code   0x800'6c50     0x4  startup_stm32f407xx.o [1]
  .text              ro code   0x800'6c54     0x4  startup_stm32f407xx.o [1]
  .text              ro code   0x800'6c58     0x4  startup_stm32f407xx.o [1]
  .text              ro code   0x800'6c5c     0x4  startup_stm32f407xx.o [1]
  .text              ro code   0x800'6c60     0x4  startup_stm32f407xx.o [1]
  .text              ro code   0x800'6c64     0x4  startup_stm32f407xx.o [1]
  .text              ro code   0x800'6c68     0x4  startup_stm32f407xx.o [1]
  .text              ro code   0x800'6c6c     0x4  startup_stm32f407xx.o [1]
  .text              ro code   0x800'6c70     0x4  startup_stm32f407xx.o [1]
  .text              ro code   0x800'6c74     0x4  startup_stm32f407xx.o [1]
  .text              ro code   0x800'6c78     0x4  startup_stm32f407xx.o [1]
  .text              ro code   0x800'6c7c     0x4  startup_stm32f407xx.o [1]
  .text              ro code   0x800'6c80     0x4  startup_stm32f407xx.o [1]
  .text              ro code   0x800'6c84     0x4  startup_stm32f407xx.o [1]
  .text              ro code   0x800'6c88     0x4  startup_stm32f407xx.o [1]
  .text              ro code   0x800'6c8c     0x4  startup_stm32f407xx.o [1]
  .text              ro code   0x800'6c90     0x4  startup_stm32f407xx.o [1]
  .text              ro code   0x800'6c94     0x4  startup_stm32f407xx.o [1]
  .text              ro code   0x800'6c98     0x4  startup_stm32f407xx.o [1]
  .rodata            const     0x800'6c9c     0x0  zero_init3.o [5]
  .rodata            const     0x800'6c9c     0x0  packbits_init_single.o [5]
  Initializer bytes  const     0x800'6c9c    0x32  <for P2-1>
                             - 0x800'6cce  0x6b46

"P2", part 1 of 3:                           0x58
  P2-1                        0x2000'0000    0x58  <Init block>
    .data            inited   0x2000'0000    0x14  ILI93xx.o [1]
    .data            inited   0x2000'0014     0xc  stm32f4xx_hal.o [1]
    .data            inited   0x2000'0020     0x4  system_stm32f4xx.o [1]
    .data            inited   0x2000'0024    0x10  GUI_Core.o [2]
    .data            inited   0x2000'0034     0x4  LCD.o [2]
    .data            inited   0x2000'0038    0x10  LCD_Color.o [2]
    .data            inited   0x2000'0048     0xc  GUI_OnKey.o [2]
    .data            inited   0x2000'0054     0x4  GUI_CharLine.o [2]
                            - 0x2000'0058    0x58

"P2", part 2 of 3:                         0xcbd4
  .bss               zero     0x2000'0058  0xc800  GUIConf.o [1]
  .bss               zero     0x2000'c858    0xbc  GUI_Alloc.o [2]
  .bss               zero     0x2000'c914    0x80  GUI_Core.o [2]
  .bss               zero     0x2000'c994    0x70  WM.o [2]
  .bss               zero     0x2000'ca04    0x58  GUI_OnKey.o [2]
  .bss               zero     0x2000'ca5c    0x50  fsmc.o [1]
  .bss               zero     0x2000'caac    0x50  ILI93xx.o [1]
  .bss               zero     0x2000'cafc    0x40  usart.o [1]
  .bss               zero     0x2000'cb3c    0x40  WM_Touch.o [2]
  .bss               zero     0x2000'cb7c    0x28  can.o [1]
  .bss               zero     0x2000'cba4    0x1c  GUI_FillPolygon.o [2]
  .bss               zero     0x2000'cbc0    0x14  GUI_Alloc.o [2]
  .bss               zero     0x2000'cbd4    0x10  WM_Touch.o [2]
  .bss               zero     0x2000'cbe4     0xc  GUI_Core.o [2]
  .bss               zero     0x2000'cbf0     0x8  crc.o [1]
  .bss               zero     0x2000'cbf8     0x8  GUICC_M565.o [2]
  .bss               zero     0x2000'cc00     0x8  GUI__ManageCache.o [2]
  .bss               zero     0x2000'cc08     0x4  fsmc.o [1]
  .bss               zero     0x2000'cc0c     0x4  main.o [1]
  .bss               zero     0x2000'cc10     0x4  main.o [1]
  .bss               zero     0x2000'cc14     0x4  GUI_Core.o [2]
  .bss               zero     0x2000'cc18     0x4  GUI_Core.o [2]
  .bss               zero     0x2000'cc1c     0x4  GUI_Core.o [2]
  .bss               zero     0x2000'cc20     0x4  GUI_WaitEvent.o [2]
  .bss               zero     0x2000'cc24     0x4  WM__SendMessage.o [2]
  .bss               zero     0x2000'cc28     0x2  GUI_Core.o [2]
  .bss               zero     0x2000'cc2a     0x2  GUI_Core.o [2]
                            - 0x2000'cc2c  0xcbd4

"P2", part 3 of 3:                          0x600
  CSTACK                      0x2000'cc30   0x600  <Block>
    CSTACK           uninit   0x2000'cc30   0x600  <Block tail>
                            - 0x2000'd230   0x600

Unused ranges:

         From           To      Size
         ----           --      ----
   0x800'6cce   0x80f'ffff  0xf'9332
  0x2000'cc2c  0x2000'cc2f       0x4
  0x2000'd230  0x2001'ffff  0x1'2dd0


*******************************************************************************
*** INIT TABLE
***

          Address      Size
          -------      ----
Zero (__iar_zero_init3)
    1 destination range, total size 0xcbd4:
          0x2000'0058  0xcbd4

Copy/packbits (__iar_packbits_init_single3)
    1 source range, total size 0x32 (56% of destination):
           0x800'6c9c    0x32
    1 destination range, total size 0x58:
          0x2000'0000    0x58



*******************************************************************************
*** MODULE SUMMARY
***

    Module                        ro code  ro data  rw data
    ------                        -------  -------  -------
command line/config:
    -------------------------------------------------------
    Total:

D:\Users\zohycao\Documents\BUPT\RobotTeam\Project\DisplayLCD\EWARM\DisplayLCD\Obj: [1]
    GUIConf.o                          36            51 200
    GUIDRV_Template.o               1 836       52
    GUI_Frame.o                       126
    GUI_X.o                             2
    ILI93xx.o                         880       11      100
    LCDConf_FlexColor_Template.o       76
    can.o                             220                40
    crc.o                              76                 8
    fsmc.o                            316                84
    gpio.o                            192
    main.o                            222                 8
    startup_stm32f407xx.o             720
    stm32f4xx_hal.o                   184        7       12
    stm32f4xx_hal_can.o               802
    stm32f4xx_hal_cortex.o            196
    stm32f4xx_hal_crc.o                34
    stm32f4xx_hal_gpio.o              472
    stm32f4xx_hal_msp.o                56
    stm32f4xx_hal_rcc.o             1 148
    stm32f4xx_hal_sram.o               82
    stm32f4xx_hal_uart.o              494
    stm32f4xx_it.o                    158
    stm32f4xx_ll_fsmc.o               212
    system_stm32f4xx.o                 96       10        4
    usart.o                           168                64
    -------------------------------------------------------
    Total:                          8 804       80   51 520

STemWin522_CM4_IAR.a: [2]
    F6x8.o                                   1 816
    F8x16.o                                  3 120
    GUICC_0.o                         192       24
    GUICC_M565.o                      192       24        8
    GUICC_M565_Index2Color.o           44
    GUIDEV.o                           68
    GUIDEV_Usage.o                     34
    GUI_ALLOC_AllocZero.o              36
    GUI_AddDecShift.o                 196
    GUI_Alloc.o                     1 584               208
    GUI_CalcColorDist.o                62
    GUI_Char.o                         84
    GUI_CharLine.o                    436        3        4
    GUI_CharM.o                       372
    GUI_Circ.o                        180
    GUI_Core.o                        420        9      172
    GUI_Device.o                      300
    GUI_DispString.o                  252
    GUI_DispStringAt.o                 16
    GUI_DrawLine.o                  1 240
    GUI_DrawPoint.o                    32
    GUI_FillPolygon.o                 492                28
    GUI_Goto.o                         16
    GUI_MergeRect.o                    88
    GUI_MoveRect.o                     28
    GUI_OnKey.o                        16        7      100
    GUI_Pen.o                          16
    GUI_RectsIntersect.o               56
    GUI_SelectLCD.o                    18
    GUI_SelectLayer.o                  36
    GUI_SetColor.o                      8
    GUI_SetOrg.o                       48
    GUI_UC.o                           76
    GUI_UC_EncodeNone.o                36
    GUI_Val.o                          36
    GUI_WaitEvent.o                    16                 4
    GUI__DivTbl_255_31.o                       256
    GUI__DivTbl_255_63.o                       256
    GUI__DivTbl_31_255.o                        32
    GUI__DivTbl_63_255.o                        64
    GUI__IntersectRect.o               64
    GUI__IntersectRects.o              98
    GUI__ManageCache.o                176                 8
    GUI__memset.o                      84
    LCD.o                           1 212       14        4
    LCD_Color.o                       180        9       16
    LCD_GetEx.o                       194
    LCD_GetNumDisplays.o               26
    LCD_SelectLCD.o                    68
    LCD_Set.o                         134
    LCD_SetClipRectEx.o                48
    LCD_UpdateColorIndices.o           36
    WM.o                            2 836               112
    WM_BringToBottom.o                130
    WM_CriticalHandle.o                16
    WM_GetClientRect.o                 34
    WM_GetDesktopWindow.o              24
    WM_GetFirstChild.o                 14
    WM_GetParent.o                     14
    WM_SendToParent.o                  28
    WM_Touch.o                                           80
    WM__GetFirstSibling.o              16
    WM__GetPrevSibling.o               34
    WM__SendMessage.o                  64                 4
    -------------------------------------------------------
    Total:                         12 256    5 634      748

dl7M_tlf.a: [3]
    exit.o                              4
    low_level_init.o                    4
    -------------------------------------------------------
    Total:                              8

m7M_tls.a: [4]
    fpinit_M.o                         34
    -------------------------------------------------------
    Total:                             34

rt7M_tl.a: [5]
    ABImemclr.o                         6
    ABImemclr4.o                        6
    ABImemcpy.o                       166
    ABImemmove.o                      150
    ABImemset.o                        94
    ABImemset48.o                      50
    I64DivMod_small.o                 262
    I64DivZer.o                         2
    cexit.o                            10
    cmain.o                            30
    cstartup_M.o                       12
    data_init.o                        40
    packbits_init_single.o             56
    zero_init3.o                       58
    -------------------------------------------------------
    Total:                            942

shb_l.a: [6]
    exit.o                             20
    -------------------------------------------------------
    Total:                             20

    Gaps                               42        2
    Linker created                              32    1 536
-----------------------------------------------------------
    Grand Total:                   22 106    5 748   53 804


*******************************************************************************
*** ENTRY LIST
***

Entry                       Address    Size  Type      Object
-----                       -------    ----  ----      ------
.iar.init_table$$Base    0x800'6a7c           --   Gb  - Linker created -
.iar.init_table$$Limit   0x800'6a9c           --   Gb  - Linker created -
?main                    0x800'6abd          Code  Gb  cmain.o [5]
AHBPrescTable            0x800'6924    0x10  Data  Gb  system_stm32f4xx.o [1]
APBPrescTable            0x800'6b5c     0x8  Data  Gb  system_stm32f4xx.o [1]
BACK_COLOR              0x2000'0012     0x2  Data  Gb  ILI93xx.o [1]
BusFault_Handler         0x800'67f7     0x2  Code  Gb  stm32f4xx_it.o [1]
CAN1_RX0_IRQHandler      0x800'6871     0x2  Code  Gb  stm32f4xx_it.o [1]
CAN1_RX1_IRQHandler      0x800'6875     0x2  Code  Gb  stm32f4xx_it.o [1]
CAN1_SCE_IRQHandler      0x800'688d     0x2  Code  Gb  stm32f4xx_it.o [1]
CSTACK$$Base            0x2000'cc30           --   Gb  - Linker created -
CSTACK$$Limit           0x2000'd230           --   Gb  - Linker created -
DebugMon_Handler         0x800'67fd     0x2  Code  Gb  stm32f4xx_it.o [1]
Error_Handler            0x800'3899     0x2  Code  Gb  main.o [1]
FSMC_Initialized        0x2000'cc08     0x4  Data  Lc  fsmc.o [1]
FSMC_NORSRAM_Extended_Timing_Init
                         0x800'3765    0x3c  Code  Gb  stm32f4xx_ll_fsmc.o [1]
FSMC_NORSRAM_Init        0x800'36d5    0x50  Code  Gb  stm32f4xx_ll_fsmc.o [1]
FSMC_NORSRAM_Timing_Init
                         0x800'3725    0x40  Code  Gb  stm32f4xx_ll_fsmc.o [1]
FontMono8x16x3           0x800'0d80    0x14  Data  Lc  F8x16.o [2]
GL_DrawLine              0x800'4b43    0x10  Code  Gb  GUI_DrawLine.o [2]
GL_DrawLine1Ex           0x800'4857   0x1b4  Code  Gb  GUI_DrawLine.o [2]
GL_DrawLineEx            0x800'4a1b   0x128  Code  Gb  GUI_DrawLine.o [2]
GL_DrawPoint             0x800'4cf1    0x1c  Code  Gb  GUI_DrawPoint.o [2]
GL_FP_Cnt               0x2000'cbbc     0x4  Data  Lc  GUI_FillPolygon.o [2]
GL_FillCircle            0x800'4f01    0xae  Code  Gb  GUI_Circ.o [2]
GL_FillPolygon           0x800'4d9d   0x154  Code  Gb  GUI_FillPolygon.o [2]
GUIDRV_Template_API      0x800'69ac    0x34  Data  Gb  GUIDRV_Template.o [1]
GUIMONO_DispChar         0x800'60fd   0x106  Code  Gb  GUI_CharM.o [2]
GUIMONO_GetCharDistX     0x800'621d    0x12  Code  Gb  GUI_CharM.o [2]
GUIMONO_GetFontInfo      0x800'6235     0x6  Code  Gb  GUI_CharM.o [2]
GUIMONO_IsInFont         0x800'623b    0x36  Code  Gb  GUI_CharM.o [2]
GUI_ALLOC_AllocNoInit    0x800'1e77     0xa  Code  Gb  GUI_Alloc.o [2]
GUI_ALLOC_AllocZero      0x800'211d    0x24  Code  Gb  GUI_ALLOC_AllocZero.o [2]
GUI_ALLOC_AssignMemory   0x800'1ed1     0xc  Code  Gb  GUI_Alloc.o [2]
GUI_ALLOC_Free           0x800'1ef5    0x2c  Code  Gb  GUI_Alloc.o [2]
GUI_ALLOC_FreeFixedBlock
                         0x800'1dbf    0x10  Code  Gb  GUI_Alloc.o [2]
GUI_ALLOC_GetFixedBlock
                         0x800'1dcf    0xa8  Code  Gb  GUI_Alloc.o [2]
GUI_ALLOC_LockH          0x800'1e91    0x16  Code  Gb  GUI_Alloc.o [2]
GUI_ALLOC_SetAvBlockSize
                         0x800'1edd    0x18  Code  Gb  GUI_Alloc.o [2]
GUI_ALLOC_UnlockH        0x800'1ea7    0x2a  Code  Gb  GUI_Alloc.o [2]
GUI_ALLOC__Context      0x2000'c858    0xbc  Data  Gb  GUI_Alloc.o [2]
GUI_ALLOC_h2p            0x800'1e81    0x10  Code  Gb  GUI_Alloc.o [2]
GUI_AddDecShift          0x800'656d    0x96  Code  Gb  GUI_AddDecShift.o [2]
GUI_CalcColorDist        0x800'67b1    0x3e  Code  Gb  GUI_CalcColorDist.o [2]
GUI_CharLine_pfLog2Vis  0x2000'0054     0x4  Data  Gb  GUI_CharLine.o [2]
GUI_Clear                0x800'2777    0x1a  Code  Gb  GUI_Core.o [2]
GUI_ClearRect            0x800'271d    0x5a  Code  Gb  GUI_Core.o [2]
GUI_DEVICE_Create        0x800'2927    0x46  Code  Gb  GUI_Device.o [2]
GUI_DEVICE_CreateAndLink
                         0x800'29d9    0x24  Code  Gb  GUI_Device.o [2]
GUI_DEVICE_Delete        0x800'2923     0x4  Code  Gb  GUI_Device.o [2]
GUI_DEVICE_Link          0x800'296f    0x6a  Code  Gb  GUI_Device.o [2]
GUI_DEVICE_Unlink        0x800'296d     0x2  Code  Gb  GUI_Device.o [2]
GUI_DEVICE__GetpDriver   0x800'2903    0x20  Code  Gb  GUI_Device.o [2]
GUI_DecChar             0x2000'0024     0x1  Data  Gb  GUI_Core.o [2]
GUI_DispDecAt            0x800'688f    0x24  Code  Gb  GUI_Val.o [2]
GUI_DispString           0x800'6471    0xfc  Code  Gb  GUI_DispString.o [2]
GUI_DispStringAt         0x800'68b5    0x10  Code  Gb  GUI_DispStringAt.o [2]
GUI_DrawLine             0x800'4b53    0x30  Code  Gb  GUI_DrawLine.o [2]
GUI_F6x8_Mono            0x800'5dc0    0x14  Data  Lc  F6x8.o [2]
GUI_F6x8_TI8859_1        0x800'5db8     0x8  Data  Lc  F6x8.o [2]
GUI_F6x8_TL8859_1        0x800'5bf8   0x1c0  Data  Lc  F6x8.o [2]
GUI_Font6x8              0x800'5dd4    0x24  Data  Gb  F6x8.o [2]
GUI_Font8x16x3x3         0x800'0d94    0x24  Data  Gb  F8x16.o [2]
GUI_GetCharDistX         0x800'60df     0x6  Code  Gb  GUI_Char.o [2]
GUI_GetCharDistXEx       0x800'60ed     0x8  Code  Gb  GUI_Char.o [2]
GUI_GetFontDistY         0x800'60d5     0xa  Code  Gb  GUI_Char.o [2]
GUI_GetYAdjust           0x800'60a9    0x2c  Code  Gb  GUI_Char.o [2]
GUI_GotoXY               0x800'2cc9     0xc  Code  Gb  GUI_Goto.o [2]
GUI_Init                 0x800'27b3    0xa6  Code  Gb  GUI_Core.o [2]
GUI_MEMDEV_Delete        0x800'1ff1    0x3a  Code  Gb  GUIDEV.o [2]
GUI_MergeRect            0x800'1f6d    0x58  Code  Gb  GUI_MergeRect.o [2]
GUI_MoveRect             0x800'1fd5    0x1c  Code  Gb  GUI_MoveRect.o [2]
GUI_OrgX                0x2000'cc28     0x2  Data  Gb  GUI_Core.o [2]
GUI_OrgY                0x2000'cc2a     0x2  Data  Gb  GUI_Core.o [2]
GUI_Pow10                0x800'6608    0x28  Data  Gb  GUI_AddDecShift.o [2]
GUI_RectsIntersect       0x800'20a5    0x38  Code  Gb  GUI_RectsIntersect.o [2]
GUI_SelectLCD            0x800'2baf    0x12  Code  Gb  GUI_SelectLCD.o [2]
GUI_SelectLayer          0x800'21fd    0x1c  Code  Gb  GUI_SelectLayer.o [2]
GUI_SetBkColor           0x800'26ed     0x4  Code  Gb  GUI_SetColor.o [2]
GUI_SetColor             0x800'26f1     0x4  Code  Gb  GUI_SetColor.o [2]
GUI_SetDefaultFont       0x800'2717     0x6  Code  Gb  GUI_Core.o [2]
GUI_SetOrg               0x800'2d65    0x30  Code  Gb  GUI_SetOrg.o [2]
GUI_SetPenSize           0x800'46e9     0xc  Code  Gb  GUI_Pen.o [2]
GUI_SignalEvent          0x800'1fc5     0xc  Code  Gb  GUI_WaitEvent.o [2]
GUI_StoreKey             0x800'26dd     0xc  Code  Gb  GUI_OnKey.o [2]
GUI_UC_None              0x800'6a48    0x10  Data  Gb  GUI_UC_EncodeNone.o [2]
GUI_UC__GetCharCodeInc   0x800'605d    0x22  Code  Gb  GUI_UC.o [2]
GUI_UC__NumChars2NumBytes
                         0x800'607f    0x24  Code  Gb  GUI_UC.o [2]
GUI_USAGE_DecUseCnt      0x800'2bc1    0x22  Code  Gb  GUIDEV_Usage.o [2]
GUI_X_Config             0x800'2cd9    0x24  Code  Gb  GUIConf.o [1]
GUI_X_Config::aMemory   0x2000'0058  0xc800  Data  Lc  GUIConf.o [1]
GUI_X_Init               0x800'2d49     0x2  Code  Gb  GUI_X.o [1]
GUI__Config              0x800'2791    0x22  Code  Gb  GUI_Core.o [2]
GUI__Context            0x2000'c914    0x78  Data  Lc  GUI_Core.o [2]
GUI__DispLine            0x800'5eff    0x9e  Code  Gb  GUI_CharLine.o [2]
GUI__GetLineDistX        0x800'5eb1    0x4e  Code  Gb  GUI_CharLine.o [2]
GUI__GetLineNumChars     0x800'5e5f    0x36  Code  Gb  GUI_CharLine.o [2]
GUI__GetOverlap          0x800'5e95    0x1c  Code  Gb  GUI_CharLine.o [2]
GUI__IntersectRect       0x800'1f2d    0x40  Code  Gb  GUI__IntersectRect.o [2]
GUI__IntersectRects      0x800'2043    0x62  Code  Gb  GUI__IntersectRects.o [2]
GUI__ManageCache         0x800'6049     0xa  Code  Gb  GUI__ManageCache.o [2]
GUI__ManageCacheEx       0x800'5fad    0x90  Code  Gb  GUI__ManageCache.o [2]
GUI__RegisterExit        0x800'2859     0xa  Code  Gb  GUI_Core.o [2]
GUI__aConvert_255_31     0x800'6270   0x100  Data  Gb  GUI__DivTbl_255_31.o [2]
GUI__aConvert_255_63     0x800'6370   0x100  Data  Gb  GUI__DivTbl_255_63.o [2]
GUI__aConvert_31_255     0x800'6a9c    0x20  Data  Gb  GUI__DivTbl_31_255.o [2]
GUI__aConvert_63_255     0x800'6934    0x40  Data  Gb  GUI__DivTbl_63_255.o [2]
GUI__apDevice           0x2000'c98c     0x8  Data  Gb  GUI_Core.o [2]
GUI__memset              0x800'2ab3    0x54  Code  Gb  GUI__memset.o [2]
GUI__pFontDefault       0x2000'002c     0x4  Data  Gb  GUI_Core.o [2]
GUI_acFont6x8            0x800'56e0   0x518  Data  Lc  F6x8.o [2]
GUI_cos                  0x800'4755     0x6  Code  Gb  GUI_DrawLine.o [2]
GUI_pContext            0x2000'0030     0x4  Data  Gb  GUI_Core.o [2]
GUI_pLCD_APIList        0x2000'cc18     0x4  Data  Gb  GUI_Core.o [2]
GUI_pUC_API             0x2000'0028     0x4  Data  Gb  GUI_Core.o [2]
GUI_pfDispCharStyle     0x2000'cc14     0x4  Data  Gb  GUI_Core.o [2]
GUI_sin                  0x800'4703    0x52  Code  Gb  GUI_DrawLine.o [2]
HAL_CAN_IRQHandler       0x800'42dd   0x1f8  Code  Gb  stm32f4xx_hal_can.o [1]
HAL_CAN_Init             0x800'41cd    0xe2  Code  Gb  stm32f4xx_hal_can.o [1]
HAL_CAN_MspInit          0x800'39f9    0x96  Code  Gb  can.o [1]
HAL_CRC_Init             0x800'44d5    0x22  Code  Gb  stm32f4xx_hal_crc.o [1]
HAL_CRC_MspInit          0x800'3ab9    0x26  Code  Gb  crc.o [1]
HAL_Delay                0x800'3571    0x28  Code  Wk  stm32f4xx_hal.o [1]
HAL_GPIO_Init            0x800'3345   0x1a4  Code  Gb  stm32f4xx_hal_gpio.o [1]
HAL_GPIO_WritePin        0x800'34e9     0x8  Code  Gb  stm32f4xx_hal_gpio.o [1]
HAL_GetTick              0x800'37a9     0xc  Code  Wk  stm32f4xx_hal.o [1]
HAL_IncTick              0x800'68c5    0x10  Code  Wk  stm32f4xx_hal.o [1]
HAL_Init                 0x800'38d1    0x30  Code  Gb  stm32f4xx_hal.o [1]
HAL_InitTick             0x800'4155    0x40  Code  Wk  stm32f4xx_hal.o [1]
HAL_MspInit              0x800'4195    0x38  Code  Gb  stm32f4xx_hal_msp.o [1]
HAL_NVIC_EnableIRQ       0x800'40ff    0x16  Code  Gb  stm32f4xx_hal_cortex.o [1]
HAL_NVIC_SetPriority     0x800'40c5    0x3a  Code  Gb  stm32f4xx_hal_cortex.o [1]
HAL_NVIC_SetPriorityGrouping
                         0x800'40ab    0x1a  Code  Gb  stm32f4xx_hal_cortex.o [1]
HAL_RCC_ClockConfig      0x800'3ef5    0xfa  Code  Gb  stm32f4xx_hal_rcc.o [1]
HAL_RCC_GetPCLK1Freq     0x800'3ffb    0x10  Code  Gb  stm32f4xx_hal_rcc.o [1]
HAL_RCC_GetPCLK2Freq     0x800'400b     0xe  Code  Gb  stm32f4xx_hal_rcc.o [1]
HAL_RCC_OscConfig        0x800'3c15   0x2e0  Code  Wk  stm32f4xx_hal_rcc.o [1]
HAL_SRAM_Init            0x800'351d    0x52  Code  Gb  stm32f4xx_hal_sram.o [1]
HAL_SRAM_MspInit         0x800'3633    0x6c  Code  Gb  fsmc.o [1]
HAL_SYSTICK_Config       0x800'4115    0x28  Code  Gb  stm32f4xx_hal_cortex.o [1]
HAL_UART_Init            0x800'44f9    0x1e  Code  Gb  stm32f4xx_hal_uart.o [1]
HAL_UART_MspInit         0x800'3b1d    0x66  Code  Gb  usart.o [1]
HardFault_Handler        0x800'67f3     0x2  Code  Gb  stm32f4xx_it.o [1]
LCD_API_ColorConv_0      0x800'6b1c    0x18  Data  Gb  GUICC_0.o [2]
LCD_API_ColorConv_M565   0x800'6b04    0x18  Data  Gb  GUICC_M565.o [2]
LCD_Color2Index          0x800'2675    0x12  Code  Gb  LCD.o [2]
LCD_DrawBitmap           0x800'23bf   0x1d8  Code  Gb  LCD.o [2]
LCD_DrawHLine            0x800'22e1    0x3a  Code  Gb  LCD.o [2]
LCD_DrawPixel            0x800'2287    0x5a  Code  Gb  LCD.o [2]
LCD_DrawVLine            0x800'231b    0x3a  Code  Gb  LCD.o [2]
LCD_Fast_DrawPoint       0x800'308f    0x42  Code  Gb  ILI93xx.o [1]
LCD_FillRect             0x800'236b    0x54  Code  Gb  LCD.o [2]
LCD_GetBitsPerPixelEx    0x800'2f2f     0x4  Code  Gb  LCD_GetEx.o [2]
LCD_GetNumColors         0x800'2f37     0x8  Code  Gb  LCD_GetEx.o [2]
LCD_GetNumColorsEx       0x800'2f33     0x4  Code  Gb  LCD_GetEx.o [2]
LCD_GetNumLayers         0x800'2e6d    0x1a  Code  Gb  LCD_GetNumDisplays.o [2]
LCD_GetPalette           0x800'2f55     0x8  Code  Gb  LCD_GetEx.o [2]
LCD_GetPaletteEx         0x800'2f3f    0x16  Code  Gb  LCD_GetEx.o [2]
LCD_Index2Color          0x800'2687    0x12  Code  Gb  LCD.o [2]
LCD_Index2Color_M565     0x800'69e1    0x2c  Code  Gb  GUICC_M565_Index2Color.o [2]
LCD_InitColors           0x800'2c25    0x28  Code  Gb  LCD_Color.o [2]
LCD_InitLUT              0x800'2c4d    0x6c  Code  Gb  LCD_Color.o [2]
LCD_ReadPoint            0x800'3305    0x22  Code  Gb  ILI93xx.o [1]
LCD_SelectLCD            0x800'2df5    0x44  Code  Gb  LCD_SelectLCD.o [2]
LCD_SetBkColor           0x800'26bd     0x8  Code  Gb  LCD.o [2]
LCD_SetBkColorIndex      0x800'26ab    0x12  Code  Gb  LCD.o [2]
LCD_SetClipRectEx        0x800'18cd    0x30  Code  Gb  LCD_SetClipRectEx.o [2]
LCD_SetClipRectMax       0x800'25d5    0x14  Code  Gb  LCD.o [2]
LCD_SetColor             0x800'26c5     0x8  Code  Gb  LCD.o [2]
LCD_SetColorIndex        0x800'2699    0x12  Code  Gb  LCD.o [2]
LCD_SetCursor            0x800'2fd5    0xba  Code  Gb  ILI93xx.o [1]
LCD_SetDrawMode          0x800'227d     0xa  Code  Gb  LCD.o [2]
LCD_SetLUTEntryEx        0x800'2eeb    0x24  Code  Gb  LCD_Set.o [2]
LCD_SetSizeEx            0x800'2ead    0x24  Code  Gb  LCD_Set.o [2]
LCD_SetVSizeEx           0x800'2e89    0x24  Code  Gb  LCD_Set.o [2]
LCD_UpdateColorIndices   0x800'2e39    0x24  Code  Gb  LCD_UpdateColorIndices.o [2]
LCD_X_Config             0x800'2cfd    0x22  Code  Gb  LCDConf_FlexColor_Template.o [1]
LCD_X_DisplayDriver      0x800'2d35    0x14  Code  Gb  LCDConf_FlexColor_Template.o [1]
LCD__GetBPP              0x800'2f61    0x72  Code  Gb  LCD_GetEx.o [2]
LCD__aConvTable         0x2000'003c     0x4  Data  Gb  LCD_Color.o [2]
LCD__pSetColorAPI       0x2000'0034     0x4  Data  Gb  LCD.o [2]
MX_CAN1_Init             0x800'39c5    0x34  Code  Gb  can.o [1]
MX_CRC_Init              0x800'3aa1    0x18  Code  Gb  crc.o [1]
MX_FSMC_Init             0x800'3599    0x9a  Code  Gb  fsmc.o [1]
MX_GPIO_Init             0x800'3905    0xaa  Code  Gb  gpio.o [1]
MX_USART1_UART_Init      0x800'3aed    0x30  Code  Gb  usart.o [1]
MemManage_Handler        0x800'67f5     0x2  Code  Gb  stm32f4xx_it.o [1]
NMI_Handler              0x800'67f1     0x2  Code  Gb  stm32f4xx_it.o [1]
POINT_COLOR             0x2000'0010     0x2  Data  Gb  ILI93xx.o [1]
PendSV_Handler           0x800'67ff     0x2  Code  Gb  stm32f4xx_it.o [1]
Region$$Table$$Base      0x800'6a7c           --   Gb  - Linker created -
Region$$Table$$Limit     0x800'6a9c           --   Gb  - Linker created -
SVC_Handler              0x800'67fb     0x2  Code  Gb  stm32f4xx_it.o [1]
SysTick_Handler          0x800'6801    0x70  Code  Gb  stm32f4xx_it.o [1]
SystemClock_Config       0x800'37fb    0x92  Code  Gb  main.o [1]
SystemCoreClock         0x2000'0020     0x4  Data  Gb  system_stm32f4xx.o [1]
SystemInit               0x800'68d5    0x3a  Code  Gb  system_stm32f4xx.o [1]
TFTSRAM_Handler         0x2000'caac    0x50  Data  Gb  ILI93xx.o [1]
TFT_LCD_Init             0x800'30d9   0x22c  Code  Gb  ILI93xx.o [1]
TransInfo8x16            0x800'0d78     0x8  Data  Lc  F8x16.o [2]
TransList8x16            0x800'0bb8   0x1c0  Data  Lc  F8x16.o [2]
UART_SetConfig           0x800'456f   0x126  Code  Lc  stm32f4xx_hal_uart.o [1]
UsageFault_Handler       0x800'67f9     0x2  Code  Gb  stm32f4xx_it.o [1]
WM_Activate              0x800'178f     0xc  Code  Gb  WM.o [2]
WM_BringToBottom         0x800'2141    0x82  Code  Gb  WM_BringToBottom.o [2]
WM_CreateWindowAsChild   0x800'1333   0x13e  Code  Gb  WM.o [2]
WM_DefaultProc           0x800'179b    0x44  Code  Gb  WM.o [2]
WM_GetDesktopWindow      0x800'2d4d    0x18  Code  Gb  WM_GetDesktopWindow.o [2]
WM_GetFirstChild         0x800'2035     0xe  Code  Gb  WM_GetFirstChild.o [2]
WM_GetParent             0x800'2c05     0xe  Code  Gb  WM_GetParent.o [2]
WM_Init                  0x800'17fb    0xb2  Code  Gb  WM.o [2]
WM_InvalidateRect        0x800'12b9    0x76  Code  Gb  WM.o [2]
WM_InvalidateWindow      0x800'132f     0x4  Code  Gb  WM.o [2]
WM_InvalidateWindowAndDescsEx
                         0x800'100f    0x54  Code  Gb  WM.o [2]
WM_MULTIBUF__pAPI       0x2000'c9e8     0x4  Data  Gb  WM.o [2]
WM_SelectWindow          0x800'14a7    0x36  Code  Gb  WM.o [2]
WM_SendToParent          0x800'28bb    0x1c  Code  Gb  WM_SendToParent.o [2]
WM__ActivateClipRect     0x800'0ee9    0x3e  Code  Gb  WM.o [2]
WM__AddCriticalHandle    0x800'2a05     0xa  Code  Gb  WM_CriticalHandle.o [2]
WM__Client2Screen        0x800'0fbd    0x10  Code  Gb  WM.o [2]
WM__ClipAtParentBorders
                         0x800'0ea7    0x42  Code  Gb  WM.o [2]
WM__CreateFlags         0x2000'c9e0     0x4  Data  Gb  WM.o [2]
WM__FirstWin            0x2000'c9d0     0x4  Data  Gb  WM.o [2]
WM__GetClientRectEx      0x800'2899    0x22  Code  Gb  WM_GetClientRect.o [2]
WM__GetClientRectWin     0x800'12a1    0x18  Code  Gb  WM.o [2]
WM__GetFirstSibling      0x800'2e5d    0x10  Code  Gb  WM__GetFirstSibling.o [2]
WM__GetNextIVR           0x800'161b    0x36  Code  Gb  WM.o [2]
WM__GetPrevSibling       0x800'2be3    0x22  Code  Gb  WM__GetPrevSibling.o [2]
WM__GetTopLevelLayer     0x800'147b    0x18  Code  Gb  WM.o [2]
WM__InitIVRSearch        0x800'1651    0xd8  Code  Gb  WM.o [2]
WM__InsertWindowIntoList
                         0x800'0f27    0x96  Code  Gb  WM.o [2]
WM__Invalidate1Abs       0x800'0ea3     0x4  Code  Gb  WM.o [2]
WM__InvalidateDrawAndDescs
                         0x800'0fcd    0x42  Code  Gb  WM.o [2]
WM__InvalidateRect       0x800'106d    0x70  Code  Gb  WM.o [2]
WM__InvalidateRectEx     0x800'10dd     0x4  Code  Gb  WM.o [2]
WM__NumInvalidWindows   0x2000'c9b0     0x2  Data  Gb  WM.o [2]
WM__NumWindows          0x2000'c9ae     0x2  Data  Gb  WM.o [2]
WM__PaintCallbackCnt    0x2000'c9ac     0x1  Data  Gb  WM.o [2]
WM__RectIsNZ             0x800'10e7    0x20  Code  Gb  WM.o [2]
WM__SelectTopLevelLayer
                         0x800'1493    0x14  Code  Gb  WM.o [2]
WM__SendMessage          0x800'20dd    0x40  Code  Gb  WM__SendMessage.o [2]
WM__SendMsgNoData        0x800'128f    0x12  Code  Gb  WM.o [2]
WM__TouchedLayer        0x2000'c9cc     0x4  Data  Gb  WM.o [2]
WM__TransWindowCnt      0x2000'c9ec     0x4  Data  Gb  WM.o [2]
WM__aBkColor            0x2000'c9d8     0x8  Data  Gb  WM.o [2]
WM__aCHWinLast          0x2000'cb54    0x10  Data  Gb  WM_Touch.o [2]
WM__aCHWinModal         0x2000'cbd4    0x10  Data  Gb  WM_Touch.o [2]
WM__aCHWinMouseOver     0x2000'cb64    0x10  Data  Gb  WM_Touch.o [2]
WM__ahCapture           0x2000'c9bc     0x8  Data  Gb  WM.o [2]
WM__ahDesktopWin        0x2000'c9b4     0x8  Data  Gb  WM.o [2]
WM__ahWinFocus          0x2000'c9c4     0x8  Data  Gb  WM.o [2]
WM__hATransWindow       0x2000'c9f0     0x4  Data  Gb  WM.o [2]
WM__pFirstCriticalHandle
                        0x2000'c9d4     0x4  Data  Gb  WM.o [2]
WM_pfPollPID            0x2000'c9e4     0x4  Data  Gb  WM.o [2]
_Add                     0x800'4d6f    0x2e  Code  Lc  GUI_FillPolygon.o [2]
_AddFreeMemory           0x800'1957    0x78  Code  Lc  GUI_Alloc.o [2]
_Alloc                   0x800'1cdb    0xe4  Code  Lc  GUI_Alloc.o [2]
_CalcSizeOfChar          0x800'6a3d     0x4  Code  Lc  GUI_UC_EncodeNone.o [2]
_CheckYInterSect         0x800'4d11    0x5e  Code  Lc  GUI_FillPolygon.o [2]
_ClipContext            0x2000'c994    0x18  Data  Lc  WM.o [2]
_Color2IndexBulk         0x800'6657    0x3a  Code  Lc  GUICC_M565.o [2]
_Color2Index_0           0x800'66f1    0x50  Code  Lc  GUICC_0.o [2]
_Color2Index_M565        0x800'6631    0x20  Code  Lc  GUICC_M565.o [2]
_Config                 0x2000'cbc0     0xc  Data  Lc  GUI_Alloc.o [2]
_DeleteWindows          0x2000'c9f8     0x4  Data  Lc  WM.o [2]
_DesktopHandle2Index     0x800'0db9    0x1e  Code  Lc  WM.o [2]
_DispLine                0x800'5dfb    0x64  Code  Lc  GUI_CharLine.o [2]
_DrawBitLine16BPP        0x800'53af    0x1e  Code  Lc  GUIDRV_Template.o [1]
_DrawBitLine1BPP         0x800'5065    0xa6  Code  Lc  GUIDRV_Template.o [1]
_DrawBitLine2BPP         0x800'511d    0xc0  Code  Lc  GUIDRV_Template.o [1]
_DrawBitLine32BPP        0x800'53cd    0x1e  Code  Lc  GUIDRV_Template.o [1]
_DrawBitLine4BPP         0x800'51e9    0xc0  Code  Lc  GUIDRV_Template.o [1]
_DrawBitLine8BPP         0x800'531f    0x84  Code  Lc  GUIDRV_Template.o [1]
_DrawBitmap              0x800'53ff    0xf0  Code  Lc  GUIDRV_Template.o [1]
_DrawHLine               0x800'5051     0x6  Code  Lc  GUIDRV_Template.o [1]
_DrawVLine               0x800'5057     0x6  Code  Lc  GUIDRV_Template.o [1]
_Encode                  0x800'6a41     0x6  Code  Lc  GUI_UC_EncodeNone.o [2]
_EnlargeBlocks           0x800'1b91    0x88  Code  Lc  GUI_Alloc.o [2]
_FillRect                0x800'4ff9    0x58  Code  Lc  GUIDRV_Template.o [1]
_FindNext_IVR            0x800'14dd   0x12e  Code  Lc  WM.o [2]
_Findx0                  0x800'11af    0x70  Code  Lc  WM.o [2]
_Findx1                  0x800'1227    0x5c  Code  Lc  WM.o [2]
_Findy1                  0x800'1107    0x92  Code  Lc  WM.o [2]
_GetCharCode             0x800'6a35     0x4  Code  Lc  GUI_UC_EncodeNone.o [2]
_GetCharSize             0x800'6a39     0x4  Code  Lc  GUI_UC_EncodeNone.o [2]
_GetDevData              0x800'557d     0x4  Code  Lc  GUIDRV_Template.o [1]
_GetDevFunc              0x800'5671    0x32  Code  Lc  GUIDRV_Template.o [1]
_GetDevProp              0x800'5541    0x3c  Code  Lc  GUIDRV_Template.o [1]
_GetDevProp              0x800'2f11    0x1e  Code  Lc  LCD_GetEx.o [2]
_GetIndexMask_0          0x800'675f    0x52  Code  Lc  GUICC_0.o [2]
_GetIndexMask_M565       0x800'6651     0x6  Code  Lc  GUICC_M565.o [2]
_GetMinIndex             0x800'18fd    0x18  Code  Lc  GUI_Alloc.o [2]
_GetPixelIndex           0x800'4fc3    0x10  Code  Lc  GUIDRV_Template.o [1]
_GetRect                 0x800'5581    0x16  Code  Lc  GUIDRV_Template.o [1]
_HL_APIList              0x800'2890     0x8  Data  Lc  GUI_Core.o [2]
_Index2ColorBulk         0x800'6691    0x4c  Code  Lc  GUICC_M565.o [2]
_Index2Color_0           0x800'6741    0x1e  Code  Lc  GUICC_0.o [2]
_Init                    0x800'5629    0x18  Code  Lc  GUIDRV_Template.o [1]
_InitOnce                0x800'5515    0x2a  Code  Lc  GUIDRV_Template.o [1]
_InitOnce                0x800'1c19    0xa2  Code  Lc  GUI_Alloc.o [2]
_Invalidate1Abs          0x800'0e21    0x82  Code  Lc  WM.o [2]
_IsInited               0x2000'c9ad     0x1  Data  Lc  WM.o [2]
_IsInitialized          0x2000'cbe4     0x4  Data  Lc  GUI_Core.o [2]
_Key                    0x2000'0050     0x4  Data  Lc  GUI_OnKey.o [2]
_Log2VisBuffered         0x800'5df9     0x2  Code  Lc  GUI_CharLine.o [2]
_NextDrawWin            0x2000'c9f4     0x4  Data  Lc  WM.o [2]
_NumColors              0x2000'0038     0x4  Data  Lc  LCD_Color.o [2]
_Off                     0x800'5647     0x4  Code  Lc  GUIDRV_Template.o [1]
_On                      0x800'5641     0x6  Code  Lc  GUIDRV_Template.o [1]
_OnExit                  0x800'1b5f    0x32  Code  Lc  GUI_Alloc.o [2]
_OnExit                  0x800'26f5    0x22  Code  Lc  GUI_Core.o [2]
_OnExit                  0x800'17df    0x1c  Code  Lc  WM.o [2]
_OnExit                  0x800'2c15    0x10  Code  Lc  LCD_Color.o [2]
_PushFreeBlock           0x800'1cbb    0x20  Code  Lc  GUI_Alloc.o [2]
_RemoveFreeBlock         0x800'1925    0x32  Code  Lc  GUI_Alloc.o [2]
_RemoveHoles             0x800'19cf    0x94  Code  Lc  GUI_Alloc.o [2]
_SetBkColor              0x800'2221    0x1c  Code  Lc  LCD.o [2]
_SetClipRectUserIntersect
                         0x800'0dd7    0x4a  Code  Lc  WM.o [2]
_SetColor                0x800'223d    0x1c  Code  Lc  LCD.o [2]
_SetColorAPI             0x800'6b44     0xc  Data  Lc  LCD.o [2]
_SetDrawMode             0x800'2259    0x24  Code  Lc  LCD.o [2]
_SetLUTEntry             0x800'5651    0x18  Code  Lc  GUIDRV_Template.o [1]
_SetLineColor            0x800'47df    0x78  Code  Lc  GUI_DrawLine.o [2]
_SetOrg                  0x800'5599    0x18  Code  Lc  GUIDRV_Template.o [1]
_SetPixelIndex           0x800'4fb5     0xe  Code  Lc  GUIDRV_Template.o [1]
_SetSize                 0x800'55f1    0x38  Code  Lc  GUIDRV_Template.o [1]
_SetVRAMAddr             0x800'55b1    0x28  Code  Lc  GUIDRV_Template.o [1]
_SetVSize                0x800'55d9    0x18  Code  Lc  GUIDRV_Template.o [1]
_SwapInt                 0x800'46f9     0xa  Code  Lc  GUI_DrawLine.o [2]
_TestRAM                 0x800'1a63    0xfc  Code  Lc  GUI_Alloc.o [2]
_UnlinkDevice            0x800'28d9    0x2a  Code  Lc  GUI_Device.o [2]
_WriteTagData            0x800'1915    0x10  Code  Lc  GUI_Alloc.o [2]
_XorPixel                0x800'4fd3    0x26  Code  Lc  GUIDRV_Template.o [1]
__NVIC_SetPriority       0x800'4091    0x1a  Code  Lc  stm32f4xx_hal_cortex.o [1]
__aeabi_ldiv0            0x800'4efd          Code  Gb  I64DivZer.o [5]
__aeabi_memclr           0x800'2aad          Code  Gb  ABImemclr.o [5]
__aeabi_memclr4          0x800'37b5          Code  Gb  ABImemclr4.o [5]
__aeabi_memcpy           0x800'2b09          Code  Gb  ABImemcpy.o [5]
__aeabi_memcpy4          0x800'2b29          Code  Gb  ABImemcpy.o [5]
__aeabi_memcpy8          0x800'2b29          Code  Gb  ABImemcpy.o [5]
__aeabi_memmove          0x800'2a15          Code  Gb  ABImemmove.o [5]
__aeabi_memmove4         0x800'2a15          Code  Gb  ABImemmove.o [5]
__aeabi_memmove8         0x800'2a15          Code  Gb  ABImemmove.o [5]
__cmain                  0x800'6abd          Code  Gb  cmain.o [5]
__exit                   0x800'6af1    0x14  Code  Gb  exit.o [6]
__iar_Memset4_word       0x800'389d          Code  Gb  ABImemset48.o [5]
__iar_Memset8_word       0x800'389d          Code  Gb  ABImemset48.o [5]
__iar_Memset_word        0x800'2d95          Code  Gb  ABImemset.o [5]
__iar_data_init3         0x800'6a0d    0x28  Code  Gb  data_init.o [5]
__iar_init_vfp           0x800'6a59          Code  Gb  fpinit_M.o [4]
__iar_packbits_init_single3
                         0x800'6975    0x38  Code  Gb  packbits_init_single.o [5]
__iar_program_start      0x800'6b51          Code  Gb  cstartup_M.o [5]
__iar_small_uldivmod     0x800'4bd1          Code  Gb  I64DivMod_small.o [5]
__iar_zero_init3         0x800'21c3    0x3a  Code  Gb  zero_init3.o [5]
__low_level_init         0x800'6adb     0x4  Code  Gb  low_level_init.o [3]
__vector_table           0x800'0000          Data  Gb  startup_stm32f407xx.o [1]
_aState                 0x2000'ca04    0x58  Data  Lc  GUI_OnKey.o [2]
_aStateLast             0x2000'cb3c    0x18  Data  Lc  WM_Touch.o [2]
_aX                     0x2000'cba4    0x18  Data  Lc  GUI_FillPolygon.o [2]
_atan2                   0x800'475b    0x84  Code  Lc  GUI_DrawLine.o [2]
_call_main               0x800'6ac9          Code  Gb  cmain.o [5]
_exit                    0x800'6ae5          Code  Gb  cexit.o [5]
_main                    0x800'6ad7          Code  Gb  cmain.o [5]
_pFirstExit             0x2000'cc1c     0x4  Data  Lc  GUI_Core.o [2]
_pReadKey               0x2000'0048     0x4  Data  Lc  GUI_OnKey.o [2]
_pWriteKey              0x2000'004c     0x4  Data  Lc  GUI_OnKey.o [2]
_pcbMotion              0x2000'cb74     0x4  Data  Lc  WM_Touch.o [2]
_pcbToolTip             0x2000'cb78     0x4  Data  Lc  WM_Touch.o [2]
_pfColor2IndexBulk      0x2000'cbf8     0x4  Data  Lc  GUICC_M565.o [2]
_pfIndex2ColorBulk      0x2000'cbfc     0x4  Data  Lc  GUICC_M565.o [2]
_pfSignalEvent          0x2000'cc20     0x4  Data  Lc  GUI_WaitEvent.o [2]
aSin                     0x800'4b88    0x24  Data  Lc  GUI_DrawLine.o [2]
aTan                     0x800'4bac    0x24  Data  Gb  GUI_DrawLine.o [2]
acFont8x16               0x800'0188   0xa30  Data  Lc  F8x16.o [2]
cbBackWin                0x800'1745    0x4a  Code  Lc  WM.o [2]
drawCoordiantes          0x800'3b95    0x7e  Code  Gb  GUI_Frame.o [1]
emWin_LCD_Init           0x800'25e9    0x8c  Code  Gb  LCD.o [2]
exit                     0x800'6adf     0x4  Code  Gb  exit.o [3]
hcan1                   0x2000'cb7c    0x28  Data  Gb  can.o [1]
hcrc                    0x2000'cbf0     0x8  Data  Gb  crc.o [1]
hsram1                  0x2000'ca5c    0x50  Data  Gb  fsmc.o [1]
huart1                  0x2000'cafc    0x40  Data  Gb  usart.o [1]
lcddev                  0x2000'0000    0x10  Data  Gb  ILI93xx.o [1]
main                     0x800'37bd    0x3e  Code  Gb  main.o [1]
time_1ms_cnt            0x2000'cc10     0x4  Data  Gb  main.o [1]
time_1s_cnt             0x2000'cc0c     0x4  Data  Gb  main.o [1]
uwTick                  0x2000'0018     0x4  Data  Gb  stm32f4xx_hal.o [1]
uwTickFreq              0x2000'0014     0x1  Data  Gb  stm32f4xx_hal.o [1]
uwTickPrio              0x2000'001c     0x4  Data  Gb  stm32f4xx_hal.o [1]


[1] = D:\Users\zohycao\Documents\BUPT\RobotTeam\Project\DisplayLCD\EWARM\DisplayLCD\Obj
[2] = STemWin522_CM4_IAR.a
[3] = dl7M_tlf.a
[4] = m7M_tls.a
[5] = rt7M_tl.a
[6] = shb_l.a

  22 106 bytes of readonly  code memory
   5 748 bytes of readonly  data memory
  53 804 bytes of readwrite data memory

Errors: none
Warnings: 1
